C51 COMPILER V9.60.7.0   BEEP                                                              10/14/2024 16:17:30 PAGE 1   


C51 COMPILER V9.60.7.0, COMPILATION OF MODULE BEEP
OBJECT MODULE PLACED IN .\Objects\beep.obj
COMPILER INVOKED BY: C:\Keil_v5\C51\BIN\C51.EXE Apps\beep.c OPTIMIZE(8,SPEED) BROWSE INCDIR(.\Utils;.\Apps) DEBUG OBJECT
                    -EXTEND PRINT(.\Listings\beep.lst) OBJECT(.\Objects\beep.obj)

line level    source

   1          #include "reg52.h"
   2          #include "beep.h"
   3          
   4          sbit BEEP = P2 ^ 5;
   5          
   6          static void _BEEP_Pulse500();
   7          
   8          void BEEP_Init() {}
   9          
  10          // 蜂鸣器响多少秒
  11          void BEEP_On(u8 u8seconds) {
  12   1              u16 cnt = FEQUENCY_S * u8seconds / 1.8; // 脉冲一定秒数 需要脉冲的次数
  13   1      
  14   1          while(cnt--)
  15   1              _BEEP_Pulse500();
  16   1      }
  17          
  18          // 设置蜂鸣器 500us为一次脉冲, 占空比50%, 即 高250us, 低250us
  19          // 约 2000次脉冲/s
  20          static void _BEEP_Pulse500() {
  21   1              BEEP = 0;
  22   1              delayN10Us(25);
  23   1              BEEP = 1;
  24   1              delayN10Us(25);
  25   1      }
  26          


MODULE INFORMATION:   STATIC OVERLAYABLE
   CODE SIZE        =     73    ----
   CONSTANT SIZE    =   ----    ----
   XDATA SIZE       =   ----    ----
   PDATA SIZE       =   ----    ----
   DATA SIZE        =   ----       2
   IDATA SIZE       =   ----    ----
   BIT SIZE         =   ----    ----
END OF MODULE INFORMATION.


C51 COMPILATION COMPLETE.  0 WARNING(S),  0 ERROR(S)
