Component: ARM Compiler 5.06 update 7 (build 960) Tool: armlink [4d3601]

==============================================================================

Section Cross References

    ds18b20.o(i.DS18B20_init) refers to one_write.o(i.OW_init) for OW_init
    ds18b20.o(i.DS18B20_readTemperature) refers to one_write.o(i.OW_reset) for OW_reset
    ds18b20.o(i.DS18B20_readTemperature) refers to one_write.o(i.OW_writeByte) for OW_writeByte
    ds18b20.o(i.DS18B20_readTemperature) refers to utils.o(i.delayMs) for delayMs
    ds18b20.o(i.DS18B20_readTemperature) refers to one_write.o(i.OW_readByte) for OW_readByte
    one_write.o(i.OW_init) refers to stm32f10x_rcc.o(i.RCC_APB2PeriphClockCmd) for RCC_APB2PeriphClockCmd
    one_write.o(i.OW_init) refers to stm32f10x_gpio.o(i.GPIO_Init) for GPIO_Init
    one_write.o(i.OW_readByte) refers to one_write.o(i._readBit) for _readBit
    one_write.o(i.OW_reset) refers to one_write.o(i._OW_output) for _OW_output
    one_write.o(i.OW_reset) refers to utils.o(i.delayUs) for delayUs
    one_write.o(i.OW_reset) refers to one_write.o(i._OW_input) for _OW_input
    one_write.o(i.OW_writeByte) refers to one_write.o(i._OW_output) for _OW_output
    one_write.o(i.OW_writeByte) refers to utils.o(i.delayUs) for delayUs
    one_write.o(i._OW_input) refers to stm32f10x_gpio.o(i.GPIO_Init) for GPIO_Init
    one_write.o(i._OW_output) refers to stm32f10x_gpio.o(i.GPIO_Init) for GPIO_Init
    one_write.o(i._readBit) refers to one_write.o(i._OW_output) for _OW_output
    one_write.o(i._readBit) refers to one_write.o(i._OW_input) for _OW_input
    one_write.o(i._readBit) refers to utils.o(i.delayUs) for delayUs
    smg.o(i.SMG_display) refers to smg.o(i.SMG_writeByte) for SMG_writeByte
    smg.o(i.SMG_display) refers to utils.o(i.delayMs) for delayMs
    smg.o(i.SMG_display) refers to smg.o(.data) for smgFuncs
    smg.o(i.SMG_init) refers to stm32f10x_rcc.o(i.RCC_APB2PeriphClockCmd) for RCC_APB2PeriphClockCmd
    smg.o(i.SMG_init) refers to stm32f10x_gpio.o(i.GPIO_PinRemapConfig) for GPIO_PinRemapConfig
    smg.o(i.SMG_init) refers to stm32f10x_gpio.o(i.GPIO_Init) for GPIO_Init
    smg.o(i.SMG_writeByte) refers to stm32f10x_gpio.o(i.GPIO_ReadOutputData) for GPIO_ReadOutputData
    smg.o(i.SMG_writeByte) refers to stm32f10x_gpio.o(i.GPIO_Write) for GPIO_Write
    smg.o(.data) refers to smg.o(i.SMG1) for SMG1
    smg.o(.data) refers to smg.o(i.SMG2) for SMG2
    smg.o(.data) refers to smg.o(i.SMG3) for SMG3
    smg.o(.data) refers to smg.o(i.SMG4) for SMG4
    smg.o(.data) refers to smg.o(i.SMG5) for SMG5
    smg.o(.data) refers to smg.o(i.SMG6) for SMG6
    smg.o(.data) refers to smg.o(i.SMG7) for SMG7
    smg.o(.data) refers to smg.o(i.SMG8) for SMG8
    main.o(i.main) refers to utils.o(i.SysTick_init) for SysTick_init
    main.o(i.main) refers to ds18b20.o(i.DS18B20_init) for DS18B20_init
    main.o(i.main) refers to smg.o(i.SMG_init) for SMG_init
    main.o(i.main) refers to ds18b20.o(i.DS18B20_readTemperature) for DS18B20_readTemperature
    main.o(i.main) refers to dfltui.o(.text) for __aeabi_ui2d
    main.o(i.main) refers to dmul.o(.text) for __aeabi_dmul
    main.o(i.main) refers to d2f.o(.text) for __aeabi_d2f
    main.o(i.main) refers to main.o(i.temperatureDisplay) for temperatureDisplay
    main.o(i.temperatureDisplay) refers to fmul.o(.text) for __aeabi_fmul
    main.o(i.temperatureDisplay) refers to ffixui.o(.text) for __aeabi_f2uiz
    main.o(i.temperatureDisplay) refers to smg.o(i.SMG_writeByte) for SMG_writeByte
    main.o(i.temperatureDisplay) refers to utils.o(i.delayMs) for delayMs
    main.o(i.temperatureDisplay) refers to smg.o(.data) for smgFuncs
    utils.o(i.SysTick_init) refers to misc.o(i.SysTick_CLKSourceConfig) for SysTick_CLKSourceConfig
    utils.o(i.SysTick_init) refers to utils.o(.data) for facUs
    utils.o(i.delayMs) refers to utils.o(.data) for facMs
    utils.o(i.delayUs) refers to utils.o(.data) for facUs
    system_stm32f10x.o(i.SetSysClock) refers to system_stm32f10x.o(i.SetSysClockTo72) for SetSysClockTo72
    system_stm32f10x.o(i.SystemCoreClockUpdate) refers to system_stm32f10x.o(.data) for SystemCoreClock
    system_stm32f10x.o(i.SystemInit) refers to system_stm32f10x.o(i.SetSysClock) for SetSysClock
    startup_stm32f10x_md.o(RESET) refers to startup_stm32f10x_md.o(STACK) for __initial_sp
    startup_stm32f10x_md.o(RESET) refers to startup_stm32f10x_md.o(.text) for Reset_Handler
    startup_stm32f10x_md.o(RESET) refers to stm32f10x_it.o(i.NMI_Handler) for NMI_Handler
    startup_stm32f10x_md.o(RESET) refers to stm32f10x_it.o(i.HardFault_Handler) for HardFault_Handler
    startup_stm32f10x_md.o(RESET) refers to stm32f10x_it.o(i.MemManage_Handler) for MemManage_Handler
    startup_stm32f10x_md.o(RESET) refers to stm32f10x_it.o(i.BusFault_Handler) for BusFault_Handler
    startup_stm32f10x_md.o(RESET) refers to stm32f10x_it.o(i.UsageFault_Handler) for UsageFault_Handler
    startup_stm32f10x_md.o(RESET) refers to stm32f10x_it.o(i.SVC_Handler) for SVC_Handler
    startup_stm32f10x_md.o(RESET) refers to stm32f10x_it.o(i.DebugMon_Handler) for DebugMon_Handler
    startup_stm32f10x_md.o(RESET) refers to stm32f10x_it.o(i.PendSV_Handler) for PendSV_Handler
    startup_stm32f10x_md.o(RESET) refers to stm32f10x_it.o(i.SysTick_Handler) for SysTick_Handler
    startup_stm32f10x_md.o(.text) refers to system_stm32f10x.o(i.SystemInit) for SystemInit
    startup_stm32f10x_md.o(.text) refers to entry.o(.ARM.Collect$$$$00000000) for __main
    stm32f10x_gpio.o(i.GPIO_AFIODeInit) refers to stm32f10x_rcc.o(i.RCC_APB2PeriphResetCmd) for RCC_APB2PeriphResetCmd
    stm32f10x_gpio.o(i.GPIO_DeInit) refers to stm32f10x_rcc.o(i.RCC_APB2PeriphResetCmd) for RCC_APB2PeriphResetCmd
    stm32f10x_rcc.o(i.RCC_GetClocksFreq) refers to stm32f10x_rcc.o(.data) for APBAHBPrescTable
    stm32f10x_rcc.o(i.RCC_WaitForHSEStartUp) refers to stm32f10x_rcc.o(i.RCC_GetFlagStatus) for RCC_GetFlagStatus
    entry.o(.ARM.Collect$$$$00000000) refers (Special) to entry10a.o(.ARM.Collect$$$$0000000F) for __rt_final_cpp
    entry.o(.ARM.Collect$$$$00000000) refers (Special) to entry11a.o(.ARM.Collect$$$$00000011) for __rt_final_exit
    entry.o(.ARM.Collect$$$$00000000) refers (Special) to entry12b.o(.ARM.Collect$$$$0000000E) for __rt_lib_shutdown_fini
    entry.o(.ARM.Collect$$$$00000000) refers (Special) to entry7b.o(.ARM.Collect$$$$00000008) for _main_clock
    entry.o(.ARM.Collect$$$$00000000) refers (Special) to entry8b.o(.ARM.Collect$$$$0000000A) for _main_cpp_init
    entry.o(.ARM.Collect$$$$00000000) refers (Special) to entry9a.o(.ARM.Collect$$$$0000000B) for _main_init
    entry.o(.ARM.Collect$$$$00000000) refers (Special) to entry5.o(.ARM.Collect$$$$00000004) for _main_scatterload
    entry.o(.ARM.Collect$$$$00000000) refers (Special) to entry2.o(.ARM.Collect$$$$00000001) for _main_stk
    fmul.o(.text) refers (Special) to iusefp.o(.text) for __I$use$fp
    dmul.o(.text) refers (Special) to iusefp.o(.text) for __I$use$fp
    dmul.o(.text) refers to depilogue.o(.text) for _double_epilogue
    dfltui.o(.text) refers (Special) to iusefp.o(.text) for __I$use$fp
    dfltui.o(.text) refers to depilogue.o(.text) for _double_epilogue
    ffixui.o(.text) refers (Special) to iusefp.o(.text) for __I$use$fp
    d2f.o(.text) refers (Special) to iusefp.o(.text) for __I$use$fp
    d2f.o(.text) refers to fepilogue.o(.text) for _float_round
    entry2.o(.ARM.Collect$$$$00000001) refers to entry2.o(.ARM.Collect$$$$00002712) for __lit__00000000
    entry2.o(.ARM.Collect$$$$00002712) refers to startup_stm32f10x_md.o(STACK) for __initial_sp
    entry2.o(__vectab_stack_and_reset_area) refers to startup_stm32f10x_md.o(STACK) for __initial_sp
    entry2.o(__vectab_stack_and_reset_area) refers to entry.o(.ARM.Collect$$$$00000000) for __main
    entry5.o(.ARM.Collect$$$$00000004) refers to init.o(.text) for __scatterload
    entry9a.o(.ARM.Collect$$$$0000000B) refers to main.o(i.main) for main
    entry9b.o(.ARM.Collect$$$$0000000C) refers to main.o(i.main) for main
    depilogue.o(.text) refers to llshl.o(.text) for __aeabi_llsl
    depilogue.o(.text) refers to llushr.o(.text) for __aeabi_llsr
    init.o(.text) refers to entry5.o(.ARM.Collect$$$$00000004) for __main_after_scatterload


==============================================================================

Removing Unused input sections from the image.

    Removing smg.o(i.SMG_display), (68 bytes).
    Removing core_cm3.o(.emb_text), (32 bytes).
    Removing system_stm32f10x.o(i.SystemCoreClockUpdate), (164 bytes).
    Removing system_stm32f10x.o(.data), (20 bytes).
    Removing misc.o(i.NVIC_Init), (112 bytes).
    Removing misc.o(i.NVIC_PriorityGroupConfig), (20 bytes).
    Removing misc.o(i.NVIC_SetVectorTable), (20 bytes).
    Removing misc.o(i.NVIC_SystemLPConfig), (32 bytes).
    Removing startup_stm32f10x_md.o(HEAP), (512 bytes).
    Removing stm32f10x_gpio.o(i.GPIO_AFIODeInit), (20 bytes).
    Removing stm32f10x_gpio.o(i.GPIO_DeInit), (200 bytes).
    Removing stm32f10x_gpio.o(i.GPIO_ETH_MediaInterfaceConfig), (12 bytes).
    Removing stm32f10x_gpio.o(i.GPIO_EXTILineConfig), (64 bytes).
    Removing stm32f10x_gpio.o(i.GPIO_EventOutputCmd), (12 bytes).
    Removing stm32f10x_gpio.o(i.GPIO_EventOutputConfig), (32 bytes).
    Removing stm32f10x_gpio.o(i.GPIO_PinLockConfig), (18 bytes).
    Removing stm32f10x_gpio.o(i.GPIO_ReadInputData), (8 bytes).
    Removing stm32f10x_gpio.o(i.GPIO_ReadInputDataBit), (18 bytes).
    Removing stm32f10x_gpio.o(i.GPIO_ReadOutputDataBit), (18 bytes).
    Removing stm32f10x_gpio.o(i.GPIO_ResetBits), (4 bytes).
    Removing stm32f10x_gpio.o(i.GPIO_SetBits), (4 bytes).
    Removing stm32f10x_gpio.o(i.GPIO_StructInit), (16 bytes).
    Removing stm32f10x_gpio.o(i.GPIO_WriteBit), (10 bytes).
    Removing stm32f10x_rcc.o(i.RCC_ADCCLKConfig), (24 bytes).
    Removing stm32f10x_rcc.o(i.RCC_AHBPeriphClockCmd), (32 bytes).
    Removing stm32f10x_rcc.o(i.RCC_APB1PeriphClockCmd), (32 bytes).
    Removing stm32f10x_rcc.o(i.RCC_APB1PeriphResetCmd), (32 bytes).
    Removing stm32f10x_rcc.o(i.RCC_APB2PeriphResetCmd), (32 bytes).
    Removing stm32f10x_rcc.o(i.RCC_AdjustHSICalibrationValue), (24 bytes).
    Removing stm32f10x_rcc.o(i.RCC_BackupResetCmd), (12 bytes).
    Removing stm32f10x_rcc.o(i.RCC_ClearFlag), (20 bytes).
    Removing stm32f10x_rcc.o(i.RCC_ClearITPendingBit), (12 bytes).
    Removing stm32f10x_rcc.o(i.RCC_ClockSecuritySystemCmd), (12 bytes).
    Removing stm32f10x_rcc.o(i.RCC_DeInit), (76 bytes).
    Removing stm32f10x_rcc.o(i.RCC_GetClocksFreq), (212 bytes).
    Removing stm32f10x_rcc.o(i.RCC_GetFlagStatus), (60 bytes).
    Removing stm32f10x_rcc.o(i.RCC_GetITStatus), (24 bytes).
    Removing stm32f10x_rcc.o(i.RCC_GetSYSCLKSource), (16 bytes).
    Removing stm32f10x_rcc.o(i.RCC_HCLKConfig), (24 bytes).
    Removing stm32f10x_rcc.o(i.RCC_HSEConfig), (76 bytes).
    Removing stm32f10x_rcc.o(i.RCC_HSICmd), (12 bytes).
    Removing stm32f10x_rcc.o(i.RCC_ITConfig), (32 bytes).
    Removing stm32f10x_rcc.o(i.RCC_LSEConfig), (52 bytes).
    Removing stm32f10x_rcc.o(i.RCC_LSICmd), (12 bytes).
    Removing stm32f10x_rcc.o(i.RCC_MCOConfig), (12 bytes).
    Removing stm32f10x_rcc.o(i.RCC_PCLK1Config), (24 bytes).
    Removing stm32f10x_rcc.o(i.RCC_PCLK2Config), (24 bytes).
    Removing stm32f10x_rcc.o(i.RCC_PLLCmd), (12 bytes).
    Removing stm32f10x_rcc.o(i.RCC_PLLConfig), (28 bytes).
    Removing stm32f10x_rcc.o(i.RCC_RTCCLKCmd), (12 bytes).
    Removing stm32f10x_rcc.o(i.RCC_RTCCLKConfig), (16 bytes).
    Removing stm32f10x_rcc.o(i.RCC_SYSCLKConfig), (24 bytes).
    Removing stm32f10x_rcc.o(i.RCC_USBCLKConfig), (12 bytes).
    Removing stm32f10x_rcc.o(i.RCC_WaitForHSEStartUp), (56 bytes).
    Removing stm32f10x_rcc.o(.data), (20 bytes).

55 unused section(s) (total 2484 bytes) removed from the image.

==============================================================================

Image Symbol Table

    Local Symbols

    Symbol Name                              Value     Ov Type        Size  Object(Section)

    ../clib/microlib/init/entry.s            0x00000000   Number         0  entry2.o ABSOLUTE
    ../clib/microlib/init/entry.s            0x00000000   Number         0  entry11a.o ABSOLUTE
    ../clib/microlib/init/entry.s            0x00000000   Number         0  entry10b.o ABSOLUTE
    ../clib/microlib/init/entry.s            0x00000000   Number         0  entry8b.o ABSOLUTE
    ../clib/microlib/init/entry.s            0x00000000   Number         0  entry10a.o ABSOLUTE
    ../clib/microlib/init/entry.s            0x00000000   Number         0  entry9b.o ABSOLUTE
    ../clib/microlib/init/entry.s            0x00000000   Number         0  entry5.o ABSOLUTE
    ../clib/microlib/init/entry.s            0x00000000   Number         0  entry7a.o ABSOLUTE
    ../clib/microlib/init/entry.s            0x00000000   Number         0  entry9a.o ABSOLUTE
    ../clib/microlib/init/entry.s            0x00000000   Number         0  entry7b.o ABSOLUTE
    ../clib/microlib/init/entry.s            0x00000000   Number         0  entry8a.o ABSOLUTE
    ../clib/microlib/init/entry.s            0x00000000   Number         0  entry12b.o ABSOLUTE
    ../clib/microlib/init/entry.s            0x00000000   Number         0  entry.o ABSOLUTE
    ../clib/microlib/init/entry.s            0x00000000   Number         0  entry12a.o ABSOLUTE
    ../clib/microlib/init/entry.s            0x00000000   Number         0  entry11b.o ABSOLUTE
    ../clib/microlib/longlong.c              0x00000000   Number         0  llushr.o ABSOLUTE
    ../clib/microlib/longlong.c              0x00000000   Number         0  llshl.o ABSOLUTE
    ../clib/microlib/stubs.s                 0x00000000   Number         0  iusefp.o ABSOLUTE
    ../fplib/microlib/d2f.c                  0x00000000   Number         0  d2f.o ABSOLUTE
    ../fplib/microlib/fpepilogue.c           0x00000000   Number         0  depilogue.o ABSOLUTE
    ../fplib/microlib/fpepilogue.c           0x00000000   Number         0  fepilogue.o ABSOLUTE
    ../fplib/microlib/fpfix.c                0x00000000   Number         0  ffixui.o ABSOLUTE
    ../fplib/microlib/fpflt.c                0x00000000   Number         0  dfltui.o ABSOLUTE
    ../fplib/microlib/fpmul.c                0x00000000   Number         0  fmul.o ABSOLUTE
    ../fplib/microlib/fpmul.c                0x00000000   Number         0  dmul.o ABSOLUTE
    Apps\ds18b20.c                           0x00000000   Number         0  ds18b20.o ABSOLUTE
    Apps\one_write.c                         0x00000000   Number         0  one_write.o ABSOLUTE
    Apps\smg.c                               0x00000000   Number         0  smg.o ABSOLUTE
    Libraries\CMSIS\core_cm3.c               0x00000000   Number         0  core_cm3.o ABSOLUTE
    Libraries\CMSIS\startup_stm32f10x_md.s   0x00000000   Number         0  startup_stm32f10x_md.o ABSOLUTE
    Libraries\STM32F10x_StdPeriph_Driver\src\misc.c 0x00000000   Number         0  misc.o ABSOLUTE
    Libraries\STM32F10x_StdPeriph_Driver\src\stm32f10x_gpio.c 0x00000000   Number         0  stm32f10x_gpio.o ABSOLUTE
    Libraries\STM32F10x_StdPeriph_Driver\src\stm32f10x_rcc.c 0x00000000   Number         0  stm32f10x_rcc.o ABSOLUTE
    Libraries\\CMSIS\\core_cm3.c             0x00000000   Number         0  core_cm3.o ABSOLUTE
    Users\main.c                             0x00000000   Number         0  main.o ABSOLUTE
    Users\stm32f10x_it.c                     0x00000000   Number         0  stm32f10x_it.o ABSOLUTE
    Users\system_stm32f10x.c                 0x00000000   Number         0  system_stm32f10x.o ABSOLUTE
    Utils\utils.c                            0x00000000   Number         0  utils.o ABSOLUTE
    dc.s                                     0x00000000   Number         0  dc.o ABSOLUTE
    handlers.s                               0x00000000   Number         0  handlers.o ABSOLUTE
    init.s                                   0x00000000   Number         0  init.o ABSOLUTE
    RESET                                    0x08000000   Section      236  startup_stm32f10x_md.o(RESET)
    .ARM.Collect$$$$00000000                 0x080000ec   Section        0  entry.o(.ARM.Collect$$$$00000000)
    .ARM.Collect$$$$00000001                 0x080000ec   Section        4  entry2.o(.ARM.Collect$$$$00000001)
    .ARM.Collect$$$$00000004                 0x080000f0   Section        4  entry5.o(.ARM.Collect$$$$00000004)
    .ARM.Collect$$$$00000008                 0x080000f4   Section        0  entry7b.o(.ARM.Collect$$$$00000008)
    .ARM.Collect$$$$0000000A                 0x080000f4   Section        0  entry8b.o(.ARM.Collect$$$$0000000A)
    .ARM.Collect$$$$0000000B                 0x080000f4   Section        8  entry9a.o(.ARM.Collect$$$$0000000B)
    .ARM.Collect$$$$0000000E                 0x080000fc   Section        4  entry12b.o(.ARM.Collect$$$$0000000E)
    .ARM.Collect$$$$0000000F                 0x08000100   Section        0  entry10a.o(.ARM.Collect$$$$0000000F)
    .ARM.Collect$$$$00000011                 0x08000100   Section        0  entry11a.o(.ARM.Collect$$$$00000011)
    .ARM.Collect$$$$00002712                 0x08000100   Section        4  entry2.o(.ARM.Collect$$$$00002712)
    __lit__00000000                          0x08000100   Data           4  entry2.o(.ARM.Collect$$$$00002712)
    .text                                    0x08000104   Section       36  startup_stm32f10x_md.o(.text)
    .text                                    0x08000128   Section        0  fmul.o(.text)
    .text                                    0x0800018c   Section        0  dmul.o(.text)
    .text                                    0x08000270   Section        0  dfltui.o(.text)
    .text                                    0x0800028a   Section        0  ffixui.o(.text)
    .text                                    0x080002b2   Section        0  d2f.o(.text)
    .text                                    0x080002ea   Section        0  fepilogue.o(.text)
    .text                                    0x080002ea   Section        0  iusefp.o(.text)
    .text                                    0x08000358   Section        0  depilogue.o(.text)
    .text                                    0x08000414   Section       36  init.o(.text)
    .text                                    0x08000438   Section        0  llshl.o(.text)
    .text                                    0x08000456   Section        0  llushr.o(.text)
    i.BusFault_Handler                       0x08000476   Section        0  stm32f10x_it.o(i.BusFault_Handler)
    i.DS18B20_init                           0x0800047a   Section        0  ds18b20.o(i.DS18B20_init)
    i.DS18B20_readTemperature                0x08000482   Section        0  ds18b20.o(i.DS18B20_readTemperature)
    i.DebugMon_Handler                       0x080004c4   Section        0  stm32f10x_it.o(i.DebugMon_Handler)
    i.GPIO_Init                              0x080004c6   Section        0  stm32f10x_gpio.o(i.GPIO_Init)
    i.GPIO_PinRemapConfig                    0x080005dc   Section        0  stm32f10x_gpio.o(i.GPIO_PinRemapConfig)
    i.GPIO_ReadOutputData                    0x0800066c   Section        0  stm32f10x_gpio.o(i.GPIO_ReadOutputData)
    i.GPIO_Write                             0x08000674   Section        0  stm32f10x_gpio.o(i.GPIO_Write)
    i.HardFault_Handler                      0x08000678   Section        0  stm32f10x_it.o(i.HardFault_Handler)
    i.MemManage_Handler                      0x0800067c   Section        0  stm32f10x_it.o(i.MemManage_Handler)
    i.NMI_Handler                            0x08000680   Section        0  stm32f10x_it.o(i.NMI_Handler)
    i.OW_init                                0x08000684   Section        0  one_write.o(i.OW_init)
    i.OW_readByte                            0x080006bc   Section        0  one_write.o(i.OW_readByte)
    i.OW_reset                               0x080006e4   Section        0  one_write.o(i.OW_reset)
    i.OW_writeByte                           0x08000758   Section        0  one_write.o(i.OW_writeByte)
    i.PendSV_Handler                         0x080007b0   Section        0  stm32f10x_it.o(i.PendSV_Handler)
    i.RCC_APB2PeriphClockCmd                 0x080007b4   Section        0  stm32f10x_rcc.o(i.RCC_APB2PeriphClockCmd)
    i.SMG1                                   0x080007d4   Section        0  smg.o(i.SMG1)
    i.SMG2                                   0x080007f0   Section        0  smg.o(i.SMG2)
    i.SMG3                                   0x08000810   Section        0  smg.o(i.SMG3)
    i.SMG4                                   0x08000830   Section        0  smg.o(i.SMG4)
    i.SMG5                                   0x08000850   Section        0  smg.o(i.SMG5)
    i.SMG6                                   0x08000870   Section        0  smg.o(i.SMG6)
    i.SMG7                                   0x08000890   Section        0  smg.o(i.SMG7)
    i.SMG8                                   0x080008b0   Section        0  smg.o(i.SMG8)
    i.SMG_init                               0x080008cc   Section        0  smg.o(i.SMG_init)
    i.SMG_writeByte                          0x08000930   Section        0  smg.o(i.SMG_writeByte)
    i.SVC_Handler                            0x08000960   Section        0  stm32f10x_it.o(i.SVC_Handler)
    i.SetSysClock                            0x08000962   Section        0  system_stm32f10x.o(i.SetSysClock)
    SetSysClock                              0x08000963   Thumb Code     8  system_stm32f10x.o(i.SetSysClock)
    i.SetSysClockTo72                        0x0800096c   Section        0  system_stm32f10x.o(i.SetSysClockTo72)
    SetSysClockTo72                          0x0800096d   Thumb Code   214  system_stm32f10x.o(i.SetSysClockTo72)
    i.SysTick_CLKSourceConfig                0x08000a4c   Section        0  misc.o(i.SysTick_CLKSourceConfig)
    i.SysTick_Handler                        0x08000a74   Section        0  stm32f10x_it.o(i.SysTick_Handler)
    i.SysTick_init                           0x08000a78   Section        0  utils.o(i.SysTick_init)
    i.SystemInit                             0x08000ab4   Section        0  system_stm32f10x.o(i.SystemInit)
    i.UsageFault_Handler                     0x08000b14   Section        0  stm32f10x_it.o(i.UsageFault_Handler)
    i._OW_input                              0x08000b18   Section        0  one_write.o(i._OW_input)
    _OW_input                                0x08000b19   Thumb Code    32  one_write.o(i._OW_input)
    i._OW_output                             0x08000b3c   Section        0  one_write.o(i._OW_output)
    _OW_output                               0x08000b3d   Thumb Code    32  one_write.o(i._OW_output)
    i.__scatterload_copy                     0x08000b60   Section       14  handlers.o(i.__scatterload_copy)
    i.__scatterload_null                     0x08000b6e   Section        2  handlers.o(i.__scatterload_null)
    i.__scatterload_zeroinit                 0x08000b70   Section       14  handlers.o(i.__scatterload_zeroinit)
    i._readBit                               0x08000b80   Section        0  one_write.o(i._readBit)
    _readBit                                 0x08000b81   Thumb Code    58  one_write.o(i._readBit)
    i.delayMs                                0x08000bc4   Section        0  utils.o(i.delayMs)
    i.delayUs                                0x08000c18   Section        0  utils.o(i.delayUs)
    i.main                                   0x08000c64   Section        0  main.o(i.main)
    i.temperatureDisplay                     0x08000cc8   Section        0  main.o(i.temperatureDisplay)
    .data                                    0x20000000   Section       50  smg.o(.data)
    .data                                    0x20000032   Section        4  utils.o(.data)
    facUs                                    0x20000032   Data           1  utils.o(.data)
    facMs                                    0x20000034   Data           2  utils.o(.data)
    STACK                                    0x20000038   Section     1024  startup_stm32f10x_md.o(STACK)

    Global Symbols

    Symbol Name                              Value     Ov Type        Size  Object(Section)

    BuildAttributes$$THM_ISAv4$P$D$K$B$S$PE$A:L22UL41UL21$X:L11$S22US41US21$IEEE1$IW$USESV6$~STKCKD$USESV7$~SHL$OTIME$ROPI$EBA8$MICROLIB$REQ8$PRES8$EABIv2 0x00000000   Number         0  anon$$obj.o ABSOLUTE
    __ARM_use_no_argv                        0x00000000   Number         0  main.o ABSOLUTE
    __arm_fini_                               - Undefined Weak Reference
    __cpp_initialize__aeabi_                  - Undefined Weak Reference
    __cxa_finalize                            - Undefined Weak Reference
    __decompress                              - Undefined Weak Reference
    _clock_init                               - Undefined Weak Reference
    _microlib_exit                            - Undefined Weak Reference
    __Vectors_Size                           0x000000ec   Number         0  startup_stm32f10x_md.o ABSOLUTE
    __Vectors                                0x08000000   Data           4  startup_stm32f10x_md.o(RESET)
    __Vectors_End                            0x080000ec   Data           0  startup_stm32f10x_md.o(RESET)
    __main                                   0x080000ed   Thumb Code     0  entry.o(.ARM.Collect$$$$00000000)
    _main_stk                                0x080000ed   Thumb Code     0  entry2.o(.ARM.Collect$$$$00000001)
    _main_scatterload                        0x080000f1   Thumb Code     0  entry5.o(.ARM.Collect$$$$00000004)
    __main_after_scatterload                 0x080000f5   Thumb Code     0  entry5.o(.ARM.Collect$$$$00000004)
    _main_clock                              0x080000f5   Thumb Code     0  entry7b.o(.ARM.Collect$$$$00000008)
    _main_cpp_init                           0x080000f5   Thumb Code     0  entry8b.o(.ARM.Collect$$$$0000000A)
    _main_init                               0x080000f5   Thumb Code     0  entry9a.o(.ARM.Collect$$$$0000000B)
    __rt_lib_shutdown_fini                   0x080000fd   Thumb Code     0  entry12b.o(.ARM.Collect$$$$0000000E)
    __rt_final_cpp                           0x08000101   Thumb Code     0  entry10a.o(.ARM.Collect$$$$0000000F)
    __rt_final_exit                          0x08000101   Thumb Code     0  entry11a.o(.ARM.Collect$$$$00000011)
    Reset_Handler                            0x08000105   Thumb Code     8  startup_stm32f10x_md.o(.text)
    ADC1_2_IRQHandler                        0x0800011f   Thumb Code     0  startup_stm32f10x_md.o(.text)
    CAN1_RX1_IRQHandler                      0x0800011f   Thumb Code     0  startup_stm32f10x_md.o(.text)
    CAN1_SCE_IRQHandler                      0x0800011f   Thumb Code     0  startup_stm32f10x_md.o(.text)
    DMA1_Channel1_IRQHandler                 0x0800011f   Thumb Code     0  startup_stm32f10x_md.o(.text)
    DMA1_Channel2_IRQHandler                 0x0800011f   Thumb Code     0  startup_stm32f10x_md.o(.text)
    DMA1_Channel3_IRQHandler                 0x0800011f   Thumb Code     0  startup_stm32f10x_md.o(.text)
    DMA1_Channel4_IRQHandler                 0x0800011f   Thumb Code     0  startup_stm32f10x_md.o(.text)
    DMA1_Channel5_IRQHandler                 0x0800011f   Thumb Code     0  startup_stm32f10x_md.o(.text)
    DMA1_Channel6_IRQHandler                 0x0800011f   Thumb Code     0  startup_stm32f10x_md.o(.text)
    DMA1_Channel7_IRQHandler                 0x0800011f   Thumb Code     0  startup_stm32f10x_md.o(.text)
    EXTI0_IRQHandler                         0x0800011f   Thumb Code     0  startup_stm32f10x_md.o(.text)
    EXTI15_10_IRQHandler                     0x0800011f   Thumb Code     0  startup_stm32f10x_md.o(.text)
    EXTI1_IRQHandler                         0x0800011f   Thumb Code     0  startup_stm32f10x_md.o(.text)
    EXTI2_IRQHandler                         0x0800011f   Thumb Code     0  startup_stm32f10x_md.o(.text)
    EXTI3_IRQHandler                         0x0800011f   Thumb Code     0  startup_stm32f10x_md.o(.text)
    EXTI4_IRQHandler                         0x0800011f   Thumb Code     0  startup_stm32f10x_md.o(.text)
    EXTI9_5_IRQHandler                       0x0800011f   Thumb Code     0  startup_stm32f10x_md.o(.text)
    FLASH_IRQHandler                         0x0800011f   Thumb Code     0  startup_stm32f10x_md.o(.text)
    I2C1_ER_IRQHandler                       0x0800011f   Thumb Code     0  startup_stm32f10x_md.o(.text)
    I2C1_EV_IRQHandler                       0x0800011f   Thumb Code     0  startup_stm32f10x_md.o(.text)
    I2C2_ER_IRQHandler                       0x0800011f   Thumb Code     0  startup_stm32f10x_md.o(.text)
    I2C2_EV_IRQHandler                       0x0800011f   Thumb Code     0  startup_stm32f10x_md.o(.text)
    PVD_IRQHandler                           0x0800011f   Thumb Code     0  startup_stm32f10x_md.o(.text)
    RCC_IRQHandler                           0x0800011f   Thumb Code     0  startup_stm32f10x_md.o(.text)
    RTCAlarm_IRQHandler                      0x0800011f   Thumb Code     0  startup_stm32f10x_md.o(.text)
    RTC_IRQHandler                           0x0800011f   Thumb Code     0  startup_stm32f10x_md.o(.text)
    SPI1_IRQHandler                          0x0800011f   Thumb Code     0  startup_stm32f10x_md.o(.text)
    SPI2_IRQHandler                          0x0800011f   Thumb Code     0  startup_stm32f10x_md.o(.text)
    TAMPER_IRQHandler                        0x0800011f   Thumb Code     0  startup_stm32f10x_md.o(.text)
    TIM1_BRK_IRQHandler                      0x0800011f   Thumb Code     0  startup_stm32f10x_md.o(.text)
    TIM1_CC_IRQHandler                       0x0800011f   Thumb Code     0  startup_stm32f10x_md.o(.text)
    TIM1_TRG_COM_IRQHandler                  0x0800011f   Thumb Code     0  startup_stm32f10x_md.o(.text)
    TIM1_UP_IRQHandler                       0x0800011f   Thumb Code     0  startup_stm32f10x_md.o(.text)
    TIM2_IRQHandler                          0x0800011f   Thumb Code     0  startup_stm32f10x_md.o(.text)
    TIM3_IRQHandler                          0x0800011f   Thumb Code     0  startup_stm32f10x_md.o(.text)
    TIM4_IRQHandler                          0x0800011f   Thumb Code     0  startup_stm32f10x_md.o(.text)
    USART1_IRQHandler                        0x0800011f   Thumb Code     0  startup_stm32f10x_md.o(.text)
    USART2_IRQHandler                        0x0800011f   Thumb Code     0  startup_stm32f10x_md.o(.text)
    USART3_IRQHandler                        0x0800011f   Thumb Code     0  startup_stm32f10x_md.o(.text)
    USBWakeUp_IRQHandler                     0x0800011f   Thumb Code     0  startup_stm32f10x_md.o(.text)
    USB_HP_CAN1_TX_IRQHandler                0x0800011f   Thumb Code     0  startup_stm32f10x_md.o(.text)
    USB_LP_CAN1_RX0_IRQHandler               0x0800011f   Thumb Code     0  startup_stm32f10x_md.o(.text)
    WWDG_IRQHandler                          0x0800011f   Thumb Code     0  startup_stm32f10x_md.o(.text)
    __aeabi_fmul                             0x08000129   Thumb Code   100  fmul.o(.text)
    __aeabi_dmul                             0x0800018d   Thumb Code   228  dmul.o(.text)
    __aeabi_ui2d                             0x08000271   Thumb Code    26  dfltui.o(.text)
    __aeabi_f2uiz                            0x0800028b   Thumb Code    40  ffixui.o(.text)
    __aeabi_d2f                              0x080002b3   Thumb Code    56  d2f.o(.text)
    __I$use$fp                               0x080002eb   Thumb Code     0  iusefp.o(.text)
    _float_round                             0x080002eb   Thumb Code    18  fepilogue.o(.text)
    _float_epilogue                          0x080002fd   Thumb Code    92  fepilogue.o(.text)
    _double_round                            0x08000359   Thumb Code    30  depilogue.o(.text)
    _double_epilogue                         0x08000377   Thumb Code   156  depilogue.o(.text)
    __scatterload                            0x08000415   Thumb Code    28  init.o(.text)
    __scatterload_rt2                        0x08000415   Thumb Code     0  init.o(.text)
    __aeabi_llsl                             0x08000439   Thumb Code    30  llshl.o(.text)
    _ll_shift_l                              0x08000439   Thumb Code     0  llshl.o(.text)
    __aeabi_llsr                             0x08000457   Thumb Code    32  llushr.o(.text)
    _ll_ushift_r                             0x08000457   Thumb Code     0  llushr.o(.text)
    BusFault_Handler                         0x08000477   Thumb Code     4  stm32f10x_it.o(i.BusFault_Handler)
    DS18B20_init                             0x0800047b   Thumb Code     8  ds18b20.o(i.DS18B20_init)
    DS18B20_readTemperature                  0x08000483   Thumb Code    66  ds18b20.o(i.DS18B20_readTemperature)
    DebugMon_Handler                         0x080004c5   Thumb Code     2  stm32f10x_it.o(i.DebugMon_Handler)
    GPIO_Init                                0x080004c7   Thumb Code   278  stm32f10x_gpio.o(i.GPIO_Init)
    GPIO_PinRemapConfig                      0x080005dd   Thumb Code   138  stm32f10x_gpio.o(i.GPIO_PinRemapConfig)
    GPIO_ReadOutputData                      0x0800066d   Thumb Code     8  stm32f10x_gpio.o(i.GPIO_ReadOutputData)
    GPIO_Write                               0x08000675   Thumb Code     4  stm32f10x_gpio.o(i.GPIO_Write)
    HardFault_Handler                        0x08000679   Thumb Code     4  stm32f10x_it.o(i.HardFault_Handler)
    MemManage_Handler                        0x0800067d   Thumb Code     4  stm32f10x_it.o(i.MemManage_Handler)
    NMI_Handler                              0x08000681   Thumb Code     2  stm32f10x_it.o(i.NMI_Handler)
    OW_init                                  0x08000685   Thumb Code    46  one_write.o(i.OW_init)
    OW_readByte                              0x080006bd   Thumb Code    38  one_write.o(i.OW_readByte)
    OW_reset                                 0x080006e5   Thumb Code   106  one_write.o(i.OW_reset)
    OW_writeByte                             0x08000759   Thumb Code    80  one_write.o(i.OW_writeByte)
    PendSV_Handler                           0x080007b1   Thumb Code     2  stm32f10x_it.o(i.PendSV_Handler)
    RCC_APB2PeriphClockCmd                   0x080007b5   Thumb Code    26  stm32f10x_rcc.o(i.RCC_APB2PeriphClockCmd)
    SMG1                                     0x080007d5   Thumb Code    20  smg.o(i.SMG1)
    SMG2                                     0x080007f1   Thumb Code    22  smg.o(i.SMG2)
    SMG3                                     0x08000811   Thumb Code    24  smg.o(i.SMG3)
    SMG4                                     0x08000831   Thumb Code    22  smg.o(i.SMG4)
    SMG5                                     0x08000851   Thumb Code    22  smg.o(i.SMG5)
    SMG6                                     0x08000871   Thumb Code    24  smg.o(i.SMG6)
    SMG7                                     0x08000891   Thumb Code    22  smg.o(i.SMG7)
    SMG8                                     0x080008b1   Thumb Code    20  smg.o(i.SMG8)
    SMG_init                                 0x080008cd   Thumb Code    88  smg.o(i.SMG_init)
    SMG_writeByte                            0x08000931   Thumb Code    48  smg.o(i.SMG_writeByte)
    SVC_Handler                              0x08000961   Thumb Code     2  stm32f10x_it.o(i.SVC_Handler)
    SysTick_CLKSourceConfig                  0x08000a4d   Thumb Code    40  misc.o(i.SysTick_CLKSourceConfig)
    SysTick_Handler                          0x08000a75   Thumb Code     2  stm32f10x_it.o(i.SysTick_Handler)
    SysTick_init                             0x08000a79   Thumb Code    52  utils.o(i.SysTick_init)
    SystemInit                               0x08000ab5   Thumb Code    78  system_stm32f10x.o(i.SystemInit)
    UsageFault_Handler                       0x08000b15   Thumb Code     4  stm32f10x_it.o(i.UsageFault_Handler)
    __scatterload_copy                       0x08000b61   Thumb Code    14  handlers.o(i.__scatterload_copy)
    __scatterload_null                       0x08000b6f   Thumb Code     2  handlers.o(i.__scatterload_null)
    __scatterload_zeroinit                   0x08000b71   Thumb Code    14  handlers.o(i.__scatterload_zeroinit)
    delayMs                                  0x08000bc5   Thumb Code    80  utils.o(i.delayMs)
    delayUs                                  0x08000c19   Thumb Code    70  utils.o(i.delayUs)
    main                                     0x08000c65   Thumb Code    94  main.o(i.main)
    temperatureDisplay                       0x08000cc9   Thumb Code   244  main.o(i.temperatureDisplay)
    Region$$Table$$Base                      0x08000dcc   Number         0  anon$$obj.o(Region$$Table)
    Region$$Table$$Limit                     0x08000dec   Number         0  anon$$obj.o(Region$$Table)
    smgFuncs                                 0x20000000   Data          32  smg.o(.data)
    smgNum                                   0x20000020   Data          18  smg.o(.data)
    __initial_sp                             0x20000438   Data           0  startup_stm32f10x_md.o(STACK)



==============================================================================

Memory Map of the image

  Image Entry point : 0x080000ed

  Load Region LR_IROM1 (Base: 0x08000000, Size: 0x00000e24, Max: 0x00010000, ABSOLUTE)

    Execution Region ER_IROM1 (Exec base: 0x08000000, Load base: 0x08000000, Size: 0x00000dec, Max: 0x00010000, ABSOLUTE)

    Exec Addr    Load Addr    Size         Type   Attr      Idx    E Section Name        Object

    0x08000000   0x08000000   0x000000ec   Data   RO          461    RESET               startup_stm32f10x_md.o
    0x080000ec   0x080000ec   0x00000000   Code   RO          780  * .ARM.Collect$$$$00000000  mc_w.l(entry.o)
    0x080000ec   0x080000ec   0x00000004   Code   RO          793    .ARM.Collect$$$$00000001  mc_w.l(entry2.o)
    0x080000f0   0x080000f0   0x00000004   Code   RO          796    .ARM.Collect$$$$00000004  mc_w.l(entry5.o)
    0x080000f4   0x080000f4   0x00000000   Code   RO          798    .ARM.Collect$$$$00000008  mc_w.l(entry7b.o)
    0x080000f4   0x080000f4   0x00000000   Code   RO          800    .ARM.Collect$$$$0000000A  mc_w.l(entry8b.o)
    0x080000f4   0x080000f4   0x00000008   Code   RO          801    .ARM.Collect$$$$0000000B  mc_w.l(entry9a.o)
    0x080000fc   0x080000fc   0x00000004   Code   RO          808    .ARM.Collect$$$$0000000E  mc_w.l(entry12b.o)
    0x08000100   0x08000100   0x00000000   Code   RO          803    .ARM.Collect$$$$0000000F  mc_w.l(entry10a.o)
    0x08000100   0x08000100   0x00000000   Code   RO          805    .ARM.Collect$$$$00000011  mc_w.l(entry11a.o)
    0x08000100   0x08000100   0x00000004   Code   RO          794    .ARM.Collect$$$$00002712  mc_w.l(entry2.o)
    0x08000104   0x08000104   0x00000024   Code   RO          462    .text               startup_stm32f10x_md.o
    0x08000128   0x08000128   0x00000064   Code   RO          783    .text               mf_w.l(fmul.o)
    0x0800018c   0x0800018c   0x000000e4   Code   RO          785    .text               mf_w.l(dmul.o)
    0x08000270   0x08000270   0x0000001a   Code   RO          787    .text               mf_w.l(dfltui.o)
    0x0800028a   0x0800028a   0x00000028   Code   RO          789    .text               mf_w.l(ffixui.o)
    0x080002b2   0x080002b2   0x00000038   Code   RO          791    .text               mf_w.l(d2f.o)
    0x080002ea   0x080002ea   0x00000000   Code   RO          809    .text               mc_w.l(iusefp.o)
    0x080002ea   0x080002ea   0x0000006e   Code   RO          810    .text               mf_w.l(fepilogue.o)
    0x08000358   0x08000358   0x000000ba   Code   RO          812    .text               mf_w.l(depilogue.o)
    0x08000412   0x08000412   0x00000002   PAD
    0x08000414   0x08000414   0x00000024   Code   RO          814    .text               mc_w.l(init.o)
    0x08000438   0x08000438   0x0000001e   Code   RO          816    .text               mc_w.l(llshl.o)
    0x08000456   0x08000456   0x00000020   Code   RO          818    .text               mc_w.l(llushr.o)
    0x08000476   0x08000476   0x00000004   Code   RO          289    i.BusFault_Handler  stm32f10x_it.o
    0x0800047a   0x0800047a   0x00000008   Code   RO            1    i.DS18B20_init      ds18b20.o
    0x08000482   0x08000482   0x00000042   Code   RO            2    i.DS18B20_readTemperature  ds18b20.o
    0x080004c4   0x080004c4   0x00000002   Code   RO          290    i.DebugMon_Handler  stm32f10x_it.o
    0x080004c6   0x080004c6   0x00000116   Code   RO          472    i.GPIO_Init         stm32f10x_gpio.o
    0x080005dc   0x080005dc   0x00000090   Code   RO          474    i.GPIO_PinRemapConfig  stm32f10x_gpio.o
    0x0800066c   0x0800066c   0x00000008   Code   RO          477    i.GPIO_ReadOutputData  stm32f10x_gpio.o
    0x08000674   0x08000674   0x00000004   Code   RO          482    i.GPIO_Write        stm32f10x_gpio.o
    0x08000678   0x08000678   0x00000004   Code   RO          291    i.HardFault_Handler  stm32f10x_it.o
    0x0800067c   0x0800067c   0x00000004   Code   RO          292    i.MemManage_Handler  stm32f10x_it.o
    0x08000680   0x08000680   0x00000002   Code   RO          293    i.NMI_Handler       stm32f10x_it.o
    0x08000682   0x08000682   0x00000002   PAD
    0x08000684   0x08000684   0x00000038   Code   RO          116    i.OW_init           one_write.o
    0x080006bc   0x080006bc   0x00000026   Code   RO          117    i.OW_readByte       one_write.o
    0x080006e2   0x080006e2   0x00000002   PAD
    0x080006e4   0x080006e4   0x00000074   Code   RO          118    i.OW_reset          one_write.o
    0x08000758   0x08000758   0x00000058   Code   RO          119    i.OW_writeByte      one_write.o
    0x080007b0   0x080007b0   0x00000002   Code   RO          294    i.PendSV_Handler    stm32f10x_it.o
    0x080007b2   0x080007b2   0x00000002   PAD
    0x080007b4   0x080007b4   0x00000020   Code   RO          584    i.RCC_APB2PeriphClockCmd  stm32f10x_rcc.o
    0x080007d4   0x080007d4   0x0000001c   Code   RO          161    i.SMG1              smg.o
    0x080007f0   0x080007f0   0x00000020   Code   RO          162    i.SMG2              smg.o
    0x08000810   0x08000810   0x00000020   Code   RO          163    i.SMG3              smg.o
    0x08000830   0x08000830   0x00000020   Code   RO          164    i.SMG4              smg.o
    0x08000850   0x08000850   0x00000020   Code   RO          165    i.SMG5              smg.o
    0x08000870   0x08000870   0x00000020   Code   RO          166    i.SMG6              smg.o
    0x08000890   0x08000890   0x00000020   Code   RO          167    i.SMG7              smg.o
    0x080008b0   0x080008b0   0x0000001c   Code   RO          168    i.SMG8              smg.o
    0x080008cc   0x080008cc   0x00000064   Code   RO          170    i.SMG_init          smg.o
    0x08000930   0x08000930   0x00000030   Code   RO          171    i.SMG_writeByte     smg.o
    0x08000960   0x08000960   0x00000002   Code   RO          295    i.SVC_Handler       stm32f10x_it.o
    0x08000962   0x08000962   0x00000008   Code   RO          389    i.SetSysClock       system_stm32f10x.o
    0x0800096a   0x0800096a   0x00000002   PAD
    0x0800096c   0x0800096c   0x000000e0   Code   RO          390    i.SetSysClockTo72   system_stm32f10x.o
    0x08000a4c   0x08000a4c   0x00000028   Code   RO          427    i.SysTick_CLKSourceConfig  misc.o
    0x08000a74   0x08000a74   0x00000002   Code   RO          296    i.SysTick_Handler   stm32f10x_it.o
    0x08000a76   0x08000a76   0x00000002   PAD
    0x08000a78   0x08000a78   0x0000003c   Code   RO          349    i.SysTick_init      utils.o
    0x08000ab4   0x08000ab4   0x00000060   Code   RO          392    i.SystemInit        system_stm32f10x.o
    0x08000b14   0x08000b14   0x00000004   Code   RO          297    i.UsageFault_Handler  stm32f10x_it.o
    0x08000b18   0x08000b18   0x00000024   Code   RO          120    i._OW_input         one_write.o
    0x08000b3c   0x08000b3c   0x00000024   Code   RO          121    i._OW_output        one_write.o
    0x08000b60   0x08000b60   0x0000000e   Code   RO          822    i.__scatterload_copy  mc_w.l(handlers.o)
    0x08000b6e   0x08000b6e   0x00000002   Code   RO          823    i.__scatterload_null  mc_w.l(handlers.o)
    0x08000b70   0x08000b70   0x0000000e   Code   RO          824    i.__scatterload_zeroinit  mc_w.l(handlers.o)
    0x08000b7e   0x08000b7e   0x00000002   PAD
    0x08000b80   0x08000b80   0x00000044   Code   RO          122    i._readBit          one_write.o
    0x08000bc4   0x08000bc4   0x00000054   Code   RO          350    i.delayMs           utils.o
    0x08000c18   0x08000c18   0x0000004c   Code   RO          351    i.delayUs           utils.o
    0x08000c64   0x08000c64   0x00000064   Code   RO          239    i.main              main.o
    0x08000cc8   0x08000cc8   0x00000104   Code   RO          240    i.temperatureDisplay  main.o
    0x08000dcc   0x08000dcc   0x00000020   Data   RO          820    Region$$Table       anon$$obj.o


    Execution Region RW_IRAM1 (Exec base: 0x20000000, Load base: 0x08000dec, Size: 0x00000438, Max: 0x00005000, ABSOLUTE)

    Exec Addr    Load Addr    Size         Type   Attr      Idx    E Section Name        Object

    0x20000000   0x08000dec   0x00000032   Data   RW          172    .data               smg.o
    0x20000032   0x08000e1e   0x00000004   Data   RW          352    .data               utils.o
    0x20000036   0x08000e22   0x00000002   PAD
    0x20000038        -       0x00000400   Zero   RW          459    STACK               startup_stm32f10x_md.o


==============================================================================

Image component sizes


      Code (inc. data)   RO Data    RW Data    ZI Data      Debug   Object Name

         0          0          0          0          0         32   core_cm3.o
        74          0          0          0          0     216069   ds18b20.o
       360         22          0          0          0     203056   main.o
        40          0          0          0          0        566   misc.o
       438         46          0          0          0       3754   one_write.o
       396         84          0         50          0       5933   smg.o
        36          8        236          0       1024        820   startup_stm32f10x_md.o
       434          6          0          0          0       4237   stm32f10x_gpio.o
        26          0          0          0          0       3898   stm32f10x_it.o
        32          6          0          0          0        617   stm32f10x_rcc.o
       328         28          0          0          0       2009   system_stm32f10x.o
       220         18          0          4          0       1751   utils.o

    ----------------------------------------------------------------------
      2394        218        268         56       1024     442742   Object Totals
         0          0         32          0          0          0   (incl. Generated)
        10          0          0          2          0          0   (incl. Padding)

    ----------------------------------------------------------------------

      Code (inc. data)   RO Data    RW Data    ZI Data      Debug   Library Member Name

         0          0          0          0          0          0   entry.o
         0          0          0          0          0          0   entry10a.o
         0          0          0          0          0          0   entry11a.o
         4          0          0          0          0          0   entry12b.o
         8          4          0          0          0          0   entry2.o
         4          0          0          0          0          0   entry5.o
         0          0          0          0          0          0   entry7b.o
         0          0          0          0          0          0   entry8b.o
         8          4          0          0          0          0   entry9a.o
        30          0          0          0          0          0   handlers.o
        36          8          0          0          0         68   init.o
         0          0          0          0          0          0   iusefp.o
        30          0          0          0          0         68   llshl.o
        32          0          0          0          0         68   llushr.o
        56          0          0          0          0         88   d2f.o
       186          0          0          0          0        176   depilogue.o
        26          0          0          0          0         76   dfltui.o
       228          0          0          0          0         96   dmul.o
       110          0          0          0          0        168   fepilogue.o
        40          0          0          0          0         68   ffixui.o
       100          0          0          0          0         76   fmul.o

    ----------------------------------------------------------------------
       902         16          0          0          0        952   Library Totals
         4          0          0          0          0          0   (incl. Padding)

    ----------------------------------------------------------------------

      Code (inc. data)   RO Data    RW Data    ZI Data      Debug   Library Name

       152         16          0          0          0        204   mc_w.l
       746          0          0          0          0        748   mf_w.l

    ----------------------------------------------------------------------
       902         16          0          0          0        952   Library Totals

    ----------------------------------------------------------------------

==============================================================================


      Code (inc. data)   RO Data    RW Data    ZI Data      Debug   

      3296        234        268         56       1024     441402   Grand Totals
      3296        234        268         56       1024     441402   ELF Image Totals
      3296        234        268         56          0          0   ROM Totals

==============================================================================

    Total RO  Size (Code + RO Data)                 3564 (   3.48kB)
    Total RW  Size (RW Data + ZI Data)              1080 (   1.05kB)
    Total ROM Size (Code + RO Data + RW Data)       3620 (   3.54kB)

==============================================================================

