Component: ARM Compiler 5.06 update 7 (build 960) Tool: armlink [4d3601]

==============================================================================

Section Cross References

    iic.o(i.IIC_init) refers to stm32f10x_rcc.o(i.RCC_APB2PeriphClockCmd) for RCC_APB2PeriphClockCmd
    iic.o(i.IIC_init) refers to stm32f10x_gpio.o(i.GPIO_Init) for GPIO_Init
    iic.o(i.IIC_readByte) refers to iic.o(i._SDA_input) for _SDA_input
    iic.o(i.IIC_readByte) refers to utils.o(i.delayUs) for delayUs
    iic.o(i.IIC_sendAck) refers to iic.o(i._SDA_output) for _SDA_output
    iic.o(i.IIC_sendAck) refers to utils.o(i.delayUs) for delayUs
    iic.o(i.IIC_sendNack) refers to iic.o(i._SDA_output) for _SDA_output
    iic.o(i.IIC_sendNack) refers to utils.o(i.delayUs) for delayUs
    iic.o(i.IIC_start) refers to iic.o(i._SDA_output) for _SDA_output
    iic.o(i.IIC_start) refers to utils.o(i.delayUs) for delayUs
    iic.o(i.IIC_stop) refers to iic.o(i._SDA_output) for _SDA_output
    iic.o(i.IIC_stop) refers to utils.o(i.delayUs) for delayUs
    iic.o(i.IIC_waitAck) refers to utils.o(i.delayUs) for delayUs
    iic.o(i.IIC_waitAck) refers to iic.o(i._SDA_input) for _SDA_input
    iic.o(i.IIC_writeByte) refers to iic.o(i._SDA_output) for _SDA_output
    iic.o(i.IIC_writeByte) refers to utils.o(i.delayUs) for delayUs
    iic.o(i._SDA_input) refers to stm32f10x_gpio.o(i.GPIO_Init) for GPIO_Init
    iic.o(i._SDA_output) refers to stm32f10x_gpio.o(i.GPIO_Init) for GPIO_Init
    oled.o(i.OLED_clear) refers to oled.o(i._OLED_writeCmd) for _OLED_writeCmd
    oled.o(i.OLED_clear) refers to oled.o(i._OLED_writeData_ECC) for _OLED_writeData_ECC
    oled.o(i.OLED_init) refers to oled.o(i._OLED_writeCmd) for _OLED_writeCmd
    oled.o(i.OLED_showChinese) refers to oled.o(i._OLED_writeCmd) for _OLED_writeCmd
    oled.o(i.OLED_showChinese) refers to oled.o(i._OLED_writeData_ECC) for _OLED_writeData_ECC
    oled.o(i.OLED_showChinese) refers to oled.o(.constdata) for CnChar16x16
    oled.o(i.OLED_showImage) refers to oled.o(i._OLED_writeCmd) for _OLED_writeCmd
    oled.o(i.OLED_showImage) refers to oled.o(i._OLED_writeData_ECC) for _OLED_writeData_ECC
    oled.o(i.OLED_showString) refers to oled.o(i._OLED_showChar) for _OLED_showChar
    oled.o(i._OLED_showChar) refers to oled.o(i._OLED_writeCmd) for _OLED_writeCmd
    oled.o(i._OLED_showChar) refers to oled.o(i._OLED_writeData_ECC) for _OLED_writeData_ECC
    oled.o(i._OLED_showChar) refers to oled.o(.constdata) for ascii_1608
    oled.o(i._OLED_writeCmd) refers to ssd1306.o(i.SSD1306_writeCmd) for SSD1306_writeCmd
    oled.o(i._OLED_writeData) refers to ssd1306.o(i.SSD1306_writeData) for SSD1306_writeData
    oled.o(i._OLED_writeDataBegin) refers to ssd1306.o(i.SSD1306_writeDataBegin) for SSD1306_writeDataBegin
    oled.o(i._OLED_writeDataOver) refers to ssd1306.o(i.SSD1306_writeDataOver) for SSD1306_writeDataOver
    oled.o(i._OLED_writeData_ECC) refers to ssd1306.o(i.SSD1306_writeData_ECC) for SSD1306_writeData_ECC
    ssd1306.o(i.SSD1306_init) refers to iic.o(i.IIC_init) for IIC_init
    ssd1306.o(i.SSD1306_writeCmd) refers to iic.o(i.IIC_start) for IIC_start
    ssd1306.o(i.SSD1306_writeCmd) refers to iic.o(i.IIC_writeByte) for IIC_writeByte
    ssd1306.o(i.SSD1306_writeCmd) refers to iic.o(i.IIC_waitAck) for IIC_waitAck
    ssd1306.o(i.SSD1306_writeCmd) refers to iic.o(i.IIC_stop) for IIC_stop
    ssd1306.o(i.SSD1306_writeData) refers to iic.o(i.IIC_writeByte) for IIC_writeByte
    ssd1306.o(i.SSD1306_writeData) refers to iic.o(i.IIC_waitAck) for IIC_waitAck
    ssd1306.o(i.SSD1306_writeDataBegin) refers to iic.o(i.IIC_start) for IIC_start
    ssd1306.o(i.SSD1306_writeDataBegin) refers to iic.o(i.IIC_writeByte) for IIC_writeByte
    ssd1306.o(i.SSD1306_writeDataBegin) refers to iic.o(i.IIC_waitAck) for IIC_waitAck
    ssd1306.o(i.SSD1306_writeDataOver) refers to iic.o(i.IIC_stop) for IIC_stop
    ssd1306.o(i.SSD1306_writeData_ECC) refers to iic.o(i.IIC_start) for IIC_start
    ssd1306.o(i.SSD1306_writeData_ECC) refers to iic.o(i.IIC_writeByte) for IIC_writeByte
    ssd1306.o(i.SSD1306_writeData_ECC) refers to iic.o(i.IIC_waitAck) for IIC_waitAck
    ssd1306.o(i.SSD1306_writeData_ECC) refers to iic.o(i.IIC_stop) for IIC_stop
    main.o(i.main) refers to utils.o(i.SysTick_init) for SysTick_init
    main.o(i.main) refers to ssd1306.o(i.SSD1306_init) for SSD1306_init
    main.o(i.main) refers to oled.o(i.OLED_init) for OLED_init
    main.o(i.main) refers to oled.o(i.OLED_clear) for OLED_clear
    main.o(i.main) refers to oled.o(i.OLED_showImage) for OLED_showImage
    main.o(i.main) refers to oled.o(i.OLED_showChinese) for OLED_showChinese
    main.o(i.main) refers to oled.o(i.OLED_showString) for OLED_showString
    main.o(i.main) refers to main.o(.constdata) for gImage_pic
    utils.o(i.SysTick_init) refers to misc.o(i.SysTick_CLKSourceConfig) for SysTick_CLKSourceConfig
    utils.o(i.SysTick_init) refers to utils.o(.data) for facUs
    utils.o(i.delayMs) refers to utils.o(.data) for facMs
    utils.o(i.delayUs) refers to utils.o(.data) for facUs
    system_stm32f10x.o(i.SetSysClock) refers to system_stm32f10x.o(i.SetSysClockTo72) for SetSysClockTo72
    system_stm32f10x.o(i.SystemCoreClockUpdate) refers to system_stm32f10x.o(.data) for SystemCoreClock
    system_stm32f10x.o(i.SystemInit) refers to system_stm32f10x.o(i.SetSysClock) for SetSysClock
    startup_stm32f10x_md.o(RESET) refers to startup_stm32f10x_md.o(STACK) for __initial_sp
    startup_stm32f10x_md.o(RESET) refers to startup_stm32f10x_md.o(.text) for Reset_Handler
    startup_stm32f10x_md.o(RESET) refers to stm32f10x_it.o(i.NMI_Handler) for NMI_Handler
    startup_stm32f10x_md.o(RESET) refers to stm32f10x_it.o(i.HardFault_Handler) for HardFault_Handler
    startup_stm32f10x_md.o(RESET) refers to stm32f10x_it.o(i.MemManage_Handler) for MemManage_Handler
    startup_stm32f10x_md.o(RESET) refers to stm32f10x_it.o(i.BusFault_Handler) for BusFault_Handler
    startup_stm32f10x_md.o(RESET) refers to stm32f10x_it.o(i.UsageFault_Handler) for UsageFault_Handler
    startup_stm32f10x_md.o(RESET) refers to stm32f10x_it.o(i.SVC_Handler) for SVC_Handler
    startup_stm32f10x_md.o(RESET) refers to stm32f10x_it.o(i.DebugMon_Handler) for DebugMon_Handler
    startup_stm32f10x_md.o(RESET) refers to stm32f10x_it.o(i.PendSV_Handler) for PendSV_Handler
    startup_stm32f10x_md.o(RESET) refers to stm32f10x_it.o(i.SysTick_Handler) for SysTick_Handler
    startup_stm32f10x_md.o(.text) refers to system_stm32f10x.o(i.SystemInit) for SystemInit
    startup_stm32f10x_md.o(.text) refers to entry.o(.ARM.Collect$$$$00000000) for __main
    stm32f10x_gpio.o(i.GPIO_AFIODeInit) refers to stm32f10x_rcc.o(i.RCC_APB2PeriphResetCmd) for RCC_APB2PeriphResetCmd
    stm32f10x_gpio.o(i.GPIO_DeInit) refers to stm32f10x_rcc.o(i.RCC_APB2PeriphResetCmd) for RCC_APB2PeriphResetCmd
    stm32f10x_rcc.o(i.RCC_GetClocksFreq) refers to stm32f10x_rcc.o(.data) for APBAHBPrescTable
    stm32f10x_rcc.o(i.RCC_WaitForHSEStartUp) refers to stm32f10x_rcc.o(i.RCC_GetFlagStatus) for RCC_GetFlagStatus
    entry.o(.ARM.Collect$$$$00000000) refers (Special) to entry10a.o(.ARM.Collect$$$$0000000F) for __rt_final_cpp
    entry.o(.ARM.Collect$$$$00000000) refers (Special) to entry11a.o(.ARM.Collect$$$$00000011) for __rt_final_exit
    entry.o(.ARM.Collect$$$$00000000) refers (Special) to entry12b.o(.ARM.Collect$$$$0000000E) for __rt_lib_shutdown_fini
    entry.o(.ARM.Collect$$$$00000000) refers (Special) to entry7b.o(.ARM.Collect$$$$00000008) for _main_clock
    entry.o(.ARM.Collect$$$$00000000) refers (Special) to entry8b.o(.ARM.Collect$$$$0000000A) for _main_cpp_init
    entry.o(.ARM.Collect$$$$00000000) refers (Special) to entry9a.o(.ARM.Collect$$$$0000000B) for _main_init
    entry.o(.ARM.Collect$$$$00000000) refers (Special) to entry5.o(.ARM.Collect$$$$00000004) for _main_scatterload
    entry.o(.ARM.Collect$$$$00000000) refers (Special) to entry2.o(.ARM.Collect$$$$00000001) for _main_stk
    entry2.o(.ARM.Collect$$$$00000001) refers to entry2.o(.ARM.Collect$$$$00002712) for __lit__00000000
    entry2.o(.ARM.Collect$$$$00002712) refers to startup_stm32f10x_md.o(STACK) for __initial_sp
    entry2.o(__vectab_stack_and_reset_area) refers to startup_stm32f10x_md.o(STACK) for __initial_sp
    entry2.o(__vectab_stack_and_reset_area) refers to entry.o(.ARM.Collect$$$$00000000) for __main
    entry5.o(.ARM.Collect$$$$00000004) refers to init.o(.text) for __scatterload
    entry9a.o(.ARM.Collect$$$$0000000B) refers to main.o(i.main) for main
    entry9b.o(.ARM.Collect$$$$0000000C) refers to main.o(i.main) for main
    init.o(.text) refers to entry5.o(.ARM.Collect$$$$00000004) for __main_after_scatterload


==============================================================================

Removing Unused input sections from the image.

    Removing iic.o(i.IIC_readByte), (80 bytes).
    Removing iic.o(i.IIC_sendAck), (56 bytes).
    Removing iic.o(i.IIC_sendNack), (56 bytes).
    Removing oled.o(i._OLED_writeData), (12 bytes).
    Removing oled.o(i._OLED_writeDataBegin), (8 bytes).
    Removing oled.o(i._OLED_writeDataOver), (8 bytes).
    Removing ssd1306.o(i.SSD1306_writeData), (40 bytes).
    Removing ssd1306.o(i.SSD1306_writeDataBegin), (26 bytes).
    Removing ssd1306.o(i.SSD1306_writeDataOver), (8 bytes).
    Removing utils.o(i.delayMs), (84 bytes).
    Removing core_cm3.o(.emb_text), (32 bytes).
    Removing system_stm32f10x.o(i.SystemCoreClockUpdate), (164 bytes).
    Removing system_stm32f10x.o(.data), (20 bytes).
    Removing misc.o(i.NVIC_Init), (112 bytes).
    Removing misc.o(i.NVIC_PriorityGroupConfig), (20 bytes).
    Removing misc.o(i.NVIC_SetVectorTable), (20 bytes).
    Removing misc.o(i.NVIC_SystemLPConfig), (32 bytes).
    Removing startup_stm32f10x_md.o(HEAP), (512 bytes).
    Removing stm32f10x_gpio.o(i.GPIO_AFIODeInit), (20 bytes).
    Removing stm32f10x_gpio.o(i.GPIO_DeInit), (200 bytes).
    Removing stm32f10x_gpio.o(i.GPIO_ETH_MediaInterfaceConfig), (12 bytes).
    Removing stm32f10x_gpio.o(i.GPIO_EXTILineConfig), (64 bytes).
    Removing stm32f10x_gpio.o(i.GPIO_EventOutputCmd), (12 bytes).
    Removing stm32f10x_gpio.o(i.GPIO_EventOutputConfig), (32 bytes).
    Removing stm32f10x_gpio.o(i.GPIO_PinLockConfig), (18 bytes).
    Removing stm32f10x_gpio.o(i.GPIO_PinRemapConfig), (144 bytes).
    Removing stm32f10x_gpio.o(i.GPIO_ReadInputData), (8 bytes).
    Removing stm32f10x_gpio.o(i.GPIO_ReadInputDataBit), (18 bytes).
    Removing stm32f10x_gpio.o(i.GPIO_ReadOutputData), (8 bytes).
    Removing stm32f10x_gpio.o(i.GPIO_ReadOutputDataBit), (18 bytes).
    Removing stm32f10x_gpio.o(i.GPIO_ResetBits), (4 bytes).
    Removing stm32f10x_gpio.o(i.GPIO_SetBits), (4 bytes).
    Removing stm32f10x_gpio.o(i.GPIO_StructInit), (16 bytes).
    Removing stm32f10x_gpio.o(i.GPIO_Write), (4 bytes).
    Removing stm32f10x_gpio.o(i.GPIO_WriteBit), (10 bytes).
    Removing stm32f10x_rcc.o(i.RCC_ADCCLKConfig), (24 bytes).
    Removing stm32f10x_rcc.o(i.RCC_AHBPeriphClockCmd), (32 bytes).
    Removing stm32f10x_rcc.o(i.RCC_APB1PeriphClockCmd), (32 bytes).
    Removing stm32f10x_rcc.o(i.RCC_APB1PeriphResetCmd), (32 bytes).
    Removing stm32f10x_rcc.o(i.RCC_APB2PeriphResetCmd), (32 bytes).
    Removing stm32f10x_rcc.o(i.RCC_AdjustHSICalibrationValue), (24 bytes).
    Removing stm32f10x_rcc.o(i.RCC_BackupResetCmd), (12 bytes).
    Removing stm32f10x_rcc.o(i.RCC_ClearFlag), (20 bytes).
    Removing stm32f10x_rcc.o(i.RCC_ClearITPendingBit), (12 bytes).
    Removing stm32f10x_rcc.o(i.RCC_ClockSecuritySystemCmd), (12 bytes).
    Removing stm32f10x_rcc.o(i.RCC_DeInit), (76 bytes).
    Removing stm32f10x_rcc.o(i.RCC_GetClocksFreq), (212 bytes).
    Removing stm32f10x_rcc.o(i.RCC_GetFlagStatus), (60 bytes).
    Removing stm32f10x_rcc.o(i.RCC_GetITStatus), (24 bytes).
    Removing stm32f10x_rcc.o(i.RCC_GetSYSCLKSource), (16 bytes).
    Removing stm32f10x_rcc.o(i.RCC_HCLKConfig), (24 bytes).
    Removing stm32f10x_rcc.o(i.RCC_HSEConfig), (76 bytes).
    Removing stm32f10x_rcc.o(i.RCC_HSICmd), (12 bytes).
    Removing stm32f10x_rcc.o(i.RCC_ITConfig), (32 bytes).
    Removing stm32f10x_rcc.o(i.RCC_LSEConfig), (52 bytes).
    Removing stm32f10x_rcc.o(i.RCC_LSICmd), (12 bytes).
    Removing stm32f10x_rcc.o(i.RCC_MCOConfig), (12 bytes).
    Removing stm32f10x_rcc.o(i.RCC_PCLK1Config), (24 bytes).
    Removing stm32f10x_rcc.o(i.RCC_PCLK2Config), (24 bytes).
    Removing stm32f10x_rcc.o(i.RCC_PLLCmd), (12 bytes).
    Removing stm32f10x_rcc.o(i.RCC_PLLConfig), (28 bytes).
    Removing stm32f10x_rcc.o(i.RCC_RTCCLKCmd), (12 bytes).
    Removing stm32f10x_rcc.o(i.RCC_RTCCLKConfig), (16 bytes).
    Removing stm32f10x_rcc.o(i.RCC_SYSCLKConfig), (24 bytes).
    Removing stm32f10x_rcc.o(i.RCC_USBCLKConfig), (12 bytes).
    Removing stm32f10x_rcc.o(i.RCC_WaitForHSEStartUp), (56 bytes).
    Removing stm32f10x_rcc.o(.data), (20 bytes).

67 unused section(s) (total 2950 bytes) removed from the image.

==============================================================================

Image Symbol Table

    Local Symbols

    Symbol Name                              Value     Ov Type        Size  Object(Section)

    ../clib/microlib/init/entry.s            0x00000000   Number         0  entry10b.o ABSOLUTE
    ../clib/microlib/init/entry.s            0x00000000   Number         0  entry5.o ABSOLUTE
    ../clib/microlib/init/entry.s            0x00000000   Number         0  entry12a.o ABSOLUTE
    ../clib/microlib/init/entry.s            0x00000000   Number         0  entry12b.o ABSOLUTE
    ../clib/microlib/init/entry.s            0x00000000   Number         0  entry2.o ABSOLUTE
    ../clib/microlib/init/entry.s            0x00000000   Number         0  entry7a.o ABSOLUTE
    ../clib/microlib/init/entry.s            0x00000000   Number         0  entry7b.o ABSOLUTE
    ../clib/microlib/init/entry.s            0x00000000   Number         0  entry8a.o ABSOLUTE
    ../clib/microlib/init/entry.s            0x00000000   Number         0  entry.o ABSOLUTE
    ../clib/microlib/init/entry.s            0x00000000   Number         0  entry8b.o ABSOLUTE
    ../clib/microlib/init/entry.s            0x00000000   Number         0  entry9a.o ABSOLUTE
    ../clib/microlib/init/entry.s            0x00000000   Number         0  entry9b.o ABSOLUTE
    ../clib/microlib/init/entry.s            0x00000000   Number         0  entry10a.o ABSOLUTE
    ../clib/microlib/init/entry.s            0x00000000   Number         0  entry11a.o ABSOLUTE
    ../clib/microlib/init/entry.s            0x00000000   Number         0  entry11b.o ABSOLUTE
    Apps\iic.c                               0x00000000   Number         0  iic.o ABSOLUTE
    Apps\oled.c                              0x00000000   Number         0  oled.o ABSOLUTE
    Apps\ssd1306.c                           0x00000000   Number         0  ssd1306.o ABSOLUTE
    Libraries\CMSIS\core_cm3.c               0x00000000   Number         0  core_cm3.o ABSOLUTE
    Libraries\CMSIS\startup_stm32f10x_md.s   0x00000000   Number         0  startup_stm32f10x_md.o ABSOLUTE
    Libraries\STM32F10x_StdPeriph_Driver\src\misc.c 0x00000000   Number         0  misc.o ABSOLUTE
    Libraries\STM32F10x_StdPeriph_Driver\src\stm32f10x_gpio.c 0x00000000   Number         0  stm32f10x_gpio.o ABSOLUTE
    Libraries\STM32F10x_StdPeriph_Driver\src\stm32f10x_rcc.c 0x00000000   Number         0  stm32f10x_rcc.o ABSOLUTE
    Libraries\\CMSIS\\core_cm3.c             0x00000000   Number         0  core_cm3.o ABSOLUTE
    Users\main.c                             0x00000000   Number         0  main.o ABSOLUTE
    Users\stm32f10x_it.c                     0x00000000   Number         0  stm32f10x_it.o ABSOLUTE
    Users\system_stm32f10x.c                 0x00000000   Number         0  system_stm32f10x.o ABSOLUTE
    Utils\utils.c                            0x00000000   Number         0  utils.o ABSOLUTE
    dc.s                                     0x00000000   Number         0  dc.o ABSOLUTE
    handlers.s                               0x00000000   Number         0  handlers.o ABSOLUTE
    init.s                                   0x00000000   Number         0  init.o ABSOLUTE
    RESET                                    0x08000000   Section      236  startup_stm32f10x_md.o(RESET)
    .ARM.Collect$$$$00000000                 0x080000ec   Section        0  entry.o(.ARM.Collect$$$$00000000)
    .ARM.Collect$$$$00000001                 0x080000ec   Section        4  entry2.o(.ARM.Collect$$$$00000001)
    .ARM.Collect$$$$00000004                 0x080000f0   Section        4  entry5.o(.ARM.Collect$$$$00000004)
    .ARM.Collect$$$$00000008                 0x080000f4   Section        0  entry7b.o(.ARM.Collect$$$$00000008)
    .ARM.Collect$$$$0000000A                 0x080000f4   Section        0  entry8b.o(.ARM.Collect$$$$0000000A)
    .ARM.Collect$$$$0000000B                 0x080000f4   Section        8  entry9a.o(.ARM.Collect$$$$0000000B)
    .ARM.Collect$$$$0000000E                 0x080000fc   Section        4  entry12b.o(.ARM.Collect$$$$0000000E)
    .ARM.Collect$$$$0000000F                 0x08000100   Section        0  entry10a.o(.ARM.Collect$$$$0000000F)
    .ARM.Collect$$$$00000011                 0x08000100   Section        0  entry11a.o(.ARM.Collect$$$$00000011)
    .ARM.Collect$$$$00002712                 0x08000100   Section        4  entry2.o(.ARM.Collect$$$$00002712)
    __lit__00000000                          0x08000100   Data           4  entry2.o(.ARM.Collect$$$$00002712)
    .text                                    0x08000104   Section       36  startup_stm32f10x_md.o(.text)
    .text                                    0x08000128   Section       36  init.o(.text)
    i.BusFault_Handler                       0x0800014c   Section        0  stm32f10x_it.o(i.BusFault_Handler)
    i.DebugMon_Handler                       0x08000150   Section        0  stm32f10x_it.o(i.DebugMon_Handler)
    i.GPIO_Init                              0x08000152   Section        0  stm32f10x_gpio.o(i.GPIO_Init)
    i.HardFault_Handler                      0x08000268   Section        0  stm32f10x_it.o(i.HardFault_Handler)
    i.IIC_init                               0x0800026c   Section        0  iic.o(i.IIC_init)
    i.IIC_start                              0x080002b4   Section        0  iic.o(i.IIC_start)
    i.IIC_stop                               0x080002ec   Section        0  iic.o(i.IIC_stop)
    i.IIC_waitAck                            0x08000320   Section        0  iic.o(i.IIC_waitAck)
    i.IIC_writeByte                          0x08000374   Section        0  iic.o(i.IIC_writeByte)
    i.MemManage_Handler                      0x080003c4   Section        0  stm32f10x_it.o(i.MemManage_Handler)
    i.NMI_Handler                            0x080003c8   Section        0  stm32f10x_it.o(i.NMI_Handler)
    i.OLED_clear                             0x080003ca   Section        0  oled.o(i.OLED_clear)
    i.OLED_init                              0x08000406   Section        0  oled.o(i.OLED_init)
    i.OLED_showChinese                       0x080004a0   Section        0  oled.o(i.OLED_showChinese)
    i.OLED_showImage                         0x080005d0   Section        0  oled.o(i.OLED_showImage)
    i.OLED_showString                        0x08000610   Section        0  oled.o(i.OLED_showString)
    i.PendSV_Handler                         0x08000650   Section        0  stm32f10x_it.o(i.PendSV_Handler)
    i.RCC_APB2PeriphClockCmd                 0x08000654   Section        0  stm32f10x_rcc.o(i.RCC_APB2PeriphClockCmd)
    i.SSD1306_init                           0x08000674   Section        0  ssd1306.o(i.SSD1306_init)
    i.SSD1306_writeCmd                       0x0800067c   Section        0  ssd1306.o(i.SSD1306_writeCmd)
    i.SSD1306_writeData_ECC                  0x080006bc   Section        0  ssd1306.o(i.SSD1306_writeData_ECC)
    i.SVC_Handler                            0x080006fc   Section        0  stm32f10x_it.o(i.SVC_Handler)
    i.SetSysClock                            0x080006fe   Section        0  system_stm32f10x.o(i.SetSysClock)
    SetSysClock                              0x080006ff   Thumb Code     8  system_stm32f10x.o(i.SetSysClock)
    i.SetSysClockTo72                        0x08000708   Section        0  system_stm32f10x.o(i.SetSysClockTo72)
    SetSysClockTo72                          0x08000709   Thumb Code   214  system_stm32f10x.o(i.SetSysClockTo72)
    i.SysTick_CLKSourceConfig                0x080007e8   Section        0  misc.o(i.SysTick_CLKSourceConfig)
    i.SysTick_Handler                        0x08000810   Section        0  stm32f10x_it.o(i.SysTick_Handler)
    i.SysTick_init                           0x08000814   Section        0  utils.o(i.SysTick_init)
    i.SystemInit                             0x08000850   Section        0  system_stm32f10x.o(i.SystemInit)
    i.UsageFault_Handler                     0x080008b0   Section        0  stm32f10x_it.o(i.UsageFault_Handler)
    i._OLED_showChar                         0x080008b4   Section        0  oled.o(i._OLED_showChar)
    _OLED_showChar                           0x080008b5   Thumb Code   156  oled.o(i._OLED_showChar)
    i._OLED_writeCmd                         0x08000954   Section        0  oled.o(i._OLED_writeCmd)
    _OLED_writeCmd                           0x08000955   Thumb Code    12  oled.o(i._OLED_writeCmd)
    i._OLED_writeData_ECC                    0x08000960   Section        0  oled.o(i._OLED_writeData_ECC)
    _OLED_writeData_ECC                      0x08000961   Thumb Code    12  oled.o(i._OLED_writeData_ECC)
    i._SDA_input                             0x0800096c   Section        0  iic.o(i._SDA_input)
    _SDA_input                               0x0800096d   Thumb Code    30  iic.o(i._SDA_input)
    i._SDA_output                            0x08000990   Section        0  iic.o(i._SDA_output)
    _SDA_output                              0x08000991   Thumb Code    30  iic.o(i._SDA_output)
    i.__scatterload_copy                     0x080009b4   Section       14  handlers.o(i.__scatterload_copy)
    i.__scatterload_null                     0x080009c2   Section        2  handlers.o(i.__scatterload_null)
    i.__scatterload_zeroinit                 0x080009c4   Section       14  handlers.o(i.__scatterload_zeroinit)
    i.delayUs                                0x080009d4   Section        0  utils.o(i.delayUs)
    i.main                                   0x08000a20   Section        0  main.o(i.main)
    .constdata                               0x08000aa4   Section     2120  oled.o(.constdata)
    .constdata                               0x080012ec   Section     1024  main.o(.constdata)
    .data                                    0x20000000   Section        4  utils.o(.data)
    facUs                                    0x20000000   Data           1  utils.o(.data)
    facMs                                    0x20000002   Data           2  utils.o(.data)
    STACK                                    0x20000008   Section     1024  startup_stm32f10x_md.o(STACK)

    Global Symbols

    Symbol Name                              Value     Ov Type        Size  Object(Section)

    BuildAttributes$$THM_ISAv4$P$D$K$B$S$PE$A:L22UL41UL21$X:L11$S22US41US21$IEEE1$IW$USESV6$~STKCKD$USESV7$~SHL$OSPACE$EBA8$MICROLIB$REQ8$PRES8$EABIv2 0x00000000   Number         0  anon$$obj.o ABSOLUTE
    __ARM_use_no_argv                        0x00000000   Number         0  main.o ABSOLUTE
    __arm_fini_                               - Undefined Weak Reference
    __cpp_initialize__aeabi_                  - Undefined Weak Reference
    __cxa_finalize                            - Undefined Weak Reference
    __decompress                              - Undefined Weak Reference
    _clock_init                               - Undefined Weak Reference
    _microlib_exit                            - Undefined Weak Reference
    __Vectors_Size                           0x000000ec   Number         0  startup_stm32f10x_md.o ABSOLUTE
    __Vectors                                0x08000000   Data           4  startup_stm32f10x_md.o(RESET)
    __Vectors_End                            0x080000ec   Data           0  startup_stm32f10x_md.o(RESET)
    __main                                   0x080000ed   Thumb Code     0  entry.o(.ARM.Collect$$$$00000000)
    _main_stk                                0x080000ed   Thumb Code     0  entry2.o(.ARM.Collect$$$$00000001)
    _main_scatterload                        0x080000f1   Thumb Code     0  entry5.o(.ARM.Collect$$$$00000004)
    __main_after_scatterload                 0x080000f5   Thumb Code     0  entry5.o(.ARM.Collect$$$$00000004)
    _main_clock                              0x080000f5   Thumb Code     0  entry7b.o(.ARM.Collect$$$$00000008)
    _main_cpp_init                           0x080000f5   Thumb Code     0  entry8b.o(.ARM.Collect$$$$0000000A)
    _main_init                               0x080000f5   Thumb Code     0  entry9a.o(.ARM.Collect$$$$0000000B)
    __rt_lib_shutdown_fini                   0x080000fd   Thumb Code     0  entry12b.o(.ARM.Collect$$$$0000000E)
    __rt_final_cpp                           0x08000101   Thumb Code     0  entry10a.o(.ARM.Collect$$$$0000000F)
    __rt_final_exit                          0x08000101   Thumb Code     0  entry11a.o(.ARM.Collect$$$$00000011)
    Reset_Handler                            0x08000105   Thumb Code     8  startup_stm32f10x_md.o(.text)
    ADC1_2_IRQHandler                        0x0800011f   Thumb Code     0  startup_stm32f10x_md.o(.text)
    CAN1_RX1_IRQHandler                      0x0800011f   Thumb Code     0  startup_stm32f10x_md.o(.text)
    CAN1_SCE_IRQHandler                      0x0800011f   Thumb Code     0  startup_stm32f10x_md.o(.text)
    DMA1_Channel1_IRQHandler                 0x0800011f   Thumb Code     0  startup_stm32f10x_md.o(.text)
    DMA1_Channel2_IRQHandler                 0x0800011f   Thumb Code     0  startup_stm32f10x_md.o(.text)
    DMA1_Channel3_IRQHandler                 0x0800011f   Thumb Code     0  startup_stm32f10x_md.o(.text)
    DMA1_Channel4_IRQHandler                 0x0800011f   Thumb Code     0  startup_stm32f10x_md.o(.text)
    DMA1_Channel5_IRQHandler                 0x0800011f   Thumb Code     0  startup_stm32f10x_md.o(.text)
    DMA1_Channel6_IRQHandler                 0x0800011f   Thumb Code     0  startup_stm32f10x_md.o(.text)
    DMA1_Channel7_IRQHandler                 0x0800011f   Thumb Code     0  startup_stm32f10x_md.o(.text)
    EXTI0_IRQHandler                         0x0800011f   Thumb Code     0  startup_stm32f10x_md.o(.text)
    EXTI15_10_IRQHandler                     0x0800011f   Thumb Code     0  startup_stm32f10x_md.o(.text)
    EXTI1_IRQHandler                         0x0800011f   Thumb Code     0  startup_stm32f10x_md.o(.text)
    EXTI2_IRQHandler                         0x0800011f   Thumb Code     0  startup_stm32f10x_md.o(.text)
    EXTI3_IRQHandler                         0x0800011f   Thumb Code     0  startup_stm32f10x_md.o(.text)
    EXTI4_IRQHandler                         0x0800011f   Thumb Code     0  startup_stm32f10x_md.o(.text)
    EXTI9_5_IRQHandler                       0x0800011f   Thumb Code     0  startup_stm32f10x_md.o(.text)
    FLASH_IRQHandler                         0x0800011f   Thumb Code     0  startup_stm32f10x_md.o(.text)
    I2C1_ER_IRQHandler                       0x0800011f   Thumb Code     0  startup_stm32f10x_md.o(.text)
    I2C1_EV_IRQHandler                       0x0800011f   Thumb Code     0  startup_stm32f10x_md.o(.text)
    I2C2_ER_IRQHandler                       0x0800011f   Thumb Code     0  startup_stm32f10x_md.o(.text)
    I2C2_EV_IRQHandler                       0x0800011f   Thumb Code     0  startup_stm32f10x_md.o(.text)
    PVD_IRQHandler                           0x0800011f   Thumb Code     0  startup_stm32f10x_md.o(.text)
    RCC_IRQHandler                           0x0800011f   Thumb Code     0  startup_stm32f10x_md.o(.text)
    RTCAlarm_IRQHandler                      0x0800011f   Thumb Code     0  startup_stm32f10x_md.o(.text)
    RTC_IRQHandler                           0x0800011f   Thumb Code     0  startup_stm32f10x_md.o(.text)
    SPI1_IRQHandler                          0x0800011f   Thumb Code     0  startup_stm32f10x_md.o(.text)
    SPI2_IRQHandler                          0x0800011f   Thumb Code     0  startup_stm32f10x_md.o(.text)
    TAMPER_IRQHandler                        0x0800011f   Thumb Code     0  startup_stm32f10x_md.o(.text)
    TIM1_BRK_IRQHandler                      0x0800011f   Thumb Code     0  startup_stm32f10x_md.o(.text)
    TIM1_CC_IRQHandler                       0x0800011f   Thumb Code     0  startup_stm32f10x_md.o(.text)
    TIM1_TRG_COM_IRQHandler                  0x0800011f   Thumb Code     0  startup_stm32f10x_md.o(.text)
    TIM1_UP_IRQHandler                       0x0800011f   Thumb Code     0  startup_stm32f10x_md.o(.text)
    TIM2_IRQHandler                          0x0800011f   Thumb Code     0  startup_stm32f10x_md.o(.text)
    TIM3_IRQHandler                          0x0800011f   Thumb Code     0  startup_stm32f10x_md.o(.text)
    TIM4_IRQHandler                          0x0800011f   Thumb Code     0  startup_stm32f10x_md.o(.text)
    USART1_IRQHandler                        0x0800011f   Thumb Code     0  startup_stm32f10x_md.o(.text)
    USART2_IRQHandler                        0x0800011f   Thumb Code     0  startup_stm32f10x_md.o(.text)
    USART3_IRQHandler                        0x0800011f   Thumb Code     0  startup_stm32f10x_md.o(.text)
    USBWakeUp_IRQHandler                     0x0800011f   Thumb Code     0  startup_stm32f10x_md.o(.text)
    USB_HP_CAN1_TX_IRQHandler                0x0800011f   Thumb Code     0  startup_stm32f10x_md.o(.text)
    USB_LP_CAN1_RX0_IRQHandler               0x0800011f   Thumb Code     0  startup_stm32f10x_md.o(.text)
    WWDG_IRQHandler                          0x0800011f   Thumb Code     0  startup_stm32f10x_md.o(.text)
    __scatterload                            0x08000129   Thumb Code    28  init.o(.text)
    __scatterload_rt2                        0x08000129   Thumb Code     0  init.o(.text)
    BusFault_Handler                         0x0800014d   Thumb Code     4  stm32f10x_it.o(i.BusFault_Handler)
    DebugMon_Handler                         0x08000151   Thumb Code     2  stm32f10x_it.o(i.DebugMon_Handler)
    GPIO_Init                                0x08000153   Thumb Code   278  stm32f10x_gpio.o(i.GPIO_Init)
    HardFault_Handler                        0x08000269   Thumb Code     4  stm32f10x_it.o(i.HardFault_Handler)
    IIC_init                                 0x0800026d   Thumb Code    58  iic.o(i.IIC_init)
    IIC_start                                0x080002b5   Thumb Code    48  iic.o(i.IIC_start)
    IIC_stop                                 0x080002ed   Thumb Code    42  iic.o(i.IIC_stop)
    IIC_waitAck                              0x08000321   Thumb Code    76  iic.o(i.IIC_waitAck)
    IIC_writeByte                            0x08000375   Thumb Code    72  iic.o(i.IIC_writeByte)
    MemManage_Handler                        0x080003c5   Thumb Code     4  stm32f10x_it.o(i.MemManage_Handler)
    NMI_Handler                              0x080003c9   Thumb Code     2  stm32f10x_it.o(i.NMI_Handler)
    OLED_clear                               0x080003cb   Thumb Code    60  oled.o(i.OLED_clear)
    OLED_init                                0x08000407   Thumb Code   154  oled.o(i.OLED_init)
    OLED_showChinese                         0x080004a1   Thumb Code   294  oled.o(i.OLED_showChinese)
    OLED_showImage                           0x080005d1   Thumb Code    64  oled.o(i.OLED_showImage)
    OLED_showString                          0x08000611   Thumb Code    64  oled.o(i.OLED_showString)
    PendSV_Handler                           0x08000651   Thumb Code     2  stm32f10x_it.o(i.PendSV_Handler)
    RCC_APB2PeriphClockCmd                   0x08000655   Thumb Code    26  stm32f10x_rcc.o(i.RCC_APB2PeriphClockCmd)
    SSD1306_init                             0x08000675   Thumb Code     8  ssd1306.o(i.SSD1306_init)
    SSD1306_writeCmd                         0x0800067d   Thumb Code    64  ssd1306.o(i.SSD1306_writeCmd)
    SSD1306_writeData_ECC                    0x080006bd   Thumb Code    64  ssd1306.o(i.SSD1306_writeData_ECC)
    SVC_Handler                              0x080006fd   Thumb Code     2  stm32f10x_it.o(i.SVC_Handler)
    SysTick_CLKSourceConfig                  0x080007e9   Thumb Code    40  misc.o(i.SysTick_CLKSourceConfig)
    SysTick_Handler                          0x08000811   Thumb Code     2  stm32f10x_it.o(i.SysTick_Handler)
    SysTick_init                             0x08000815   Thumb Code    52  utils.o(i.SysTick_init)
    SystemInit                               0x08000851   Thumb Code    78  system_stm32f10x.o(i.SystemInit)
    UsageFault_Handler                       0x080008b1   Thumb Code     4  stm32f10x_it.o(i.UsageFault_Handler)
    __scatterload_copy                       0x080009b5   Thumb Code    14  handlers.o(i.__scatterload_copy)
    __scatterload_null                       0x080009c3   Thumb Code     2  handlers.o(i.__scatterload_null)
    __scatterload_zeroinit                   0x080009c5   Thumb Code    14  handlers.o(i.__scatterload_zeroinit)
    delayUs                                  0x080009d5   Thumb Code    70  utils.o(i.delayUs)
    main                                     0x08000a21   Thumb Code    80  main.o(i.main)
    ascii_1608                               0x08000aa4   Data        1520  oled.o(.constdata)
    CnChar24x24                              0x08001094   Data         300  oled.o(.constdata)
    CnChar16x16                              0x080011c0   Data         300  oled.o(.constdata)
    gImage_pic                               0x080012ec   Data        1024  main.o(.constdata)
    Region$$Table$$Base                      0x080016ec   Number         0  anon$$obj.o(Region$$Table)
    Region$$Table$$Limit                     0x0800170c   Number         0  anon$$obj.o(Region$$Table)
    __initial_sp                             0x20000408   Data           0  startup_stm32f10x_md.o(STACK)



==============================================================================

Memory Map of the image

  Image Entry point : 0x080000ed

  Load Region LR_IROM1 (Base: 0x08000000, Size: 0x00001710, Max: 0x00010000, ABSOLUTE)

    Execution Region ER_IROM1 (Exec base: 0x08000000, Load base: 0x08000000, Size: 0x0000170c, Max: 0x00010000, ABSOLUTE)

    Exec Addr    Load Addr    Size         Type   Attr      Idx    E Section Name        Object

    0x08000000   0x08000000   0x000000ec   Data   RO          500    RESET               startup_stm32f10x_md.o
    0x080000ec   0x080000ec   0x00000000   Code   RO          819  * .ARM.Collect$$$$00000000  mc_w.l(entry.o)
    0x080000ec   0x080000ec   0x00000004   Code   RO          822    .ARM.Collect$$$$00000001  mc_w.l(entry2.o)
    0x080000f0   0x080000f0   0x00000004   Code   RO          825    .ARM.Collect$$$$00000004  mc_w.l(entry5.o)
    0x080000f4   0x080000f4   0x00000000   Code   RO          827    .ARM.Collect$$$$00000008  mc_w.l(entry7b.o)
    0x080000f4   0x080000f4   0x00000000   Code   RO          829    .ARM.Collect$$$$0000000A  mc_w.l(entry8b.o)
    0x080000f4   0x080000f4   0x00000008   Code   RO          830    .ARM.Collect$$$$0000000B  mc_w.l(entry9a.o)
    0x080000fc   0x080000fc   0x00000004   Code   RO          837    .ARM.Collect$$$$0000000E  mc_w.l(entry12b.o)
    0x08000100   0x08000100   0x00000000   Code   RO          832    .ARM.Collect$$$$0000000F  mc_w.l(entry10a.o)
    0x08000100   0x08000100   0x00000000   Code   RO          834    .ARM.Collect$$$$00000011  mc_w.l(entry11a.o)
    0x08000100   0x08000100   0x00000004   Code   RO          823    .ARM.Collect$$$$00002712  mc_w.l(entry2.o)
    0x08000104   0x08000104   0x00000024   Code   RO          501    .text               startup_stm32f10x_md.o
    0x08000128   0x08000128   0x00000024   Code   RO          838    .text               mc_w.l(init.o)
    0x0800014c   0x0800014c   0x00000004   Code   RO          328    i.BusFault_Handler  stm32f10x_it.o
    0x08000150   0x08000150   0x00000002   Code   RO          329    i.DebugMon_Handler  stm32f10x_it.o
    0x08000152   0x08000152   0x00000116   Code   RO          511    i.GPIO_Init         stm32f10x_gpio.o
    0x08000268   0x08000268   0x00000004   Code   RO          330    i.HardFault_Handler  stm32f10x_it.o
    0x0800026c   0x0800026c   0x00000048   Code   RO            1    i.IIC_init          iic.o
    0x080002b4   0x080002b4   0x00000038   Code   RO            5    i.IIC_start         iic.o
    0x080002ec   0x080002ec   0x00000034   Code   RO            6    i.IIC_stop          iic.o
    0x08000320   0x08000320   0x00000054   Code   RO            7    i.IIC_waitAck       iic.o
    0x08000374   0x08000374   0x00000050   Code   RO            8    i.IIC_writeByte     iic.o
    0x080003c4   0x080003c4   0x00000004   Code   RO          331    i.MemManage_Handler  stm32f10x_it.o
    0x080003c8   0x080003c8   0x00000002   Code   RO          332    i.NMI_Handler       stm32f10x_it.o
    0x080003ca   0x080003ca   0x0000003c   Code   RO          162    i.OLED_clear        oled.o
    0x08000406   0x08000406   0x0000009a   Code   RO          163    i.OLED_init         oled.o
    0x080004a0   0x080004a0   0x00000130   Code   RO          164    i.OLED_showChinese  oled.o
    0x080005d0   0x080005d0   0x00000040   Code   RO          165    i.OLED_showImage    oled.o
    0x08000610   0x08000610   0x00000040   Code   RO          166    i.OLED_showString   oled.o
    0x08000650   0x08000650   0x00000002   Code   RO          333    i.PendSV_Handler    stm32f10x_it.o
    0x08000652   0x08000652   0x00000002   PAD
    0x08000654   0x08000654   0x00000020   Code   RO          623    i.RCC_APB2PeriphClockCmd  stm32f10x_rcc.o
    0x08000674   0x08000674   0x00000008   Code   RO          237    i.SSD1306_init      ssd1306.o
    0x0800067c   0x0800067c   0x00000040   Code   RO          238    i.SSD1306_writeCmd  ssd1306.o
    0x080006bc   0x080006bc   0x00000040   Code   RO          242    i.SSD1306_writeData_ECC  ssd1306.o
    0x080006fc   0x080006fc   0x00000002   Code   RO          334    i.SVC_Handler       stm32f10x_it.o
    0x080006fe   0x080006fe   0x00000008   Code   RO          428    i.SetSysClock       system_stm32f10x.o
    0x08000706   0x08000706   0x00000002   PAD
    0x08000708   0x08000708   0x000000e0   Code   RO          429    i.SetSysClockTo72   system_stm32f10x.o
    0x080007e8   0x080007e8   0x00000028   Code   RO          466    i.SysTick_CLKSourceConfig  misc.o
    0x08000810   0x08000810   0x00000002   Code   RO          335    i.SysTick_Handler   stm32f10x_it.o
    0x08000812   0x08000812   0x00000002   PAD
    0x08000814   0x08000814   0x0000003c   Code   RO          388    i.SysTick_init      utils.o
    0x08000850   0x08000850   0x00000060   Code   RO          431    i.SystemInit        system_stm32f10x.o
    0x080008b0   0x080008b0   0x00000004   Code   RO          336    i.UsageFault_Handler  stm32f10x_it.o
    0x080008b4   0x080008b4   0x000000a0   Code   RO          167    i._OLED_showChar    oled.o
    0x08000954   0x08000954   0x0000000c   Code   RO          168    i._OLED_writeCmd    oled.o
    0x08000960   0x08000960   0x0000000c   Code   RO          172    i._OLED_writeData_ECC  oled.o
    0x0800096c   0x0800096c   0x00000024   Code   RO            9    i._SDA_input        iic.o
    0x08000990   0x08000990   0x00000024   Code   RO           10    i._SDA_output       iic.o
    0x080009b4   0x080009b4   0x0000000e   Code   RO          842    i.__scatterload_copy  mc_w.l(handlers.o)
    0x080009c2   0x080009c2   0x00000002   Code   RO          843    i.__scatterload_null  mc_w.l(handlers.o)
    0x080009c4   0x080009c4   0x0000000e   Code   RO          844    i.__scatterload_zeroinit  mc_w.l(handlers.o)
    0x080009d2   0x080009d2   0x00000002   PAD
    0x080009d4   0x080009d4   0x0000004c   Code   RO          390    i.delayUs           utils.o
    0x08000a20   0x08000a20   0x00000084   Code   RO          279    i.main              main.o
    0x08000aa4   0x08000aa4   0x00000848   Data   RO          173    .constdata          oled.o
    0x080012ec   0x080012ec   0x00000400   Data   RO          280    .constdata          main.o
    0x080016ec   0x080016ec   0x00000020   Data   RO          840    Region$$Table       anon$$obj.o


    Execution Region RW_IRAM1 (Exec base: 0x20000000, Load base: 0x0800170c, Size: 0x00000408, Max: 0x00005000, ABSOLUTE)

    Exec Addr    Load Addr    Size         Type   Attr      Idx    E Section Name        Object

    0x20000000   0x0800170c   0x00000004   Data   RW          391    .data               utils.o
    0x20000004   0x08001710   0x00000004   PAD
    0x20000008        -       0x00000400   Zero   RW          498    STACK               startup_stm32f10x_md.o


==============================================================================

Image component sizes


      Code (inc. data)   RO Data    RW Data    ZI Data      Debug   Object Name

         0          0          0          0          0         32   core_cm3.o
       416         60          0          0          0     217932   iic.o
       132         52       1024          0          0        960   main.o
        40          0          0          0          0        558   misc.o
       830         14       2120          0          0       6324   oled.o
       136          0          0          0          0       1630   ssd1306.o
        36          8        236          0       1024        812   startup_stm32f10x_md.o
       278          0          0          0          0       2172   stm32f10x_gpio.o
        26          0          0          0          0       3822   stm32f10x_it.o
        32          6          0          0          0        609   stm32f10x_rcc.o
       328         28          0          0          0       1977   system_stm32f10x.o
       136         14          0          4          0       1201   utils.o

    ----------------------------------------------------------------------
      2396        182       3412          4       1028     238029   Object Totals
         0          0         32          0          0          0   (incl. Generated)
         6          0          0          0          4          0   (incl. Padding)

    ----------------------------------------------------------------------

      Code (inc. data)   RO Data    RW Data    ZI Data      Debug   Library Member Name

         0          0          0          0          0          0   entry.o
         0          0          0          0          0          0   entry10a.o
         0          0          0          0          0          0   entry11a.o
         4          0          0          0          0          0   entry12b.o
         8          4          0          0          0          0   entry2.o
         4          0          0          0          0          0   entry5.o
         0          0          0          0          0          0   entry7b.o
         0          0          0          0          0          0   entry8b.o
         8          4          0          0          0          0   entry9a.o
        30          0          0          0          0          0   handlers.o
        36          8          0          0          0         68   init.o

    ----------------------------------------------------------------------
        92         16          0          0          0         68   Library Totals
         2          0          0          0          0          0   (incl. Padding)

    ----------------------------------------------------------------------

      Code (inc. data)   RO Data    RW Data    ZI Data      Debug   Library Name

        90         16          0          0          0         68   mc_w.l

    ----------------------------------------------------------------------
        92         16          0          0          0         68   Library Totals

    ----------------------------------------------------------------------

==============================================================================


      Code (inc. data)   RO Data    RW Data    ZI Data      Debug   

      2488        198       3412          4       1028     236533   Grand Totals
      2488        198       3412          4       1028     236533   ELF Image Totals
      2488        198       3412          4          0          0   ROM Totals

==============================================================================

    Total RO  Size (Code + RO Data)                 5900 (   5.76kB)
    Total RW  Size (RW Data + ZI Data)              1032 (   1.01kB)
    Total ROM Size (Code + RO Data + RW Data)       5904 (   5.77kB)

==============================================================================

