<html>
<body>
<pre>
<h1>µVision Build Log</h1>
<h2>Tool Versions:</h2>
IDE-Version: ¦ÌVision V5.40.0.0
Copyright (C) 2024 ARM Ltd and ARM Germany GmbH. All rights reserved.
License Information: Humid1ch Dxyt, Nothing, LIC=D0D7S-LEY92-FW32N-YW4CJ-Z2PWD-GKLK4
 
Tool Versions:
Toolchain:       MDK-ARM Plus  Version: 5.40.0.3
Toolchain Path:  C:\Keil_v5\ARM\ARMCC\Bin
C Compiler:      Armcc.exe V5.06 update 7 (build 960)
Assembler:       Armasm.exe V5.06 update 7 (build 960)
Linker/Locator:  ArmLink.exe V5.06 update 7 (build 960)
Library Manager: ArmAr.exe V5.06 update 7 (build 960)
Hex Converter:   FromElf.exe V5.06 update 7 (build 960)
CPU DLL:         SARMCM3.DLL V5.40.0.3
Dialog DLL:      DCM.DLL V1.17.5.0
Target DLL:      UL2CM3.DLL V1.164.11.0
Dialog DLL:      TCM.DLL V1.56.4.0
 
<h2>Project:</h2>
C:\Users\Humid1ch\gitCode\codeRecords\KeilProject\STM32\IIC_OLED\iic_oled.uvprojx
Project File Date:  10/30/2024

<h2>Output:</h2>
*** Using Compiler 'V5.06 update 7 (build 960)', folder: 'C:\Keil_v5\ARM\ARMCC\Bin'
Rebuild target 'Target 1'
assembling startup_stm32f10x_md.s...
compiling core_cm3.c...
compiling utils.c...
compiling oled.c...
Apps\oled.c(209): warning:  #177-D: function "_OLED_writeData"  was declared but never referenced
  static void _OLED_writeData(u8 u8data) {
Apps\oled.c(199): warning:  #177-D: function "_OLED_writeDataBegin"  was declared but never referenced
  static void _OLED_writeDataBegin(void) {
Apps\oled.c(204): warning:  #177-D: function "_OLED_writeDataOver"  was declared but never referenced
  static void _OLED_writeDataOver(void) {
Apps\oled.c: 3 warnings, 0 errors
compiling stm32f10x_it.c...
compiling main.c...
compiling misc.c...
compiling ssd1306.c...
compiling system_stm32f10x.c...
compiling iic.c...
compiling stm32f10x_gpio.c...
compiling stm32f10x_rcc.c...
linking...
Program Size: Code=2488 RO-data=3412 RW-data=4 ZI-data=1028  
FromELF: creating hex file...
".\Objects\iic_oled.axf" - 0 Error(s), 3 Warning(s).

<h2>Software Packages used:</h2>

Package Vendor: Keil
                https://www.keil.com/pack/Keil.STM32F1xx_DFP.2.4.1.pack
                Keil::STM32F1xx_DFP@2.4.1
                STMicroelectronics STM32F1 Series Device Support, Drivers and Examples

<h2>Collection of Component include folders:</h2>
  C:/Keil_v5/ARM/Packs/Keil/STM32F1xx_DFP/2.4.1/Device/Include

<h2>Collection of Component Files used:</h2>
Build Time Elapsed:  00:00:01
</pre>
</body>
</html>
