Component: ARM Compiler 5.06 update 7 (build 960) Tool: armlink [4d3601]

==============================================================================

Section Cross References

    beep.o(i.BEEP_init) refers to stm32f10x_rcc.o(i.RCC_APB2PeriphClockCmd) for RCC_APB2PeriphClockCmd
    beep.o(i.BEEP_init) refers to stm32f10x_gpio.o(i.GPIO_Init) for GPIO_Init
    beep.o(i.BEEP_pulse50Us) refers to utils.o(i.delayUs) for delayUs
    ds18b20.o(i.DS18B20_init) refers to one_write.o(i.OW_init) for OW_init
    ds18b20.o(i.DS18B20_readTemperature) refers to one_write.o(i.OW_reset) for OW_reset
    ds18b20.o(i.DS18B20_readTemperature) refers to one_write.o(i.OW_writeByte) for OW_writeByte
    ds18b20.o(i.DS18B20_readTemperature) refers to utils.o(i.delayMs) for delayMs
    ds18b20.o(i.DS18B20_readTemperature) refers to one_write.o(i.OW_readByte) for OW_readByte
    esp8266.o(i.ESP8266_init) refers to stm32f10x_rcc.o(i.RCC_APB2PeriphClockCmd) for RCC_APB2PeriphClockCmd
    esp8266.o(i.ESP8266_init) refers to stm32f10x_gpio.o(i.GPIO_Init) for GPIO_Init
    esp8266.o(i.ESP8266_sendATCmd) refers to printfa.o(i.__0printf) for __2printf
    esp8266.o(i.ESP8266_sendATCmd) refers to usart.o(.data) for USART_use
    one_write.o(i.OW_init) refers to stm32f10x_rcc.o(i.RCC_APB2PeriphClockCmd) for RCC_APB2PeriphClockCmd
    one_write.o(i.OW_init) refers to stm32f10x_gpio.o(i.GPIO_Init) for GPIO_Init
    one_write.o(i.OW_readByte) refers to one_write.o(i._readBit) for _readBit
    one_write.o(i.OW_reset) refers to one_write.o(i._OW_output) for _OW_output
    one_write.o(i.OW_reset) refers to utils.o(i.delayUs) for delayUs
    one_write.o(i.OW_reset) refers to one_write.o(i._OW_input) for _OW_input
    one_write.o(i.OW_writeByte) refers to one_write.o(i._OW_output) for _OW_output
    one_write.o(i.OW_writeByte) refers to utils.o(i.delayUs) for delayUs
    one_write.o(i._OW_input) refers to stm32f10x_gpio.o(i.GPIO_Init) for GPIO_Init
    one_write.o(i._OW_output) refers to stm32f10x_gpio.o(i.GPIO_Init) for GPIO_Init
    one_write.o(i._readBit) refers to one_write.o(i._OW_output) for _OW_output
    one_write.o(i._readBit) refers to one_write.o(i._OW_input) for _OW_input
    one_write.o(i._readBit) refers to utils.o(i.delayUs) for delayUs
    smg.o(i.SMG_display) refers to smg.o(i.SMG_writeByte) for SMG_writeByte
    smg.o(i.SMG_display) refers to utils.o(i.delayUs) for delayUs
    smg.o(i.SMG_display) refers to smg.o(.data) for smgFuncs
    smg.o(i.SMG_init) refers to stm32f10x_rcc.o(i.RCC_APB2PeriphClockCmd) for RCC_APB2PeriphClockCmd
    smg.o(i.SMG_init) refers to stm32f10x_gpio.o(i.GPIO_PinRemapConfig) for GPIO_PinRemapConfig
    smg.o(i.SMG_init) refers to stm32f10x_gpio.o(i.GPIO_Init) for GPIO_Init
    smg.o(i.SMG_writeByte) refers to stm32f10x_gpio.o(i.GPIO_ReadOutputData) for GPIO_ReadOutputData
    smg.o(i.SMG_writeByte) refers to stm32f10x_gpio.o(i.GPIO_Write) for GPIO_Write
    smg.o(.data) refers to smg.o(i.SMG1) for SMG1
    smg.o(.data) refers to smg.o(i.SMG2) for SMG2
    smg.o(.data) refers to smg.o(i.SMG3) for SMG3
    smg.o(.data) refers to smg.o(i.SMG4) for SMG4
    smg.o(.data) refers to smg.o(i.SMG5) for SMG5
    smg.o(.data) refers to smg.o(i.SMG6) for SMG6
    smg.o(.data) refers to smg.o(i.SMG7) for SMG7
    smg.o(.data) refers to smg.o(i.SMG8) for SMG8
    timer.o(i.TIMER_init) refers to stm32f10x_rcc.o(i.RCC_APB1PeriphClockCmd) for RCC_APB1PeriphClockCmd
    timer.o(i.TIMER_init) refers to misc.o(i.NVIC_Init) for NVIC_Init
    timer.o(i.TIMER_init) refers to stm32f10x_tim.o(i.TIM_TimeBaseInit) for TIM_TimeBaseInit
    timer.o(i.TIMER_init) refers to stm32f10x_tim.o(i.TIM_ITConfig) for TIM_ITConfig
    timer.o(i.TIMER_init) refers to stm32f10x_tim.o(i.TIM_Cmd) for TIM_Cmd
    usart.o(i.USART1_init) refers to stm32f10x_rcc.o(i.RCC_APB2PeriphClockCmd) for RCC_APB2PeriphClockCmd
    usart.o(i.USART1_init) refers to stm32f10x_gpio.o(i.GPIO_Init) for GPIO_Init
    usart.o(i.USART1_init) refers to stm32f10x_usart.o(i.USART_Init) for USART_Init
    usart.o(i.USART1_init) refers to stm32f10x_usart.o(i.USART_ITConfig) for USART_ITConfig
    usart.o(i.USART1_init) refers to misc.o(i.NVIC_Init) for NVIC_Init
    usart.o(i.USART1_init) refers to stm32f10x_usart.o(i.USART_Cmd) for USART_Cmd
    usart.o(i.USART2_init) refers to stm32f10x_rcc.o(i.RCC_APB1PeriphClockCmd) for RCC_APB1PeriphClockCmd
    usart.o(i.USART2_init) refers to stm32f10x_rcc.o(i.RCC_APB2PeriphClockCmd) for RCC_APB2PeriphClockCmd
    usart.o(i.USART2_init) refers to stm32f10x_gpio.o(i.GPIO_Init) for GPIO_Init
    usart.o(i.USART2_init) refers to stm32f10x_usart.o(i.USART_Init) for USART_Init
    usart.o(i.USART2_init) refers to stm32f10x_usart.o(i.USART_ITConfig) for USART_ITConfig
    usart.o(i.USART2_init) refers to misc.o(i.NVIC_Init) for NVIC_Init
    usart.o(i.USART2_init) refers to stm32f10x_usart.o(i.USART_Cmd) for USART_Cmd
    usart.o(i.USART3_init) refers to stm32f10x_rcc.o(i.RCC_APB1PeriphClockCmd) for RCC_APB1PeriphClockCmd
[...]
    Removing stm32f10x_i2c.o(i.I2C_OwnAddress2Config), (22 bytes).
    Removing stm32f10x_i2c.o(i.I2C_PECPositionConfig), (28 bytes).
    Removing stm32f10x_i2c.o(i.I2C_ReadRegister), (22 bytes).
    Removing stm32f10x_i2c.o(i.I2C_ReceiveData), (8 bytes).
    Removing stm32f10x_i2c.o(i.I2C_SMBusAlertConfig), (28 bytes).
    Removing stm32f10x_i2c.o(i.I2C_SoftwareResetCmd), (22 bytes).
    Removing stm32f10x_i2c.o(i.I2C_StretchClockCmd), (24 bytes).
    Removing stm32f10x_i2c.o(i.I2C_StructInit), (30 bytes).
    Removing stm32f10x_i2c.o(i.I2C_TransmitPEC), (24 bytes).

222 unused section(s) (total 8562 bytes) removed from the image.

==============================================================================

Image Symbol Table

    Local Symbols

    Symbol Name                              Value     Ov Type        Size  Object(Section)

    ../clib/microlib/ctype/ctype.c           0x00000000   Number         0  ctype_c.o ABSOLUTE
    ../clib/microlib/ctype/ctype.c           0x00000000   Number         0  isspace_c.o ABSOLUTE
    ../clib/microlib/division.c              0x00000000   Number         0  uldiv.o ABSOLUTE
    ../clib/microlib/division.c              0x00000000   Number         0  uidiv.o ABSOLUTE
    ../clib/microlib/init/entry.s            0x00000000   Number         0  entry2.o ABSOLUTE
    ../clib/microlib/init/entry.s            0x00000000   Number         0  entry12b.o ABSOLUTE
    ../clib/microlib/init/entry.s            0x00000000   Number         0  entry12a.o ABSOLUTE
    ../clib/microlib/init/entry.s            0x00000000   Number         0  entry11b.o ABSOLUTE
    ../clib/microlib/init/entry.s            0x00000000   Number         0  entry11a.o ABSOLUTE
    ../clib/microlib/init/entry.s            0x00000000   Number         0  entry5.o ABSOLUTE
    ../clib/microlib/init/entry.s            0x00000000   Number         0  entry10b.o ABSOLUTE
    ../clib/microlib/init/entry.s            0x00000000   Number         0  entry10a.o ABSOLUTE
    ../clib/microlib/init/entry.s            0x00000000   Number         0  entry7a.o ABSOLUTE
    ../clib/microlib/init/entry.s            0x00000000   Number         0  entry9b.o ABSOLUTE
    ../clib/microlib/init/entry.s            0x00000000   Number         0  entry.o ABSOLUTE
    ../clib/microlib/init/entry.s            0x00000000   Number         0  entry9a.o ABSOLUTE
    ../clib/microlib/init/entry.s            0x00000000   Number         0  entry8b.o ABSOLUTE
    ../clib/microlib/init/entry.s            0x00000000   Number         0  entry8a.o ABSOLUTE
    ../clib/microlib/init/entry.s            0x00000000   Number         0  entry7b.o ABSOLUTE
    ../clib/microlib/longlong.c              0x00000000   Number         0  llsshr.o ABSOLUTE
    ../clib/microlib/longlong.c              0x00000000   Number         0  llshl.o ABSOLUTE
    ../clib/microlib/longlong.c              0x00000000   Number         0  llushr.o ABSOLUTE
    ../clib/microlib/printf/printf.c         0x00000000   Number         0  printf8.o ABSOLUTE
    ../clib/microlib/printf/printf.c         0x00000000   Number         0  printf7.o ABSOLUTE
    ../clib/microlib/printf/printf.c         0x00000000   Number         0  printf6.o ABSOLUTE
    ../clib/microlib/printf/printf.c         0x00000000   Number         0  printf5.o ABSOLUTE
    ../clib/microlib/printf/printf.c         0x00000000   Number         0  printf4.o ABSOLUTE
    ../clib/microlib/printf/printf.c         0x00000000   Number         0  printf2.o ABSOLUTE
    ../clib/microlib/printf/printf.c         0x00000000   Number         0  printf1.o ABSOLUTE
    ../clib/microlib/printf/printf.c         0x00000000   Number         0  printf0.o ABSOLUTE
    ../clib/microlib/printf/printf.c         0x00000000   Number         0  printfb.o ABSOLUTE
    ../clib/microlib/printf/printf.c         0x00000000   Number         0  printf3.o ABSOLUTE
    ../clib/microlib/printf/printf.c         0x00000000   Number         0  printfa.o ABSOLUTE
    ../clib/microlib/printf/stubs.s          0x00000000   Number         0  stubs.o ABSOLUTE
    ../clib/microlib/stdio/streams.c         0x00000000   Number         0  stdout.o ABSOLUTE
    ../clib/microlib/string/memset.c         0x00000000   Number         0  memseta.o ABSOLUTE
    ../clib/microlib/string/strlen.c         0x00000000   Number         0  strlen.o ABSOLUTE
    ../clib/microlib/string/strstr.c         0x00000000   Number         0  strstr.o ABSOLUTE
    ../clib/microlib/stubs.s                 0x00000000   Number         0  iusefp.o ABSOLUTE
    ../clib/scanf.c                          0x00000000   Number         0  _scanf.o ABSOLUTE
    ../clib/scanf.c                          0x00000000   Number         0  __0sscanf.o ABSOLUTE
    ../clib/scanf.c                          0x00000000   Number         0  _sgetc.o ABSOLUTE
    ../clib/scanf.c                          0x00000000   Number         0  scanf_char.o ABSOLUTE
    ../clib/scanf.c                          0x00000000   Number         0  _chval.o ABSOLUTE
    ../clib/scanf.c                          0x00000000   Number         0  _scanf_int.o ABSOLUTE
    ../clib/scanf.c                          0x00000000   Number         0  _scanf_str.o ABSOLUTE
    ../fplib/microlib/d2f.c                  0x00000000   Number         0  d2f.o ABSOLUTE
    ../fplib/microlib/f2d.c                  0x00000000   Number         0  f2d.o ABSOLUTE
    ../fplib/microlib/fpadd.c                0x00000000   Number         0  fadd.o ABSOLUTE
    ../fplib/microlib/fpadd.c                0x00000000   Number         0  dadd.o ABSOLUTE
    ../fplib/microlib/fpdiv.c                0x00000000   Number         0  ddiv.o ABSOLUTE
    ../fplib/microlib/fpdiv.c                0x00000000   Number         0  fdiv.o ABSOLUTE
    ../fplib/microlib/fpepilogue.c           0x00000000   Number         0  fepilogue.o ABSOLUTE
    ../fplib/microlib/fpepilogue.c           0x00000000   Number         0  depilogue.o ABSOLUTE
    ../fplib/microlib/fpfix.c                0x00000000   Number         0  ffixui.o ABSOLUTE
    ../fplib/microlib/fpfix.c                0x00000000   Number         0  dfixul.o ABSOLUTE
    ../fplib/microlib/fpflt.c                0x00000000   Number         0  fflti.o ABSOLUTE
    ../fplib/microlib/fpflt.c                0x00000000   Number         0  dfltui.o ABSOLUTE
    ../fplib/microlib/fpmul.c                0x00000000   Number         0  dmul.o ABSOLUTE
    ../fplib/microlib/fpmul.c                0x00000000   Number         0  fmul.o ABSOLUTE
    Apps\beep.c                              0x00000000   Number         0  beep.o ABSOLUTE
    Apps\ds18b20.c                           0x00000000   Number         0  ds18b20.o ABSOLUTE
    Apps\esp8266.c                           0x00000000   Number         0  esp8266.o ABSOLUTE
    Apps\iic.c                               0x00000000   Number         0  iic.o ABSOLUTE
    Apps\matrix_key.c                        0x00000000   Number         0  matrix_key.o ABSOLUTE
    Apps\oled.c                              0x00000000   Number         0  oled.o ABSOLUTE
    Apps\one_write.c                         0x00000000   Number         0  one_write.o ABSOLUTE
    Apps\rtc.c                               0x00000000   Number         0  rtc.o ABSOLUTE
    Apps\smg.c                               0x00000000   Number         0  smg.o ABSOLUTE
    Apps\ssd1306.c                           0x00000000   Number         0  ssd1306.o ABSOLUTE
    Apps\timer.c                             0x00000000   Number         0  timer.o ABSOLUTE
    Apps\usart.c                             0x00000000   Number         0  usart.o ABSOLUTE
    Libraries\CMSIS\core_cm3.c               0x00000000   Number         0  core_cm3.o ABSOLUTE
    Libraries\CMSIS\startup_stm32f10x_md.s   0x00000000   Number         0  startup_stm32f10x_md.o ABSOLUTE
    Libraries\STM32F10x_StdPeriph_Driver\src\misc.c 0x00000000   Number         0  misc.o ABSOLUTE
    Libraries\STM32F10x_StdPeriph_Driver\src\stm32f10x_bkp.c 0x00000000   Number         0  stm32f10x_bkp.o ABSOLUTE
    Libraries\STM32F10x_StdPeriph_Driver\src\stm32f10x_exti.c 0x00000000   Number         0  stm32f10x_exti.o ABSOLUTE
    Libraries\STM32F10x_StdPeriph_Driver\src\stm32f10x_gpio.c 0x00000000   Number         0  stm32f10x_gpio.o ABSOLUTE
    Libraries\STM32F10x_StdPeriph_Driver\src\stm32f10x_i2c.c 0x00000000   Number         0  stm32f10x_i2c.o ABSOLUTE
    Libraries\STM32F10x_StdPeriph_Driver\src\stm32f10x_pwr.c 0x00000000   Number         0  stm32f10x_pwr.o ABSOLUTE
    Libraries\STM32F10x_StdPeriph_Driver\src\stm32f10x_rcc.c 0x00000000   Number         0  stm32f10x_rcc.o ABSOLUTE
    Libraries\STM32F10x_StdPeriph_Driver\src\stm32f10x_rtc.c 0x00000000   Number         0  stm32f10x_rtc.o ABSOLUTE
    Libraries\STM32F10x_StdPeriph_Driver\src\stm32f10x_tim.c 0x00000000   Number         0  stm32f10x_tim.o ABSOLUTE
    Libraries\STM32F10x_StdPeriph_Driver\src\stm32f10x_usart.c 0x00000000   Number         0  stm32f10x_usart.o ABSOLUTE
    Libraries\\CMSIS\\core_cm3.c             0x00000000   Number         0  core_cm3.o ABSOLUTE
    Users\main.c                             0x00000000   Number         0  main.o ABSOLUTE
    Users\stm32f10x_it.c                     0x00000000   Number         0  stm32f10x_it.o ABSOLUTE
    Users\system_stm32f10x.c                 0x00000000   Number         0  system_stm32f10x.o ABSOLUTE
    Utils\utils.c                            0x00000000   Number         0  utils.o ABSOLUTE
    cdrcmple.s                               0x00000000   Number         0  cdrcmple.o ABSOLUTE
    dc.s                                     0x00000000   Number         0  dc.o ABSOLUTE
    handlers.s                               0x00000000   Number         0  handlers.o ABSOLUTE
    init.s                                   0x00000000   Number         0  init.o ABSOLUTE
    RESET                                    0x08000000   Section      236  startup_stm32f10x_md.o(RESET)
    .ARM.Collect$$$$00000000                 0x080000ec   Section        0  entry.o(.ARM.Collect$$$$00000000)
    .ARM.Collect$$$$00000001                 0x080000ec   Section        4  entry2.o(.ARM.Collect$$$$00000001)
    .ARM.Collect$$$$00000004                 0x080000f0   Section        4  entry5.o(.ARM.Collect$$$$00000004)
    .ARM.Collect$$$$00000008                 0x080000f4   Section        0  entry7b.o(.ARM.Collect$$$$00000008)
    .ARM.Collect$$$$0000000A                 0x080000f4   Section        0  entry8b.o(.ARM.Collect$$$$0000000A)
    .ARM.Collect$$$$0000000B                 0x080000f4   Section        8  entry9a.o(.ARM.Collect$$$$0000000B)
    .ARM.Collect$$$$0000000E                 0x080000fc   Section        4  entry12b.o(.ARM.Collect$$$$0000000E)
    .ARM.Collect$$$$0000000F                 0x08000100   Section        0  entry10a.o(.ARM.Collect$$$$0000000F)
    .ARM.Collect$$$$00000011                 0x08000100   Section        0  entry11a.o(.ARM.Collect$$$$00000011)
    .ARM.Collect$$$$00002712                 0x08000100   Section        4  entry2.o(.ARM.Collect$$$$00002712)
    __lit__00000000                          0x08000100   Data           4  entry2.o(.ARM.Collect$$$$00002712)
    .text                                    0x08000104   Section       36  startup_stm32f10x_md.o(.text)
    .text                                    0x08000128   Section        0  memseta.o(.text)
    .text                                    0x0800014c   Section        0  strstr.o(.text)
    .text                                    0x08000170   Section        0  strlen.o(.text)
    .text                                    0x08000180   Section        0  __0sscanf.o(.text)
    .text                                    0x080001b8   Section        0  _scanf_int.o(.text)
    .text                                    0x08000304   Section        0  _scanf_str.o(.text)
    .text                                    0x080003e4   Section        0  fadd.o(.text)
    .text                                    0x08000494   Section        0  fmul.o(.text)
    .text                                    0x080004f8   Section        0  fdiv.o(.text)
    .text                                    0x08000574   Section        0  dadd.o(.text)
    .text                                    0x080006c2   Section        0  dmul.o(.text)
    .text                                    0x080007a6   Section        0  fflti.o(.text)
    .text                                    0x080007b8   Section        0  dfltui.o(.text)
    .text                                    0x080007d2   Section        0  ffixui.o(.text)
    .text                                    0x080007fa   Section        0  f2d.o(.text)
    .text                                    0x08000820   Section       48  cdrcmple.o(.text)
    .text                                    0x08000850   Section        0  d2f.o(.text)
    .text                                    0x08000888   Section        0  uidiv.o(.text)
    .text                                    0x080008b4   Section        0  uldiv.o(.text)
    .text                                    0x08000916   Section        0  llshl.o(.text)
    .text                                    0x08000934   Section        0  llsshr.o(.text)
    .text                                    0x08000958   Section        0  _chval.o(.text)
    .text                                    0x08000974   Section        0  scanf_char.o(.text)
    _scanf_char_input                        0x08000975   Thumb Code    12  scanf_char.o(.text)
    .text                                    0x0800099c   Section        0  _sgetc.o(.text)
    .text                                    0x080009dc   Section        0  fepilogue.o(.text)
    .text                                    0x080009dc   Section        0  iusefp.o(.text)
    .text                                    0x08000a4a   Section        0  depilogue.o(.text)
    .text                                    0x08000b04   Section        0  ddiv.o(.text)
    .text                                    0x08000be2   Section        0  dfixul.o(.text)
    .text                                    0x08000c14   Section       36  init.o(.text)
    .text                                    0x08000c38   Section        0  llushr.o(.text)
    .text                                    0x08000c58   Section        0  isspace_c.o(.text)
    .text                                    0x08000c64   Section        0  _scanf.o(.text)
    .text                                    0x08000f94   Section        0  ctype_c.o(.text)
    i.BEEP_alertsThreshold                   0x08000fbc   Section        0  main.o(i.BEEP_alertsThreshold)
    i.BEEP_init                              0x08001008   Section        0  beep.o(i.BEEP_init)
    i.BEEP_pulse50Us                         0x08001034   Section        0  beep.o(i.BEEP_pulse50Us)
    i.BKP_DeInit                             0x0800105c   Section        0  stm32f10x_bkp.o(i.BKP_DeInit)
    i.BKP_ReadBackupRegister                 0x0800106c   Section        0  stm32f10x_bkp.o(i.BKP_ReadBackupRegister)
    i.BKP_WriteBackupRegister                0x08001088   Section        0  stm32f10x_bkp.o(i.BKP_WriteBackupRegister)
    i.BusFault_Handler                       0x080010a4   Section        0  stm32f10x_it.o(i.BusFault_Handler)
    i.DS18B20_init                           0x080010a8   Section        0  ds18b20.o(i.DS18B20_init)
    i.DS18B20_readTemperature                0x080010b0   Section        0  ds18b20.o(i.DS18B20_readTemperature)
    i.DS18B20_tempCalculate                  0x080010f0   Section        0  main.o(i.DS18B20_tempCalculate)
    i.DebugMon_Handler                       0x08001130   Section        0  stm32f10x_it.o(i.DebugMon_Handler)
    i.ESP8266_init                           0x08001134   Section        0  esp8266.o(i.ESP8266_init)
    i.ESP8266_receiveResponse                0x0800119c   Section        0  main.o(i.ESP8266_receiveResponse)
    i.ESP8266_sendATCmd                      0x08001278   Section        0  esp8266.o(i.ESP8266_sendATCmd)
    i.ESP8266_serverConfig                   0x080012a4   Section        0  main.o(i.ESP8266_serverConfig)
    i.ESP8266_tempSend                       0x080013c8   Section        0  main.o(i.ESP8266_tempSend)
    i.GPIO_Init                              0x0800147c   Section        0  stm32f10x_gpio.o(i.GPIO_Init)
    i.GPIO_PinRemapConfig                    0x08001594   Section        0  stm32f10x_gpio.o(i.GPIO_PinRemapConfig)
    i.GPIO_ReadOutputData                    0x08001624   Section        0  stm32f10x_gpio.o(i.GPIO_ReadOutputData)
    i.GPIO_Write                             0x0800162c   Section        0  stm32f10x_gpio.o(i.GPIO_Write)
    i.HardFault_Handler                      0x08001630   Section        0  stm32f10x_it.o(i.HardFault_Handler)
    i.I2C_CheckEvent                         0x08001634   Section        0  stm32f10x_i2c.o(i.I2C_CheckEvent)
    i.I2C_Cmd                                0x0800165e   Section        0  stm32f10x_i2c.o(i.I2C_Cmd)
    i.I2C_GenerateSTART                      0x08001676   Section        0  stm32f10x_i2c.o(i.I2C_GenerateSTART)
    i.I2C_GenerateSTOP                       0x0800168e   Section        0  stm32f10x_i2c.o(i.I2C_GenerateSTOP)
    i.I2C_Init                               0x080016a8   Section        0  stm32f10x_i2c.o(i.I2C_Init)
    i.I2C_Send7bitAddress                    0x08001794   Section        0  stm32f10x_i2c.o(i.I2C_Send7bitAddress)
    i.I2C_SendData                           0x080017a6   Section        0  stm32f10x_i2c.o(i.I2C_SendData)
    i.IIC_initHard                           0x080017ac   Section        0  iic.o(i.IIC_initHard)
    i.IIC_writeReg                           0x08001820   Section        0  iic.o(i.IIC_writeReg)
    i.MKEY_init                              0x08001884   Section        0  matrix_key.o(i.MKEY_init)
    i.MKEY_keyScan                           0x080018d4   Section        0  matrix_key.o(i.MKEY_keyScan)
    i.MemManage_Handler                      0x08001958   Section        0  stm32f10x_it.o(i.MemManage_Handler)
    i.NMI_Handler                            0x0800195c   Section        0  stm32f10x_it.o(i.NMI_Handler)
    i.NVIC_Init                              0x08001960   Section        0  misc.o(i.NVIC_Init)
    i.NVIC_PriorityGroupConfig               0x080019d0   Section        0  misc.o(i.NVIC_PriorityGroupConfig)
    i.OLED_clear                             0x080019e4   Section        0  oled.o(i.OLED_clear)
    i.OLED_init                              0x08001a20   Section        0  oled.o(i.OLED_init)
    i.OLED_showChinese                       0x08001abc   Section        0  oled.o(i.OLED_showChinese)
    i.OLED_showString                        0x08001bec   Section        0  oled.o(i.OLED_showString)
    i.OLED_startDisplay                      0x08001c2c   Section        0  main.o(i.OLED_startDisplay)
    i.OLED_updateDateDisplay                 0x08001d30   Section        0  main.o(i.OLED_updateDateDisplay)
    i.OLED_updateTempDisplay                 0x08001d70   Section        0  main.o(i.OLED_updateTempDisplay)
    i.OLED_updateThresholdDisplay            0x08001da4   Section        0  main.o(i.OLED_updateThresholdDisplay)
    i.OW_init                                0x08001dd8   Section        0  one_write.o(i.OW_init)
    i.OW_readByte                            0x08001e10   Section        0  one_write.o(i.OW_readByte)
    i.OW_reset                               0x08001e38   Section        0  one_write.o(i.OW_reset)
    i.OW_writeByte                           0x08001eac   Section        0  one_write.o(i.OW_writeByte)
    i.PWR_BackupAccessCmd                    0x08001f04   Section        0  stm32f10x_pwr.o(i.PWR_BackupAccessCmd)
    i.PendSV_Handler                         0x08001f10   Section        0  stm32f10x_it.o(i.PendSV_Handler)
    i.RCC_APB1PeriphClockCmd                 0x08001f14   Section        0  stm32f10x_rcc.o(i.RCC_APB1PeriphClockCmd)
    i.RCC_APB2PeriphClockCmd                 0x08001f34   Section        0  stm32f10x_rcc.o(i.RCC_APB2PeriphClockCmd)
    i.RCC_BackupResetCmd                     0x08001f54   Section        0  stm32f10x_rcc.o(i.RCC_BackupResetCmd)
    i.RCC_GetClocksFreq                      0x08001f60   Section        0  stm32f10x_rcc.o(i.RCC_GetClocksFreq)
    i.RCC_GetFlagStatus                      0x08002034   Section        0  stm32f10x_rcc.o(i.RCC_GetFlagStatus)
    i.RCC_LSEConfig                          0x08002070   Section        0  stm32f10x_rcc.o(i.RCC_LSEConfig)
    i.RCC_RTCCLKCmd                          0x080020a4   Section        0  stm32f10x_rcc.o(i.RCC_RTCCLKCmd)
    i.RCC_RTCCLKConfig                       0x080020b0   Section        0  stm32f10x_rcc.o(i.RCC_RTCCLKConfig)
    i.RTC_ClearITPendingBit                  0x080020c0   Section        0  stm32f10x_rtc.o(i.RTC_ClearITPendingBit)
    i.RTC_EnterConfigMode                    0x080020d0   Section        0  stm32f10x_rtc.o(i.RTC_EnterConfigMode)
    i.RTC_ExitConfigMode                     0x080020e4   Section        0  stm32f10x_rtc.o(i.RTC_ExitConfigMode)
    i.RTC_GetCounter                         0x080020f8   Section        0  stm32f10x_rtc.o(i.RTC_GetCounter)
    i.RTC_GetITStatus                        0x0800210c   Section        0  stm32f10x_rtc.o(i.RTC_GetITStatus)
    i.RTC_IRQHandler                         0x08002130   Section        0  rtc.o(i.RTC_IRQHandler)
    i.RTC_ITConfig                           0x08002154   Section        0  stm32f10x_rtc.o(i.RTC_ITConfig)
    i.RTC_SetCounter                         0x08002174   Section        0  stm32f10x_rtc.o(i.RTC_SetCounter)
    i.RTC_SetPrescaler                       0x08002190   Section        0  stm32f10x_rtc.o(i.RTC_SetPrescaler)
    i.RTC_WaitForLastTask                    0x080021b0   Section        0  stm32f10x_rtc.o(i.RTC_WaitForLastTask)
    i.RTC_WaitForSynchro                     0x080021c4   Section        0  stm32f10x_rtc.o(i.RTC_WaitForSynchro)
    i.RTC_get                                0x080021e8   Section        0  rtc.o(i.RTC_get)
    i.RTC_init                               0x0800220c   Section        0  rtc.o(i.RTC_init)
    i.RTC_set                                0x080022d4   Section        0  rtc.o(i.RTC_set)
    i.SMG1                                   0x08002300   Section        0  smg.o(i.SMG1)
    i.SMG2                                   0x0800231c   Section        0  smg.o(i.SMG2)
    i.SMG3                                   0x0800233c   Section        0  smg.o(i.SMG3)
    i.SMG4                                   0x0800235c   Section        0  smg.o(i.SMG4)
    i.SMG5                                   0x0800237c   Section        0  smg.o(i.SMG5)
    i.SMG6                                   0x0800239c   Section        0  smg.o(i.SMG6)
    i.SMG7                                   0x080023bc   Section        0  smg.o(i.SMG7)
    i.SMG8                                   0x080023dc   Section        0  smg.o(i.SMG8)
    i.SMG_display                            0x080023f8   Section        0  smg.o(i.SMG_display)
    i.SMG_init                               0x0800243c   Section        0  smg.o(i.SMG_init)
    i.SMG_tempDisplay                        0x080024a0   Section        0  main.o(i.SMG_tempDisplay)
    i.SMG_writeByte                          0x080025ac   Section        0  smg.o(i.SMG_writeByte)
    i.SSD1306_initHard                       0x080025dc   Section        0  ssd1306.o(i.SSD1306_initHard)
    i.SSD1306_writeCmdHard                   0x080025e4   Section        0  ssd1306.o(i.SSD1306_writeCmdHard)
    i.SSD1306_writeDataHard                  0x080025f2   Section        0  ssd1306.o(i.SSD1306_writeDataHard)
    i.SVC_Handler                            0x08002600   Section        0  stm32f10x_it.o(i.SVC_Handler)
    i.SetSysClock                            0x08002602   Section        0  system_stm32f10x.o(i.SetSysClock)
    SetSysClock                              0x08002603   Thumb Code     8  system_stm32f10x.o(i.SetSysClock)
    i.SetSysClockTo72                        0x0800260c   Section        0  system_stm32f10x.o(i.SetSysClockTo72)
    SetSysClockTo72                          0x0800260d   Thumb Code   214  system_stm32f10x.o(i.SetSysClockTo72)
    i.SysTick_CLKSourceConfig                0x080026ec   Section        0  misc.o(i.SysTick_CLKSourceConfig)
    i.SysTick_Handler                        0x08002714   Section        0  stm32f10x_it.o(i.SysTick_Handler)
    i.SysTick_init                           0x08002718   Section        0  utils.o(i.SysTick_init)
    i.SystemInit                             0x08002754   Section        0  system_stm32f10x.o(i.SystemInit)
    i.TIM2_IRQHandler                        0x080027b4   Section        0  main.o(i.TIM2_IRQHandler)
    i.TIM3_IRQHandler                        0x080027d4   Section        0  main.o(i.TIM3_IRQHandler)
    i.TIMER_init                             0x080027f8   Section        0  timer.o(i.TIMER_init)
    i.TIM_ClearITPendingBit                  0x08002888   Section        0  stm32f10x_tim.o(i.TIM_ClearITPendingBit)
    i.TIM_Cmd                                0x0800288e   Section        0  stm32f10x_tim.o(i.TIM_Cmd)
    i.TIM_GetITStatus                        0x080028a6   Section        0  stm32f10x_tim.o(i.TIM_GetITStatus)
    i.TIM_ITConfig                           0x080028c8   Section        0  stm32f10x_tim.o(i.TIM_ITConfig)
    i.TIM_TimeBaseInit                       0x080028dc   Section        0  stm32f10x_tim.o(i.TIM_TimeBaseInit)
    i.USART1_IRQHandler                      0x08002980   Section        0  main.o(i.USART1_IRQHandler)
    i.USART1_init                            0x08002a14   Section        0  usart.o(i.USART1_init)
    i.USART3_IRQHandler                      0x08002ad4   Section        0  main.o(i.USART3_IRQHandler)
    i.USART3_init                            0x08002b68   Section        0  usart.o(i.USART3_init)
    i.USART_ClearITPendingBit                0x08002c28   Section        0  stm32f10x_usart.o(i.USART_ClearITPendingBit)
    i.USART_Cmd                              0x08002c46   Section        0  stm32f10x_usart.o(i.USART_Cmd)
    i.USART_GetFlagStatus                    0x08002c5e   Section        0  stm32f10x_usart.o(i.USART_GetFlagStatus)
    i.USART_GetITStatus                      0x08002c78   Section        0  stm32f10x_usart.o(i.USART_GetITStatus)
    i.USART_ITConfig                         0x08002ccc   Section        0  stm32f10x_usart.o(i.USART_ITConfig)
    i.USART_Init                             0x08002d18   Section        0  stm32f10x_usart.o(i.USART_Init)
    i.USART_ReceiveData                      0x08002df0   Section        0  stm32f10x_usart.o(i.USART_ReceiveData)
    i.USART_SendData                         0x08002dfa   Section        0  stm32f10x_usart.o(i.USART_SendData)
    i.UsageFault_Handler                     0x08002e02   Section        0  stm32f10x_it.o(i.UsageFault_Handler)
    i.WaitEvent                              0x08002e06   Section        0  iic.o(i.WaitEvent)
    i._MKEY_whichLTrue                       0x08002e28   Section        0  matrix_key.o(i._MKEY_whichLTrue)
    _MKEY_whichLTrue                         0x08002e29   Thumb Code   148  matrix_key.o(i._MKEY_whichLTrue)
    i._OLED_showChar                         0x08002ec0   Section        0  oled.o(i._OLED_showChar)
    _OLED_showChar                           0x08002ec1   Thumb Code   156  oled.o(i._OLED_showChar)
    i._OLED_writeCmd                         0x08002f60   Section        0  oled.o(i._OLED_writeCmd)
    _OLED_writeCmd                           0x08002f61   Thumb Code    12  oled.o(i._OLED_writeCmd)
    i._OLED_writeData_ECC                    0x08002f6c   Section        0  oled.o(i._OLED_writeData_ECC)
    _OLED_writeData_ECC                      0x08002f6d   Thumb Code    12  oled.o(i._OLED_writeData_ECC)
    i._OW_input                              0x08002f78   Section        0  one_write.o(i._OW_input)
    _OW_input                                0x08002f79   Thumb Code    32  one_write.o(i._OW_input)
    i._OW_output                             0x08002f9c   Section        0  one_write.o(i._OW_output)
    _OW_output                               0x08002f9d   Thumb Code    32  one_write.o(i._OW_output)
    i.__0printf                              0x08002fc0   Section        0  printfa.o(i.__0printf)
    i.__0sprintf                             0x08002fe0   Section        0  printfa.o(i.__0sprintf)
    i.__scatterload_copy                     0x08003008   Section       14  handlers.o(i.__scatterload_copy)
    i.__scatterload_null                     0x08003016   Section        2  handlers.o(i.__scatterload_null)
    i.__scatterload_zeroinit                 0x08003018   Section       14  handlers.o(i.__scatterload_zeroinit)
    i._fp_digits                             0x08003028   Section        0  printfa.o(i._fp_digits)
    _fp_digits                               0x08003029   Thumb Code   366  printfa.o(i._fp_digits)
    i._printf_core                           0x080031ac   Section        0  printfa.o(i._printf_core)
    _printf_core                             0x080031ad   Thumb Code  1704  printfa.o(i._printf_core)
    i._printf_post_padding                   0x08003860   Section        0  printfa.o(i._printf_post_padding)
    _printf_post_padding                     0x08003861   Thumb Code    36  printfa.o(i._printf_post_padding)
    i._printf_pre_padding                    0x08003884   Section        0  printfa.o(i._printf_pre_padding)
    _printf_pre_padding                      0x08003885   Thumb Code    46  printfa.o(i._printf_pre_padding)
    i._readBit                               0x080038b4   Section        0  one_write.o(i._readBit)
    _readBit                                 0x080038b5   Thumb Code    58  one_write.o(i._readBit)
    i._sputc                                 0x080038f8   Section        0  printfa.o(i._sputc)
    _sputc                                   0x080038f9   Thumb Code    10  printfa.o(i._sputc)
    i.delayMs                                0x08003904   Section        0  utils.o(i.delayMs)
    i.delayUs                                0x08003958   Section        0  utils.o(i.delayUs)
    i.fputc                                  0x080039a4   Section        0  usart.o(i.fputc)
    i.getDateFromStamp                       0x08003a18   Section        0  rtc.o(i.getDateFromStamp)
    getDateFromStamp                         0x08003a19   Thumb Code   248  rtc.o(i.getDateFromStamp)
    i.getDateStampDiff                       0x08003b18   Section        0  rtc.o(i.getDateStampDiff)
    getDateStampDiff                         0x08003b19   Thumb Code   308  rtc.o(i.getDateStampDiff)
    i.getLeapYears                           0x08003c54   Section        0  rtc.o(i.getLeapYears)
    getLeapYears                             0x08003c55   Thumb Code    40  rtc.o(i.getLeapYears)
    i.getMonthDay                            0x08003c80   Section        0  rtc.o(i.getMonthDay)
    getMonthDay                              0x08003c81   Thumb Code    28  rtc.o(i.getMonthDay)
    i.getWeek                                0x08003ca0   Section        0  rtc.o(i.getWeek)
    getWeek                                  0x08003ca1   Thumb Code   116  rtc.o(i.getWeek)
    i.isLeapYear                             0x08003d14   Section        0  rtc.o(i.isLeapYear)
    isLeapYear                               0x08003d15   Thumb Code    50  rtc.o(i.isLeapYear)
    i.main                                   0x08003d48   Section        0  main.o(i.main)
    .constdata                               0x08003f14   Section     2045  oled.o(.constdata)
    .constdata                               0x08004714   Section       25  rtc.o(.constdata)
    baseDate                                 0x08004714   Data          12  rtc.o(.constdata)
    monthDays                                0x08004720   Data          13  rtc.o(.constdata)
    .constdata                               0x0800472d   Section       64  ctype_c.o(.constdata)
    .data                                    0x20000000   Section       50  smg.o(.data)
    .data                                    0x20000032   Section        1  usart.o(.data)
    .data                                    0x20000034   Section       12  rtc.o(.data)
    .data                                    0x20000040   Section       10  main.o(.data)
    .data                                    0x2000004a   Section        4  utils.o(.data)
    facUs                                    0x2000004a   Data           1  utils.o(.data)
    facMs                                    0x2000004c   Data           2  utils.o(.data)
    .data                                    0x2000004e   Section       20  stm32f10x_rcc.o(.data)
    APBAHBPrescTable                         0x2000004e   Data          16  stm32f10x_rcc.o(.data)
    ADCPrescTable                            0x2000005e   Data           4  stm32f10x_rcc.o(.data)
    .data                                    0x20000064   Section        4  stdout.o(.data)
    .bss                                     0x20000068   Section      256  main.o(.bss)
    STACK                                    0x20000168   Section     1024  startup_stm32f10x_md.o(STACK)

    Global Symbols

    Symbol Name                              Value     Ov Type        Size  Object(Section)

    BuildAttributes$$THM_ISAv4$P$D$K$B$S$PE$A:L22UL41UL21$X:L11$S22US41US21$IEEE1$IW$USESV6$~STKCKD$USESV7$~SHL$OTIME$ROPI$EBA8$MICROLIB$REQ8$PRES8$EABIv2 0x00000000   Number         0  anon$$obj.o ABSOLUTE
    __ARM_use_no_argv                        0x00000000   Number         0  main.o ABSOLUTE
    _printf_a                                0x00000000   Number         0  stubs.o ABSOLUTE
    _printf_c                                0x00000000   Number         0  stubs.o ABSOLUTE
    _printf_charcount                        0x00000000   Number         0  stubs.o ABSOLUTE
    _printf_d                                0x00000000   Number         0  stubs.o ABSOLUTE
    _printf_e                                0x00000000   Number         0  stubs.o ABSOLUTE
    _printf_f                                0x00000000   Number         0  stubs.o ABSOLUTE
    _printf_flags                            0x00000000   Number         0  stubs.o ABSOLUTE
    _printf_fp_dec                           0x00000000   Number         0  stubs.o ABSOLUTE
    _printf_fp_hex                           0x00000000   Number         0  stubs.o ABSOLUTE
    _printf_g                                0x00000000   Number         0  stubs.o ABSOLUTE
    _printf_i                                0x00000000   Number         0  stubs.o ABSOLUTE
    _printf_int_dec                          0x00000000   Number         0  stubs.o ABSOLUTE
    _printf_l                                0x00000000   Number         0  stubs.o ABSOLUTE
    _printf_lc                               0x00000000   Number         0  stubs.o ABSOLUTE
    _printf_ll                               0x00000000   Number         0  stubs.o ABSOLUTE
    _printf_lld                              0x00000000   Number         0  stubs.o ABSOLUTE
    _printf_lli                              0x00000000   Number         0  stubs.o ABSOLUTE
    _printf_llo                              0x00000000   Number         0  stubs.o ABSOLUTE
    _printf_llu                              0x00000000   Number         0  stubs.o ABSOLUTE
    _printf_llx                              0x00000000   Number         0  stubs.o ABSOLUTE
    _printf_longlong_dec                     0x00000000   Number         0  stubs.o ABSOLUTE
    _printf_longlong_hex                     0x00000000   Number         0  stubs.o ABSOLUTE
    _printf_longlong_oct                     0x00000000   Number         0  stubs.o ABSOLUTE
    _printf_ls                               0x00000000   Number         0  stubs.o ABSOLUTE
    _printf_mbtowc                           0x00000000   Number         0  stubs.o ABSOLUTE
    _printf_n                                0x00000000   Number         0  stubs.o ABSOLUTE
    _printf_o                                0x00000000   Number         0  stubs.o ABSOLUTE
    _printf_p                                0x00000000   Number         0  stubs.o ABSOLUTE
    _printf_percent                          0x00000000   Number         0  stubs.o ABSOLUTE
    _printf_pre_padding                      0x00000000   Number         0  stubs.o ABSOLUTE
    _printf_return_value                     0x00000000   Number         0  stubs.o ABSOLUTE
    _printf_s                                0x00000000   Number         0  stubs.o ABSOLUTE
    _printf_sizespec                         0x00000000   Number         0  stubs.o ABSOLUTE
    _printf_str                              0x00000000   Number         0  stubs.o ABSOLUTE
    _printf_truncate_signed                  0x00000000   Number         0  stubs.o ABSOLUTE
    _printf_truncate_unsigned                0x00000000   Number         0  stubs.o ABSOLUTE
    _printf_u                                0x00000000   Number         0  stubs.o ABSOLUTE
    _printf_wc                               0x00000000   Number         0  stubs.o ABSOLUTE
    _printf_wctomb                           0x00000000   Number         0  stubs.o ABSOLUTE
    _printf_widthprec                        0x00000000   Number         0  stubs.o ABSOLUTE
    _printf_x                                0x00000000   Number         0  stubs.o ABSOLUTE
    __arm_fini_                               - Undefined Weak Reference
    __cpp_initialize__aeabi_                  - Undefined Weak Reference
    __cxa_finalize                            - Undefined Weak Reference
    __decompress                              - Undefined Weak Reference
    _clock_init                               - Undefined Weak Reference
    _microlib_exit                            - Undefined Weak Reference
    _scanf_longlong                           - Undefined Weak Reference
    _scanf_real                               - Undefined Weak Reference
    __Vectors_Size                           0x000000ec   Number         0  startup_stm32f10x_md.o ABSOLUTE
    __Vectors                                0x08000000   Data           4  startup_stm32f10x_md.o(RESET)
    __Vectors_End                            0x080000ec   Data           0  startup_stm32f10x_md.o(RESET)
    __main                                   0x080000ed   Thumb Code     0  entry.o(.ARM.Collect$$$$00000000)
    _main_stk                                0x080000ed   Thumb Code     0  entry2.o(.ARM.Collect$$$$00000001)
    _main_scatterload                        0x080000f1   Thumb Code     0  entry5.o(.ARM.Collect$$$$00000004)
    __main_after_scatterload                 0x080000f5   Thumb Code     0  entry5.o(.ARM.Collect$$$$00000004)
    _main_clock                              0x080000f5   Thumb Code     0  entry7b.o(.ARM.Collect$$$$00000008)
    _main_cpp_init                           0x080000f5   Thumb Code     0  entry8b.o(.ARM.Collect$$$$0000000A)
    _main_init                               0x080000f5   Thumb Code     0  entry9a.o(.ARM.Collect$$$$0000000B)
    __rt_lib_shutdown_fini                   0x080000fd   Thumb Code     0  entry12b.o(.ARM.Collect$$$$0000000E)
    __rt_final_cpp                           0x08000101   Thumb Code     0  entry10a.o(.ARM.Collect$$$$0000000F)
    __rt_final_exit                          0x08000101   Thumb Code     0  entry11a.o(.ARM.Collect$$$$00000011)
    Reset_Handler                            0x08000105   Thumb Code     8  startup_stm32f10x_md.o(.text)
    ADC1_2_IRQHandler                        0x0800011f   Thumb Code     0  startup_stm32f10x_md.o(.text)
    CAN1_RX1_IRQHandler                      0x0800011f   Thumb Code     0  startup_stm32f10x_md.o(.text)
    CAN1_SCE_IRQHandler                      0x0800011f   Thumb Code     0  startup_stm32f10x_md.o(.text)
    DMA1_Channel1_IRQHandler                 0x0800011f   Thumb Code     0  startup_stm32f10x_md.o(.text)
    DMA1_Channel2_IRQHandler                 0x0800011f   Thumb Code     0  startup_stm32f10x_md.o(.text)
    DMA1_Channel3_IRQHandler                 0x0800011f   Thumb Code     0  startup_stm32f10x_md.o(.text)
    DMA1_Channel4_IRQHandler                 0x0800011f   Thumb Code     0  startup_stm32f10x_md.o(.text)
    DMA1_Channel5_IRQHandler                 0x0800011f   Thumb Code     0  startup_stm32f10x_md.o(.text)
    DMA1_Channel6_IRQHandler                 0x0800011f   Thumb Code     0  startup_stm32f10x_md.o(.text)
    DMA1_Channel7_IRQHandler                 0x0800011f   Thumb Code     0  startup_stm32f10x_md.o(.text)
    EXTI0_IRQHandler                         0x0800011f   Thumb Code     0  startup_stm32f10x_md.o(.text)
    EXTI15_10_IRQHandler                     0x0800011f   Thumb Code     0  startup_stm32f10x_md.o(.text)
    EXTI1_IRQHandler                         0x0800011f   Thumb Code     0  startup_stm32f10x_md.o(.text)
    EXTI2_IRQHandler                         0x0800011f   Thumb Code     0  startup_stm32f10x_md.o(.text)
    EXTI3_IRQHandler                         0x0800011f   Thumb Code     0  startup_stm32f10x_md.o(.text)
    EXTI4_IRQHandler                         0x0800011f   Thumb Code     0  startup_stm32f10x_md.o(.text)
    EXTI9_5_IRQHandler                       0x0800011f   Thumb Code     0  startup_stm32f10x_md.o(.text)
    FLASH_IRQHandler                         0x0800011f   Thumb Code     0  startup_stm32f10x_md.o(.text)
    I2C1_ER_IRQHandler                       0x0800011f   Thumb Code     0  startup_stm32f10x_md.o(.text)
    I2C1_EV_IRQHandler                       0x0800011f   Thumb Code     0  startup_stm32f10x_md.o(.text)
    I2C2_ER_IRQHandler                       0x0800011f   Thumb Code     0  startup_stm32f10x_md.o(.text)
    I2C2_EV_IRQHandler                       0x0800011f   Thumb Code     0  startup_stm32f10x_md.o(.text)
    PVD_IRQHandler                           0x0800011f   Thumb Code     0  startup_stm32f10x_md.o(.text)
    RCC_IRQHandler                           0x0800011f   Thumb Code     0  startup_stm32f10x_md.o(.text)
    RTCAlarm_IRQHandler                      0x0800011f   Thumb Code     0  startup_stm32f10x_md.o(.text)
    SPI1_IRQHandler                          0x0800011f   Thumb Code     0  startup_stm32f10x_md.o(.text)
    SPI2_IRQHandler                          0x0800011f   Thumb Code     0  startup_stm32f10x_md.o(.text)
    TAMPER_IRQHandler                        0x0800011f   Thumb Code     0  startup_stm32f10x_md.o(.text)
    TIM1_BRK_IRQHandler                      0x0800011f   Thumb Code     0  startup_stm32f10x_md.o(.text)
    TIM1_CC_IRQHandler                       0x0800011f   Thumb Code     0  startup_stm32f10x_md.o(.text)
    TIM1_TRG_COM_IRQHandler                  0x0800011f   Thumb Code     0  startup_stm32f10x_md.o(.text)
    TIM1_UP_IRQHandler                       0x0800011f   Thumb Code     0  startup_stm32f10x_md.o(.text)
    TIM4_IRQHandler                          0x0800011f   Thumb Code     0  startup_stm32f10x_md.o(.text)
    USART2_IRQHandler                        0x0800011f   Thumb Code     0  startup_stm32f10x_md.o(.text)
    USBWakeUp_IRQHandler                     0x0800011f   Thumb Code     0  startup_stm32f10x_md.o(.text)
    USB_HP_CAN1_TX_IRQHandler                0x0800011f   Thumb Code     0  startup_stm32f10x_md.o(.text)
    USB_LP_CAN1_RX0_IRQHandler               0x0800011f   Thumb Code     0  startup_stm32f10x_md.o(.text)
    WWDG_IRQHandler                          0x0800011f   Thumb Code     0  startup_stm32f10x_md.o(.text)
    __aeabi_memset                           0x08000129   Thumb Code    14  memseta.o(.text)
    __aeabi_memset4                          0x08000129   Thumb Code     0  memseta.o(.text)
    __aeabi_memset8                          0x08000129   Thumb Code     0  memseta.o(.text)
    __aeabi_memclr                           0x08000137   Thumb Code     4  memseta.o(.text)
    __aeabi_memclr4                          0x08000137   Thumb Code     0  memseta.o(.text)
    __aeabi_memclr8                          0x08000137   Thumb Code     0  memseta.o(.text)
    _memset$wrapper                          0x0800013b   Thumb Code    18  memseta.o(.text)
    strstr                                   0x0800014d   Thumb Code    36  strstr.o(.text)
    strlen                                   0x08000171   Thumb Code    14  strlen.o(.text)
    __0sscanf                                0x08000181   Thumb Code    48  __0sscanf.o(.text)
    _scanf_int                               0x080001b9   Thumb Code   332  _scanf_int.o(.text)
    _scanf_string                            0x08000305   Thumb Code   224  _scanf_str.o(.text)
    __aeabi_fadd                             0x080003e5   Thumb Code   164  fadd.o(.text)
    __aeabi_fsub                             0x08000489   Thumb Code     6  fadd.o(.text)
    __aeabi_frsub                            0x0800048f   Thumb Code     6  fadd.o(.text)
    __aeabi_fmul                             0x08000495   Thumb Code   100  fmul.o(.text)
    __aeabi_fdiv                             0x080004f9   Thumb Code   124  fdiv.o(.text)
    __aeabi_dadd                             0x08000575   Thumb Code   322  dadd.o(.text)
    __aeabi_dsub                             0x080006b7   Thumb Code     6  dadd.o(.text)
    __aeabi_drsub                            0x080006bd   Thumb Code     6  dadd.o(.text)
    __aeabi_dmul                             0x080006c3   Thumb Code   228  dmul.o(.text)
    __aeabi_i2f                              0x080007a7   Thumb Code    18  fflti.o(.text)
    __aeabi_ui2d                             0x080007b9   Thumb Code    26  dfltui.o(.text)
    __aeabi_f2uiz                            0x080007d3   Thumb Code    40  ffixui.o(.text)
    __aeabi_f2d                              0x080007fb   Thumb Code    38  f2d.o(.text)
    __aeabi_cdrcmple                         0x08000821   Thumb Code    48  cdrcmple.o(.text)
    __aeabi_d2f                              0x08000851   Thumb Code    56  d2f.o(.text)
    __aeabi_uidiv                            0x08000889   Thumb Code     0  uidiv.o(.text)
    __aeabi_uidivmod                         0x08000889   Thumb Code    44  uidiv.o(.text)
    __aeabi_uldivmod                         0x080008b5   Thumb Code    98  uldiv.o(.text)
    __aeabi_llsl                             0x08000917   Thumb Code    30  llshl.o(.text)
    _ll_shift_l                              0x08000917   Thumb Code     0  llshl.o(.text)
    __aeabi_lasr                             0x08000935   Thumb Code    36  llsshr.o(.text)
    _ll_sshift_r                             0x08000935   Thumb Code     0  llsshr.o(.text)
    _chval                                   0x08000959   Thumb Code    28  _chval.o(.text)
    __vfscanf_char                           0x08000981   Thumb Code    20  scanf_char.o(.text)
    _sgetc                                   0x0800099d   Thumb Code    30  _sgetc.o(.text)
    _sbackspace                              0x080009bb   Thumb Code    34  _sgetc.o(.text)
    __I$use$fp                               0x080009dd   Thumb Code     0  iusefp.o(.text)
    _float_round                             0x080009dd   Thumb Code    18  fepilogue.o(.text)
    _float_epilogue                          0x080009ef   Thumb Code    92  fepilogue.o(.text)
    _double_round                            0x08000a4b   Thumb Code    30  depilogue.o(.text)
    _double_epilogue                         0x08000a69   Thumb Code   156  depilogue.o(.text)
    __aeabi_ddiv                             0x08000b05   Thumb Code   222  ddiv.o(.text)
    __aeabi_d2ulz                            0x08000be3   Thumb Code    48  dfixul.o(.text)
    __scatterload                            0x08000c15   Thumb Code    28  init.o(.text)
    __scatterload_rt2                        0x08000c15   Thumb Code     0  init.o(.text)
    __aeabi_llsr                             0x08000c39   Thumb Code    32  llushr.o(.text)
    _ll_ushift_r                             0x08000c39   Thumb Code     0  llushr.o(.text)
    isspace                                  0x08000c59   Thumb Code    10  isspace_c.o(.text)
    __vfscanf                                0x08000c65   Thumb Code   810  _scanf.o(.text)
    __ctype_lookup                           0x08000f95   Thumb Code    34  ctype_c.o(.text)
    BEEP_alertsThreshold                     0x08000fbd   Thumb Code    66  main.o(i.BEEP_alertsThreshold)
    BEEP_init                                0x08001009   Thumb Code    38  beep.o(i.BEEP_init)
    BEEP_pulse50Us                           0x08001035   Thumb Code    30  beep.o(i.BEEP_pulse50Us)
    BKP_DeInit                               0x0800105d   Thumb Code    16  stm32f10x_bkp.o(i.BKP_DeInit)
    BKP_ReadBackupRegister                   0x0800106d   Thumb Code    24  stm32f10x_bkp.o(i.BKP_ReadBackupRegister)
    BKP_WriteBackupRegister                  0x08001089   Thumb Code    22  stm32f10x_bkp.o(i.BKP_WriteBackupRegister)
    BusFault_Handler                         0x080010a5   Thumb Code     4  stm32f10x_it.o(i.BusFault_Handler)
    DS18B20_init                             0x080010a9   Thumb Code     8  ds18b20.o(i.DS18B20_init)
    DS18B20_readTemperature                  0x080010b1   Thumb Code    64  ds18b20.o(i.DS18B20_readTemperature)
    DS18B20_tempCalculate                    0x080010f1   Thumb Code    60  main.o(i.DS18B20_tempCalculate)
    DebugMon_Handler                         0x08001131   Thumb Code     2  stm32f10x_it.o(i.DebugMon_Handler)
    ESP8266_init                             0x08001135   Thumb Code    86  esp8266.o(i.ESP8266_init)
    ESP8266_receiveResponse                  0x0800119d   Thumb Code   164  main.o(i.ESP8266_receiveResponse)
    ESP8266_sendATCmd                        0x08001279   Thumb Code    34  esp8266.o(i.ESP8266_sendATCmd)
    ESP8266_serverConfig                     0x080012a5   Thumb Code   144  main.o(i.ESP8266_serverConfig)
    ESP8266_tempSend                         0x080013c9   Thumb Code   132  main.o(i.ESP8266_tempSend)
    GPIO_Init                                0x0800147d   Thumb Code   278  stm32f10x_gpio.o(i.GPIO_Init)
    GPIO_PinRemapConfig                      0x08001595   Thumb Code   138  stm32f10x_gpio.o(i.GPIO_PinRemapConfig)
    GPIO_ReadOutputData                      0x08001625   Thumb Code     8  stm32f10x_gpio.o(i.GPIO_ReadOutputData)
    GPIO_Write                               0x0800162d   Thumb Code     4  stm32f10x_gpio.o(i.GPIO_Write)
    HardFault_Handler                        0x08001631   Thumb Code     4  stm32f10x_it.o(i.HardFault_Handler)
    I2C_CheckEvent                           0x08001635   Thumb Code    42  stm32f10x_i2c.o(i.I2C_CheckEvent)
    I2C_Cmd                                  0x0800165f   Thumb Code    24  stm32f10x_i2c.o(i.I2C_Cmd)
    I2C_GenerateSTART                        0x08001677   Thumb Code    24  stm32f10x_i2c.o(i.I2C_GenerateSTART)
    I2C_GenerateSTOP                         0x0800168f   Thumb Code    24  stm32f10x_i2c.o(i.I2C_GenerateSTOP)
    I2C_Init                                 0x080016a9   Thumb Code   222  stm32f10x_i2c.o(i.I2C_Init)
    I2C_Send7bitAddress                      0x08001795   Thumb Code    18  stm32f10x_i2c.o(i.I2C_Send7bitAddress)
    I2C_SendData                             0x080017a7   Thumb Code     4  stm32f10x_i2c.o(i.I2C_SendData)
    IIC_initHard                             0x080017ad   Thumb Code   102  iic.o(i.IIC_initHard)
    IIC_writeReg                             0x08001821   Thumb Code    86  iic.o(i.IIC_writeReg)
    MKEY_init                                0x08001885   Thumb Code    76  matrix_key.o(i.MKEY_init)
    MKEY_keyScan                             0x080018d5   Thumb Code   122  matrix_key.o(i.MKEY_keyScan)
    MemManage_Handler                        0x08001959   Thumb Code     4  stm32f10x_it.o(i.MemManage_Handler)
    NMI_Handler                              0x0800195d   Thumb Code     2  stm32f10x_it.o(i.NMI_Handler)
    NVIC_Init                                0x08001961   Thumb Code   100  misc.o(i.NVIC_Init)
    NVIC_PriorityGroupConfig                 0x080019d1   Thumb Code    10  misc.o(i.NVIC_PriorityGroupConfig)
    OLED_clear                               0x080019e5   Thumb Code    60  oled.o(i.OLED_clear)
    OLED_init                                0x08001a21   Thumb Code   154  oled.o(i.OLED_init)
    OLED_showChinese                         0x08001abd   Thumb Code   294  oled.o(i.OLED_showChinese)
    OLED_showString                          0x08001bed   Thumb Code    64  oled.o(i.OLED_showString)
    OLED_startDisplay                        0x08001c2d   Thumb Code   178  main.o(i.OLED_startDisplay)
    OLED_updateDateDisplay                   0x08001d31   Thumb Code    42  main.o(i.OLED_updateDateDisplay)
    OLED_updateTempDisplay                   0x08001d71   Thumb Code    42  main.o(i.OLED_updateTempDisplay)
    OLED_updateThresholdDisplay              0x08001da5   Thumb Code    42  main.o(i.OLED_updateThresholdDisplay)
    OW_init                                  0x08001dd9   Thumb Code    46  one_write.o(i.OW_init)
    OW_readByte                              0x08001e11   Thumb Code    38  one_write.o(i.OW_readByte)
    OW_reset                                 0x08001e39   Thumb Code   106  one_write.o(i.OW_reset)
    OW_writeByte                             0x08001ead   Thumb Code    80  one_write.o(i.OW_writeByte)
    PWR_BackupAccessCmd                      0x08001f05   Thumb Code     6  stm32f10x_pwr.o(i.PWR_BackupAccessCmd)
    PendSV_Handler                           0x08001f11   Thumb Code     2  stm32f10x_it.o(i.PendSV_Handler)
    RCC_APB1PeriphClockCmd                   0x08001f15   Thumb Code    26  stm32f10x_rcc.o(i.RCC_APB1PeriphClockCmd)
    RCC_APB2PeriphClockCmd                   0x08001f35   Thumb Code    26  stm32f10x_rcc.o(i.RCC_APB2PeriphClockCmd)
    RCC_BackupResetCmd                       0x08001f55   Thumb Code     6  stm32f10x_rcc.o(i.RCC_BackupResetCmd)
    RCC_GetClocksFreq                        0x08001f61   Thumb Code   192  stm32f10x_rcc.o(i.RCC_GetClocksFreq)
    RCC_GetFlagStatus                        0x08002035   Thumb Code    56  stm32f10x_rcc.o(i.RCC_GetFlagStatus)
    RCC_LSEConfig                            0x08002071   Thumb Code    46  stm32f10x_rcc.o(i.RCC_LSEConfig)
    RCC_RTCCLKCmd                            0x080020a5   Thumb Code     6  stm32f10x_rcc.o(i.RCC_RTCCLKCmd)
    RCC_RTCCLKConfig                         0x080020b1   Thumb Code    12  stm32f10x_rcc.o(i.RCC_RTCCLKConfig)
    RTC_ClearITPendingBit                    0x080020c1   Thumb Code    12  stm32f10x_rtc.o(i.RTC_ClearITPendingBit)
    RTC_EnterConfigMode                      0x080020d1   Thumb Code    14  stm32f10x_rtc.o(i.RTC_EnterConfigMode)
    RTC_ExitConfigMode                       0x080020e5   Thumb Code    16  stm32f10x_rtc.o(i.RTC_ExitConfigMode)
    RTC_GetCounter                           0x080020f9   Thumb Code    16  stm32f10x_rtc.o(i.RTC_GetCounter)
    RTC_GetITStatus                          0x0800210d   Thumb Code    32  stm32f10x_rtc.o(i.RTC_GetITStatus)
    RTC_IRQHandler                           0x08002131   Thumb Code    30  rtc.o(i.RTC_IRQHandler)
    RTC_ITConfig                             0x08002155   Thumb Code    26  stm32f10x_rtc.o(i.RTC_ITConfig)
    RTC_SetCounter                           0x08002175   Thumb Code    24  stm32f10x_rtc.o(i.RTC_SetCounter)
    RTC_SetPrescaler                         0x08002191   Thumb Code    26  stm32f10x_rtc.o(i.RTC_SetPrescaler)
    RTC_WaitForLastTask                      0x080021b1   Thumb Code    16  stm32f10x_rtc.o(i.RTC_WaitForLastTask)
    RTC_WaitForSynchro                       0x080021c5   Thumb Code    30  stm32f10x_rtc.o(i.RTC_WaitForSynchro)
    RTC_get                                  0x080021e9   Thumb Code    34  rtc.o(i.RTC_get)
    RTC_init                                 0x0800220d   Thumb Code   196  rtc.o(i.RTC_init)
    RTC_set                                  0x080022d5   Thumb Code    44  rtc.o(i.RTC_set)
    SMG1                                     0x08002301   Thumb Code    20  smg.o(i.SMG1)
    SMG2                                     0x0800231d   Thumb Code    22  smg.o(i.SMG2)
    SMG3                                     0x0800233d   Thumb Code    24  smg.o(i.SMG3)
    SMG4                                     0x0800235d   Thumb Code    22  smg.o(i.SMG4)
    SMG5                                     0x0800237d   Thumb Code    22  smg.o(i.SMG5)
    SMG6                                     0x0800239d   Thumb Code    24  smg.o(i.SMG6)
    SMG7                                     0x080023bd   Thumb Code    22  smg.o(i.SMG7)
    SMG8                                     0x080023dd   Thumb Code    20  smg.o(i.SMG8)
    SMG_display                              0x080023f9   Thumb Code    56  smg.o(i.SMG_display)
    SMG_init                                 0x0800243d   Thumb Code    88  smg.o(i.SMG_init)
    SMG_tempDisplay                          0x080024a1   Thumb Code   252  main.o(i.SMG_tempDisplay)
    SMG_writeByte                            0x080025ad   Thumb Code    48  smg.o(i.SMG_writeByte)
    SSD1306_initHard                         0x080025dd   Thumb Code     8  ssd1306.o(i.SSD1306_initHard)
    SSD1306_writeCmdHard                     0x080025e5   Thumb Code    14  ssd1306.o(i.SSD1306_writeCmdHard)
    SSD1306_writeDataHard                    0x080025f3   Thumb Code    14  ssd1306.o(i.SSD1306_writeDataHard)
    SVC_Handler                              0x08002601   Thumb Code     2  stm32f10x_it.o(i.SVC_Handler)
    SysTick_CLKSourceConfig                  0x080026ed   Thumb Code    40  misc.o(i.SysTick_CLKSourceConfig)
    SysTick_Handler                          0x08002715   Thumb Code     2  stm32f10x_it.o(i.SysTick_Handler)
    SysTick_init                             0x08002719   Thumb Code    52  utils.o(i.SysTick_init)
    SystemInit                               0x08002755   Thumb Code    78  system_stm32f10x.o(i.SystemInit)
    TIM2_IRQHandler                          0x080027b5   Thumb Code    28  main.o(i.TIM2_IRQHandler)
    TIM3_IRQHandler                          0x080027d5   Thumb Code    28  main.o(i.TIM3_IRQHandler)
    TIMER_init                               0x080027f9   Thumb Code   136  timer.o(i.TIMER_init)
    TIM_ClearITPendingBit                    0x08002889   Thumb Code     6  stm32f10x_tim.o(i.TIM_ClearITPendingBit)
    TIM_Cmd                                  0x0800288f   Thumb Code    24  stm32f10x_tim.o(i.TIM_Cmd)
    TIM_GetITStatus                          0x080028a7   Thumb Code    34  stm32f10x_tim.o(i.TIM_GetITStatus)
    TIM_ITConfig                             0x080028c9   Thumb Code    18  stm32f10x_tim.o(i.TIM_ITConfig)
    TIM_TimeBaseInit                         0x080028dd   Thumb Code   122  stm32f10x_tim.o(i.TIM_TimeBaseInit)
    USART1_IRQHandler                        0x08002981   Thumb Code   136  main.o(i.USART1_IRQHandler)
    USART1_init                              0x08002a15   Thumb Code   184  usart.o(i.USART1_init)
    USART3_IRQHandler                        0x08002ad5   Thumb Code   136  main.o(i.USART3_IRQHandler)
    USART3_init                              0x08002b69   Thumb Code   184  usart.o(i.USART3_init)
    USART_ClearITPendingBit                  0x08002c29   Thumb Code    30  stm32f10x_usart.o(i.USART_ClearITPendingBit)
    USART_Cmd                                0x08002c47   Thumb Code    24  stm32f10x_usart.o(i.USART_Cmd)
    USART_GetFlagStatus                      0x08002c5f   Thumb Code    26  stm32f10x_usart.o(i.USART_GetFlagStatus)
    USART_GetITStatus                        0x08002c79   Thumb Code    84  stm32f10x_usart.o(i.USART_GetITStatus)
    USART_ITConfig                           0x08002ccd   Thumb Code    74  stm32f10x_usart.o(i.USART_ITConfig)
    USART_Init                               0x08002d19   Thumb Code   210  stm32f10x_usart.o(i.USART_Init)
    USART_ReceiveData                        0x08002df1   Thumb Code    10  stm32f10x_usart.o(i.USART_ReceiveData)
    USART_SendData                           0x08002dfb   Thumb Code     8  stm32f10x_usart.o(i.USART_SendData)
    UsageFault_Handler                       0x08002e03   Thumb Code     4  stm32f10x_it.o(i.UsageFault_Handler)
    WaitEvent                                0x08002e07   Thumb Code    34  iic.o(i.WaitEvent)
    __0printf                                0x08002fc1   Thumb Code    22  printfa.o(i.__0printf)
    __1printf                                0x08002fc1   Thumb Code     0  printfa.o(i.__0printf)
    __2printf                                0x08002fc1   Thumb Code     0  printfa.o(i.__0printf)
    __c89printf                              0x08002fc1   Thumb Code     0  printfa.o(i.__0printf)
    printf                                   0x08002fc1   Thumb Code     0  printfa.o(i.__0printf)
    __0sprintf                               0x08002fe1   Thumb Code    34  printfa.o(i.__0sprintf)
    __1sprintf                               0x08002fe1   Thumb Code     0  printfa.o(i.__0sprintf)
    __2sprintf                               0x08002fe1   Thumb Code     0  printfa.o(i.__0sprintf)
    __c89sprintf                             0x08002fe1   Thumb Code     0  printfa.o(i.__0sprintf)
    sprintf                                  0x08002fe1   Thumb Code     0  printfa.o(i.__0sprintf)
    __scatterload_copy                       0x08003009   Thumb Code    14  handlers.o(i.__scatterload_copy)
    __scatterload_null                       0x08003017   Thumb Code     2  handlers.o(i.__scatterload_null)
    __scatterload_zeroinit                   0x08003019   Thumb Code    14  handlers.o(i.__scatterload_zeroinit)
    delayMs                                  0x08003905   Thumb Code    80  utils.o(i.delayMs)
    delayUs                                  0x08003959   Thumb Code    70  utils.o(i.delayUs)
    fputc                                    0x080039a5   Thumb Code   100  usart.o(i.fputc)
    main                                     0x08003d49   Thumb Code   420  main.o(i.main)
    ascii_1608                               0x08003f14   Data        1520  oled.o(.constdata)
    CnChar24x24                              0x08004504   Data         300  oled.o(.constdata)
    CnChar16x16                              0x08004630   Data         225  oled.o(.constdata)
    __ctype_categories                       0x0800472d   Data          64  ctype_c.o(.constdata)
    Region$$Table$$Base                      0x08004770   Number         0  anon$$obj.o(Region$$Table)
    Region$$Table$$Limit                     0x08004790   Number         0  anon$$obj.o(Region$$Table)
    smgFuncs                                 0x20000000   Data          32  smg.o(.data)
    smgNum                                   0x20000020   Data          18  smg.o(.data)
    USART_use                                0x20000032   Data           1  usart.o(.data)
    nowDate                                  0x20000034   Data          12  rtc.o(.data)
    USART3_RX_STA                            0x20000040   Data           2  main.o(.data)
    USART1_RX_STA                            0x20000042   Data           2  main.o(.data)
    tempUpdate                               0x20000044   Data           1  main.o(.data)
    sendFlag                                 0x20000045   Data           1  main.o(.data)
    dateUpdate                               0x20000046   Data           1  main.o(.data)
    oledFirst                                0x20000047   Data           1  main.o(.data)
    threUpdate                               0x20000048   Data           1  main.o(.data)
    beepOn                                   0x20000049   Data           1  main.o(.data)
    __stdout                                 0x20000064   Data           4  stdout.o(.data)
    USART3_RX_BUF                            0x20000068   Data         128  main.o(.bss)
    USART1_RX_BUF                            0x200000e8   Data         128  main.o(.bss)
    __initial_sp                             0x20000568   Data           0  startup_stm32f10x_md.o(STACK)



==============================================================================

Memory Map of the image

  Image Entry point : 0x080000ed

  Load Region LR_IROM1 (Base: 0x08000000, Size: 0x000047f8, Max: 0x00010000, ABSOLUTE)

    Execution Region ER_IROM1 (Exec base: 0x08000000, Load base: 0x08000000, Size: 0x00004790, Max: 0x00010000, ABSOLUTE)

    Exec Addr    Load Addr    Size         Type   Attr      Idx    E Section Name        Object

    0x08000000   0x08000000   0x000000ec   Data   RO          974    RESET               startup_stm32f10x_md.o
    0x080000ec   0x080000ec   0x00000000   Code   RO         2507  * .ARM.Collect$$$$00000000  mc_w.l(entry.o)
    0x080000ec   0x080000ec   0x00000004   Code   RO         2805    .ARM.Collect$$$$00000001  mc_w.l(entry2.o)
    0x080000f0   0x080000f0   0x00000004   Code   RO         2808    .ARM.Collect$$$$00000004  mc_w.l(entry5.o)
    0x080000f4   0x080000f4   0x00000000   Code   RO         2810    .ARM.Collect$$$$00000008  mc_w.l(entry7b.o)
    0x080000f4   0x080000f4   0x00000000   Code   RO         2812    .ARM.Collect$$$$0000000A  mc_w.l(entry8b.o)
    0x080000f4   0x080000f4   0x00000008   Code   RO         2813    .ARM.Collect$$$$0000000B  mc_w.l(entry9a.o)
    0x080000fc   0x080000fc   0x00000004   Code   RO         2820    .ARM.Collect$$$$0000000E  mc_w.l(entry12b.o)
    0x08000100   0x08000100   0x00000000   Code   RO         2815    .ARM.Collect$$$$0000000F  mc_w.l(entry10a.o)
    0x08000100   0x08000100   0x00000000   Code   RO         2817    .ARM.Collect$$$$00000011  mc_w.l(entry11a.o)
    0x08000100   0x08000100   0x00000004   Code   RO         2806    .ARM.Collect$$$$00002712  mc_w.l(entry2.o)
    0x08000104   0x08000104   0x00000024   Code   RO          975    .text               startup_stm32f10x_md.o
    0x08000128   0x08000128   0x00000024   Code   RO         2510    .text               mc_w.l(memseta.o)
    0x0800014c   0x0800014c   0x00000024   Code   RO         2512    .text               mc_w.l(strstr.o)
    0x08000170   0x08000170   0x0000000e   Code   RO         2514    .text               mc_w.l(strlen.o)
    0x0800017e   0x0800017e   0x00000002   PAD
    0x08000180   0x08000180   0x00000038   Code   RO         2777    .text               mc_w.l(__0sscanf.o)
    0x080001b8   0x080001b8   0x0000014c   Code   RO         2779    .text               mc_w.l(_scanf_int.o)
    0x08000304   0x08000304   0x000000e0   Code   RO         2781    .text               mc_w.l(_scanf_str.o)
    0x080003e4   0x080003e4   0x000000b0   Code   RO         2783    .text               mf_w.l(fadd.o)
    0x08000494   0x08000494   0x00000064   Code   RO         2785    .text               mf_w.l(fmul.o)
    0x080004f8   0x080004f8   0x0000007c   Code   RO         2787    .text               mf_w.l(fdiv.o)
    0x08000574   0x08000574   0x0000014e   Code   RO         2789    .text               mf_w.l(dadd.o)
    0x080006c2   0x080006c2   0x000000e4   Code   RO         2791    .text               mf_w.l(dmul.o)
    0x080007a6   0x080007a6   0x00000012   Code   RO         2793    .text               mf_w.l(fflti.o)
    0x080007b8   0x080007b8   0x0000001a   Code   RO         2795    .text               mf_w.l(dfltui.o)
    0x080007d2   0x080007d2   0x00000028   Code   RO         2797    .text               mf_w.l(ffixui.o)
    0x080007fa   0x080007fa   0x00000026   Code   RO         2799    .text               mf_w.l(f2d.o)
    0x08000820   0x08000820   0x00000030   Code   RO         2801    .text               mf_w.l(cdrcmple.o)
    0x08000850   0x08000850   0x00000038   Code   RO         2803    .text               mf_w.l(d2f.o)
    0x08000888   0x08000888   0x0000002c   Code   RO         2822    .text               mc_w.l(uidiv.o)
    0x080008b4   0x080008b4   0x00000062   Code   RO         2824    .text               mc_w.l(uldiv.o)
    0x08000916   0x08000916   0x0000001e   Code   RO         2826    .text               mc_w.l(llshl.o)
    0x08000934   0x08000934   0x00000024   Code   RO         2828    .text               mc_w.l(llsshr.o)
    0x08000958   0x08000958   0x0000001c   Code   RO         2830    .text               mc_w.l(_chval.o)
    0x08000974   0x08000974   0x00000028   Code   RO         2832    .text               mc_w.l(scanf_char.o)
    0x0800099c   0x0800099c   0x00000040   Code   RO         2834    .text               mc_w.l(_sgetc.o)
    0x080009dc   0x080009dc   0x00000000   Code   RO         2836    .text               mc_w.l(iusefp.o)
    0x080009dc   0x080009dc   0x0000006e   Code   RO         2837    .text               mf_w.l(fepilogue.o)
    0x08000a4a   0x08000a4a   0x000000ba   Code   RO         2839    .text               mf_w.l(depilogue.o)
    0x08000b04   0x08000b04   0x000000de   Code   RO         2841    .text               mf_w.l(ddiv.o)
    0x08000be2   0x08000be2   0x00000030   Code   RO         2843    .text               mf_w.l(dfixul.o)
    0x08000c12   0x08000c12   0x00000002   PAD
    0x08000c14   0x08000c14   0x00000024   Code   RO         2845    .text               mc_w.l(init.o)
    0x08000c38   0x08000c38   0x00000020   Code   RO         2847    .text               mc_w.l(llushr.o)
    0x08000c58   0x08000c58   0x0000000a   Code   RO         2849    .text               mc_w.l(isspace_c.o)
    0x08000c62   0x08000c62   0x00000002   PAD
    0x08000c64   0x08000c64   0x00000330   Code   RO         2851    .text               mc_w.l(_scanf.o)
    0x08000f94   0x08000f94   0x00000028   Code   RO         2853    .text               mc_w.l(ctype_c.o)
    0x08000fbc   0x08000fbc   0x0000004c   Code   RO          637    i.BEEP_alertsThreshold  main.o
    0x08001008   0x08001008   0x0000002c   Code   RO            1    i.BEEP_init         beep.o
    0x08001034   0x08001034   0x00000028   Code   RO            2    i.BEEP_pulse50Us    beep.o
    0x0800105c   0x0800105c   0x00000010   Code   RO         2227    i.BKP_DeInit        stm32f10x_bkp.o
    0x0800106c   0x0800106c   0x0000001c   Code   RO         2232    i.BKP_ReadBackupRegister  stm32f10x_bkp.o
    0x08001088   0x08001088   0x0000001c   Code   RO         2236    i.BKP_WriteBackupRegister  stm32f10x_bkp.o
    0x080010a4   0x080010a4   0x00000004   Code   RO          802    i.BusFault_Handler  stm32f10x_it.o
    0x080010a8   0x080010a8   0x00000008   Code   RO          113    i.DS18B20_init      ds18b20.o
    0x080010b0   0x080010b0   0x00000040   Code   RO          114    i.DS18B20_readTemperature  ds18b20.o
    0x080010f0   0x080010f0   0x00000040   Code   RO          638    i.DS18B20_tempCalculate  main.o
    0x08001130   0x08001130   0x00000002   Code   RO          803    i.DebugMon_Handler  stm32f10x_it.o
    0x08001132   0x08001132   0x00000002   PAD
    0x08001134   0x08001134   0x00000068   Code   RO          137    i.ESP8266_init      esp8266.o
    0x0800119c   0x0800119c   0x000000dc   Code   RO          639    i.ESP8266_receiveResponse  main.o
    0x08001278   0x08001278   0x0000002c   Code   RO          138    i.ESP8266_sendATCmd  esp8266.o
    0x080012a4   0x080012a4   0x00000124   Code   RO          640    i.ESP8266_serverConfig  main.o
    0x080013c8   0x080013c8   0x000000b4   Code   RO          641    i.ESP8266_tempSend  main.o
    0x0800147c   0x0800147c   0x00000116   Code   RO          985    i.GPIO_Init         stm32f10x_gpio.o
    0x08001592   0x08001592   0x00000002   PAD
    0x08001594   0x08001594   0x00000090   Code   RO          987    i.GPIO_PinRemapConfig  stm32f10x_gpio.o
    0x08001624   0x08001624   0x00000008   Code   RO          990    i.GPIO_ReadOutputData  stm32f10x_gpio.o
    0x0800162c   0x0800162c   0x00000004   Code   RO          995    i.GPIO_Write        stm32f10x_gpio.o
    0x08001630   0x08001630   0x00000004   Code   RO          804    i.HardFault_Handler  stm32f10x_it.o
    0x08001634   0x08001634   0x0000002a   Code   RO         2306    i.I2C_CheckEvent    stm32f10x_i2c.o
    0x0800165e   0x0800165e   0x00000018   Code   RO         2309    i.I2C_Cmd           stm32f10x_i2c.o
    0x08001676   0x08001676   0x00000018   Code   RO         2316    i.I2C_GenerateSTART  stm32f10x_i2c.o
    0x0800168e   0x0800168e   0x00000018   Code   RO         2317    i.I2C_GenerateSTOP  stm32f10x_i2c.o
    0x080016a6   0x080016a6   0x00000002   PAD
    0x080016a8   0x080016a8   0x000000ec   Code   RO         2323    i.I2C_Init          stm32f10x_i2c.o
    0x08001794   0x08001794   0x00000012   Code   RO         2330    i.I2C_Send7bitAddress  stm32f10x_i2c.o
    0x080017a6   0x080017a6   0x00000004   Code   RO         2331    i.I2C_SendData      stm32f10x_i2c.o
    0x080017aa   0x080017aa   0x00000002   PAD
    0x080017ac   0x080017ac   0x00000074   Code   RO          345    i.IIC_initHard      iic.o
    0x08001820   0x08001820   0x00000064   Code   RO          354    i.IIC_writeReg      iic.o
    0x08001884   0x08001884   0x00000050   Code   RO          611    i.MKEY_init         matrix_key.o
    0x080018d4   0x080018d4   0x00000084   Code   RO          612    i.MKEY_keyScan      matrix_key.o
    0x08001958   0x08001958   0x00000004   Code   RO          805    i.MemManage_Handler  stm32f10x_it.o
    0x0800195c   0x0800195c   0x00000002   Code   RO          806    i.NMI_Handler       stm32f10x_it.o
    0x0800195e   0x0800195e   0x00000002   PAD
    0x08001960   0x08001960   0x00000070   Code   RO          936    i.NVIC_Init         misc.o
    0x080019d0   0x080019d0   0x00000014   Code   RO          937    i.NVIC_PriorityGroupConfig  misc.o
    0x080019e4   0x080019e4   0x0000003c   Code   RO          438    i.OLED_clear        oled.o
    0x08001a20   0x08001a20   0x0000009a   Code   RO          439    i.OLED_init         oled.o
    0x08001aba   0x08001aba   0x00000002   PAD
    0x08001abc   0x08001abc   0x00000130   Code   RO          440    i.OLED_showChinese  oled.o
    0x08001bec   0x08001bec   0x00000040   Code   RO          442    i.OLED_showString   oled.o
    0x08001c2c   0x08001c2c   0x00000104   Code   RO          642    i.OLED_startDisplay  main.o
    0x08001d30   0x08001d30   0x00000040   Code   RO          643    i.OLED_updateDateDisplay  main.o
    0x08001d70   0x08001d70   0x00000034   Code   RO          644    i.OLED_updateTempDisplay  main.o
    0x08001da4   0x08001da4   0x00000034   Code   RO          645    i.OLED_updateThresholdDisplay  main.o
    0x08001dd8   0x08001dd8   0x00000038   Code   RO          166    i.OW_init           one_write.o
    0x08001e10   0x08001e10   0x00000026   Code   RO          167    i.OW_readByte       one_write.o
    0x08001e36   0x08001e36   0x00000002   PAD
    0x08001e38   0x08001e38   0x00000074   Code   RO          168    i.OW_reset          one_write.o
    0x08001eac   0x08001eac   0x00000058   Code   RO          169    i.OW_writeByte      one_write.o
    0x08001f04   0x08001f04   0x0000000c   Code   RO         2165    i.PWR_BackupAccessCmd  stm32f10x_pwr.o
    0x08001f10   0x08001f10   0x00000002   Code   RO          807    i.PendSV_Handler    stm32f10x_it.o
    0x08001f12   0x08001f12   0x00000002   PAD
    0x08001f14   0x08001f14   0x00000020   Code   RO         1095    i.RCC_APB1PeriphClockCmd  stm32f10x_rcc.o
    0x08001f34   0x08001f34   0x00000020   Code   RO         1097    i.RCC_APB2PeriphClockCmd  stm32f10x_rcc.o
    0x08001f54   0x08001f54   0x0000000c   Code   RO         1100    i.RCC_BackupResetCmd  stm32f10x_rcc.o
    0x08001f60   0x08001f60   0x000000d4   Code   RO         1105    i.RCC_GetClocksFreq  stm32f10x_rcc.o
    0x08002034   0x08002034   0x0000003c   Code   RO         1106    i.RCC_GetFlagStatus  stm32f10x_rcc.o
    0x08002070   0x08002070   0x00000034   Code   RO         1113    i.RCC_LSEConfig     stm32f10x_rcc.o
    0x080020a4   0x080020a4   0x0000000c   Code   RO         1120    i.RCC_RTCCLKCmd     stm32f10x_rcc.o
    0x080020b0   0x080020b0   0x00000010   Code   RO         1121    i.RCC_RTCCLKConfig  stm32f10x_rcc.o
    0x080020c0   0x080020c0   0x00000010   Code   RO         2076    i.RTC_ClearITPendingBit  stm32f10x_rtc.o
    0x080020d0   0x080020d0   0x00000014   Code   RO         2077    i.RTC_EnterConfigMode  stm32f10x_rtc.o
    0x080020e4   0x080020e4   0x00000014   Code   RO         2078    i.RTC_ExitConfigMode  stm32f10x_rtc.o
    0x080020f8   0x080020f8   0x00000014   Code   RO         2079    i.RTC_GetCounter    stm32f10x_rtc.o
    0x0800210c   0x0800210c   0x00000024   Code   RO         2082    i.RTC_GetITStatus   stm32f10x_rtc.o
    0x08002130   0x08002130   0x00000024   Code   RO          540    i.RTC_IRQHandler    rtc.o
    0x08002154   0x08002154   0x00000020   Code   RO         2083    i.RTC_ITConfig      stm32f10x_rtc.o
    0x08002174   0x08002174   0x0000001c   Code   RO         2085    i.RTC_SetCounter    stm32f10x_rtc.o
    0x08002190   0x08002190   0x00000020   Code   RO         2086    i.RTC_SetPrescaler  stm32f10x_rtc.o
    0x080021b0   0x080021b0   0x00000014   Code   RO         2087    i.RTC_WaitForLastTask  stm32f10x_rtc.o
    0x080021c4   0x080021c4   0x00000024   Code   RO         2088    i.RTC_WaitForSynchro  stm32f10x_rtc.o
    0x080021e8   0x080021e8   0x00000022   Code   RO          541    i.RTC_get           rtc.o
    0x0800220a   0x0800220a   0x00000002   PAD
    0x0800220c   0x0800220c   0x000000c8   Code   RO          542    i.RTC_init          rtc.o
    0x080022d4   0x080022d4   0x0000002c   Code   RO          543    i.RTC_set           rtc.o
    0x08002300   0x08002300   0x0000001c   Code   RO          211    i.SMG1              smg.o
    0x0800231c   0x0800231c   0x00000020   Code   RO          212    i.SMG2              smg.o
    0x0800233c   0x0800233c   0x00000020   Code   RO          213    i.SMG3              smg.o
    0x0800235c   0x0800235c   0x00000020   Code   RO          214    i.SMG4              smg.o
    0x0800237c   0x0800237c   0x00000020   Code   RO          215    i.SMG5              smg.o
    0x0800239c   0x0800239c   0x00000020   Code   RO          216    i.SMG6              smg.o
    0x080023bc   0x080023bc   0x00000020   Code   RO          217    i.SMG7              smg.o
    0x080023dc   0x080023dc   0x0000001c   Code   RO          218    i.SMG8              smg.o
    0x080023f8   0x080023f8   0x00000044   Code   RO          219    i.SMG_display       smg.o
    0x0800243c   0x0800243c   0x00000064   Code   RO          220    i.SMG_init          smg.o
    0x080024a0   0x080024a0   0x0000010c   Code   RO          646    i.SMG_tempDisplay   main.o
    0x080025ac   0x080025ac   0x00000030   Code   RO          221    i.SMG_writeByte     smg.o
    0x080025dc   0x080025dc   0x00000008   Code   RO          499    i.SSD1306_initHard  ssd1306.o
    0x080025e4   0x080025e4   0x0000000e   Code   RO          501    i.SSD1306_writeCmdHard  ssd1306.o
    0x080025f2   0x080025f2   0x0000000e   Code   RO          502    i.SSD1306_writeDataHard  ssd1306.o
    0x08002600   0x08002600   0x00000002   Code   RO          808    i.SVC_Handler       stm32f10x_it.o
    0x08002602   0x08002602   0x00000008   Code   RO          902    i.SetSysClock       system_stm32f10x.o
    0x0800260a   0x0800260a   0x00000002   PAD
    0x0800260c   0x0800260c   0x000000e0   Code   RO          903    i.SetSysClockTo72   system_stm32f10x.o
    0x080026ec   0x080026ec   0x00000028   Code   RO          940    i.SysTick_CLKSourceConfig  misc.o
    0x08002714   0x08002714   0x00000002   Code   RO          809    i.SysTick_Handler   stm32f10x_it.o
    0x08002716   0x08002716   0x00000002   PAD
    0x08002718   0x08002718   0x0000003c   Code   RO          862    i.SysTick_init      utils.o
    0x08002754   0x08002754   0x00000060   Code   RO          905    i.SystemInit        system_stm32f10x.o
    0x080027b4   0x080027b4   0x00000020   Code   RO          647    i.TIM2_IRQHandler   main.o
    0x080027d4   0x080027d4   0x00000024   Code   RO          648    i.TIM3_IRQHandler   main.o
    0x080027f8   0x080027f8   0x00000090   Code   RO          289    i.TIMER_init        timer.o
    0x08002888   0x08002888   0x00000006   Code   RO         1304    i.TIM_ClearITPendingBit  stm32f10x_tim.o
    0x0800288e   0x0800288e   0x00000018   Code   RO         1309    i.TIM_Cmd           stm32f10x_tim.o
    0x080028a6   0x080028a6   0x00000022   Code   RO         1330    i.TIM_GetITStatus   stm32f10x_tim.o
    0x080028c8   0x080028c8   0x00000012   Code   RO         1334    i.TIM_ITConfig      stm32f10x_tim.o
    0x080028da   0x080028da   0x00000002   PAD
    0x080028dc   0x080028dc   0x000000a4   Code   RO         1380    i.TIM_TimeBaseInit  stm32f10x_tim.o
    0x08002980   0x08002980   0x00000094   Code   RO          649    i.USART1_IRQHandler  main.o
    0x08002a14   0x08002a14   0x000000c0   Code   RO          304    i.USART1_init       usart.o
    0x08002ad4   0x08002ad4   0x00000094   Code   RO          650    i.USART3_IRQHandler  main.o
    0x08002b68   0x08002b68   0x000000c0   Code   RO          306    i.USART3_init       usart.o
    0x08002c28   0x08002c28   0x0000001e   Code   RO         1896    i.USART_ClearITPendingBit  stm32f10x_usart.o
    0x08002c46   0x08002c46   0x00000018   Code   RO         1899    i.USART_Cmd         stm32f10x_usart.o
    0x08002c5e   0x08002c5e   0x0000001a   Code   RO         1902    i.USART_GetFlagStatus  stm32f10x_usart.o
    0x08002c78   0x08002c78   0x00000054   Code   RO         1903    i.USART_GetITStatus  stm32f10x_usart.o
    0x08002ccc   0x08002ccc   0x0000004a   Code   RO         1905    i.USART_ITConfig    stm32f10x_usart.o
    0x08002d16   0x08002d16   0x00000002   PAD
    0x08002d18   0x08002d18   0x000000d8   Code   RO         1906    i.USART_Init        stm32f10x_usart.o
    0x08002df0   0x08002df0   0x0000000a   Code   RO         1913    i.USART_ReceiveData  stm32f10x_usart.o
    0x08002dfa   0x08002dfa   0x00000008   Code   RO         1916    i.USART_SendData    stm32f10x_usart.o
    0x08002e02   0x08002e02   0x00000004   Code   RO          810    i.UsageFault_Handler  stm32f10x_it.o
    0x08002e06   0x08002e06   0x00000022   Code   RO          355    i.WaitEvent         iic.o
    0x08002e28   0x08002e28   0x00000098   Code   RO          613    i._MKEY_whichLTrue  matrix_key.o
    0x08002ec0   0x08002ec0   0x000000a0   Code   RO          443    i._OLED_showChar    oled.o
    0x08002f60   0x08002f60   0x0000000c   Code   RO          444    i._OLED_writeCmd    oled.o
    0x08002f6c   0x08002f6c   0x0000000c   Code   RO          445    i._OLED_writeData_ECC  oled.o
    0x08002f78   0x08002f78   0x00000024   Code   RO          170    i._OW_input         one_write.o
    0x08002f9c   0x08002f9c   0x00000024   Code   RO          171    i._OW_output        one_write.o
    0x08002fc0   0x08002fc0   0x00000020   Code   RO         2749    i.__0printf         mc_w.l(printfa.o)
    0x08002fe0   0x08002fe0   0x00000028   Code   RO         2751    i.__0sprintf        mc_w.l(printfa.o)
    0x08003008   0x08003008   0x0000000e   Code   RO         2858    i.__scatterload_copy  mc_w.l(handlers.o)
    0x08003016   0x08003016   0x00000002   Code   RO         2859    i.__scatterload_null  mc_w.l(handlers.o)
    0x08003018   0x08003018   0x0000000e   Code   RO         2860    i.__scatterload_zeroinit  mc_w.l(handlers.o)
    0x08003026   0x08003026   0x00000002   PAD
    0x08003028   0x08003028   0x00000184   Code   RO         2756    i._fp_digits        mc_w.l(printfa.o)
    0x080031ac   0x080031ac   0x000006b4   Code   RO         2757    i._printf_core      mc_w.l(printfa.o)
    0x08003860   0x08003860   0x00000024   Code   RO         2758    i._printf_post_padding  mc_w.l(printfa.o)
    0x08003884   0x08003884   0x0000002e   Code   RO         2759    i._printf_pre_padding  mc_w.l(printfa.o)
    0x080038b2   0x080038b2   0x00000002   PAD
    0x080038b4   0x080038b4   0x00000044   Code   RO          172    i._readBit          one_write.o
    0x080038f8   0x080038f8   0x0000000a   Code   RO         2761    i._sputc            mc_w.l(printfa.o)
    0x08003902   0x08003902   0x00000002   PAD
    0x08003904   0x08003904   0x00000054   Code   RO          863    i.delayMs           utils.o
    0x08003958   0x08003958   0x0000004c   Code   RO          864    i.delayUs           utils.o
    0x080039a4   0x080039a4   0x00000074   Code   RO          307    i.fputc             usart.o
    0x08003a18   0x08003a18   0x00000100   Code   RO          544    i.getDateFromStamp  rtc.o
    0x08003b18   0x08003b18   0x0000013c   Code   RO          545    i.getDateStampDiff  rtc.o
    0x08003c54   0x08003c54   0x0000002c   Code   RO          546    i.getLeapYears      rtc.o
    0x08003c80   0x08003c80   0x00000020   Code   RO          547    i.getMonthDay       rtc.o
    0x08003ca0   0x08003ca0   0x00000074   Code   RO          548    i.getWeek           rtc.o
    0x08003d14   0x08003d14   0x00000032   Code   RO          549    i.isLeapYear        rtc.o
    0x08003d46   0x08003d46   0x00000002   PAD
    0x08003d48   0x08003d48   0x000001cc   Code   RO          651    i.main              main.o
    0x08003f14   0x08003f14   0x000007fd   Data   RO          446    .constdata          oled.o
    0x08004711   0x08004711   0x00000003   PAD
    0x08004714   0x08004714   0x00000019   Data   RO          550    .constdata          rtc.o
    0x0800472d   0x0800472d   0x00000040   Data   RO         2854    .constdata          mc_w.l(ctype_c.o)
    0x0800476d   0x0800476d   0x00000003   PAD
    0x08004770   0x08004770   0x00000020   Data   RO         2856    Region$$Table       anon$$obj.o


    Execution Region RW_IRAM1 (Exec base: 0x20000000, Load base: 0x08004790, Size: 0x00000568, Max: 0x00005000, ABSOLUTE)

    Exec Addr    Load Addr    Size         Type   Attr      Idx    E Section Name        Object

    0x20000000   0x08004790   0x00000032   Data   RW          222    .data               smg.o
    0x20000032   0x080047c2   0x00000001   Data   RW          308    .data               usart.o
    0x20000033   0x080047c3   0x00000001   PAD
    0x20000034   0x080047c4   0x0000000c   Data   RW          551    .data               rtc.o
    0x20000040   0x080047d0   0x0000000a   Data   RW          653    .data               main.o
    0x2000004a   0x080047da   0x00000004   Data   RW          865    .data               utils.o
    0x2000004e   0x080047de   0x00000014   Data   RW         1125    .data               stm32f10x_rcc.o
    0x20000062   0x080047f2   0x00000002   PAD
    0x20000064   0x080047f4   0x00000004   Data   RW         2821    .data               mc_w.l(stdout.o)
    0x20000068        -       0x00000100   Zero   RW          652    .bss                main.o
    0x20000168        -       0x00000400   Zero   RW          972    STACK               startup_stm32f10x_md.o


==============================================================================

Image component sizes


      Code (inc. data)   RO Data    RW Data    ZI Data      Debug   Object Name

        84         16          0          0          0     260329   beep.o
         0          0          0          0          0         32   core_cm3.o
        72          0          0          0          0        953   ds18b20.o
       148         28          0          0          0        999   esp8266.o
       250         28          0          0          0       2002   iic.o
      2352        482          0         10        256     211657   main.o
       364         18          0          0          0       1603   matrix_key.o
       172         22          0          0          0       2253   misc.o
       766         14       2045          0          0       5531   oled.o
       438         46          0          0          0       3534   one_write.o
      1128         34         25         12          0       6954   rtc.o
       464         96          0         50          0       6055   smg.o
        36          0          0          0          0       1378   ssd1306.o
        36          8        236          0       1024        792   startup_stm32f10x_md.o
        72         10          0          0          0       2888   stm32f10x_bkp.o
       434          6          0          0          0       4085   stm32f10x_gpio.o
       372         14          0          0          0       6150   stm32f10x_i2c.o
        26          0          0          0          0       3618   stm32f10x_it.o
        12          6          0          0          0        526   stm32f10x_pwr.o
       428         58          0         20          0       7418   stm32f10x_rcc.o
       260         48          0          0          0       5292   stm32f10x_rtc.o
       246         42          0          0          0       3778   stm32f10x_tim.o
       472          6          0          0          0       7071   stm32f10x_usart.o
       328         28          0          0          0       1881   system_stm32f10x.o
       144          8          0          0          0       1065   timer.o
       500         32          0          1          0       3824   usart.o
       220         18          0          4          0       1623   utils.o

    ----------------------------------------------------------------------
      9852       1068       2341        100       1280     553291   Object Totals
         0          0         32          0          0          0   (incl. Generated)
        28          0          3          3          0          0   (incl. Padding)

    ----------------------------------------------------------------------

      Code (inc. data)   RO Data    RW Data    ZI Data      Debug   Library Member Name

        56          8          0          0          0         84   __0sscanf.o
        28          0          0          0          0         68   _chval.o
       816          6          0          0          0        112   _scanf.o
       332          0          0          0          0         96   _scanf_int.o
       224          0          0          0          0         96   _scanf_str.o
        64          0          0          0          0         84   _sgetc.o
        40          6         64          0          0         68   ctype_c.o
         0          0          0          0          0          0   entry.o
         0          0          0          0          0          0   entry10a.o
         0          0          0          0          0          0   entry11a.o
         4          0          0          0          0          0   entry12b.o
         8          4          0          0          0          0   entry2.o
         4          0          0          0          0          0   entry5.o
         0          0          0          0          0          0   entry7b.o
         0          0          0          0          0          0   entry8b.o
         8          4          0          0          0          0   entry9a.o
        30          0          0          0          0          0   handlers.o
        36          8          0          0          0         68   init.o
        10          0          0          0          0         68   isspace_c.o
         0          0          0          0          0          0   iusefp.o
        30          0          0          0          0         68   llshl.o
        36          0          0          0          0         68   llsshr.o
        32          0          0          0          0         68   llushr.o
        36          0          0          0          0        108   memseta.o
      2268         96          0          0          0        616   printfa.o
        40          8          0          0          0         84   scanf_char.o
         0          0          0          4          0          0   stdout.o
        14          0          0          0          0         68   strlen.o
        36          0          0          0          0         80   strstr.o
        44          0          0          0          0         80   uidiv.o
        98          0          0          0          0         92   uldiv.o
        48          0          0          0          0         68   cdrcmple.o
        56          0          0          0          0         88   d2f.o
       334          0          0          0          0        148   dadd.o
       222          0          0          0          0        100   ddiv.o
       186          0          0          0          0        176   depilogue.o
        48          0          0          0          0         68   dfixul.o
        26          0          0          0          0         76   dfltui.o
       228          0          0          0          0         96   dmul.o
        38          0          0          0          0         68   f2d.o
       176          0          0          0          0        140   fadd.o
       124          0          0          0          0         88   fdiv.o
       110          0          0          0          0        168   fepilogue.o
        40          0          0          0          0         68   ffixui.o
        18          0          0          0          0         68   fflti.o
       100          0          0          0          0         76   fmul.o

    ----------------------------------------------------------------------
      6060        140         67          4          0       3572   Library Totals
        12          0          3          0          0          0   (incl. Padding)

    ----------------------------------------------------------------------

      Code (inc. data)   RO Data    RW Data    ZI Data      Debug   Library Name

      4294        140         64          4          0       2076   mc_w.l
      1754          0          0          0          0       1496   mf_w.l

    ----------------------------------------------------------------------
      6060        140         67          4          0       3572   Library Totals

    ----------------------------------------------------------------------

==============================================================================


      Code (inc. data)   RO Data    RW Data    ZI Data      Debug   

     15912       1208       2408        104       1280     548435   Grand Totals
     15912       1208       2408        104       1280     548435   ELF Image Totals
     15912       1208       2408        104          0          0   ROM Totals

==============================================================================

    Total RO  Size (Code + RO Data)                18320 (  17.89kB)
    Total RW  Size (RW Data + ZI Data)              1384 (   1.35kB)
    Total ROM Size (Code + RO Data + RW Data)      18424 (  17.99kB)

==============================================================================

