<html>
<body>
<pre>
<h1>µVision Build Log</h1>
<h2>Tool Versions:</h2>
IDE-Version: ¦ÌVision V5.40.0.0
Copyright (C) 2024 ARM Ltd and ARM Germany GmbH. All rights reserved.
License Information: Humid1ch Dxyt, Nothing, LIC=D0D7S-LEY92-FW32N-YW4CJ-Z2PWD-GKLK4
 
Tool Versions:
Toolchain:       MDK-ARM Plus  Version: 5.40.0.3
Toolchain Path:  C:\Keil_v5\ARM\ARMCC\Bin
C Compiler:      Armcc.exe V5.06 update 7 (build 960)
Assembler:       Armasm.exe V5.06 update 7 (build 960)
Linker/Locator:  ArmLink.exe V5.06 update 7 (build 960)
Library Manager: ArmAr.exe V5.06 update 7 (build 960)
Hex Converter:   FromElf.exe V5.06 update 7 (build 960)
CPU DLL:         SARMCM3.DLL V5.40.0.3
Dialog DLL:      DCM.DLL V1.17.5.0
Target DLL:      UL2CM3.DLL V1.164.11.0
Dialog DLL:      TCM.DLL V1.56.4.0
 
<h2>Project:</h2>
C:\Users\Humid1ch\gitCode\codeRecords\KeilProject\STM32\TEMP_MONITOR_SYS\temp_monitor_sys.uvprojx
Project File Date:  11/06/2024

<h2>Output:</h2>
*** Using Compiler 'V5.06 update 7 (build 960)', folder: 'C:\Keil_v5\ARM\ARMCC\Bin'
Rebuild target 'Target 1'
assembling startup_stm32f10x_md.s...
compiling ds18b20.c...
compiling core_cm3.c...
compiling main.c...
compiling esp8266.c...
compiling misc.c...
compiling one_write.c...
compiling system_stm32f10x.c...
compiling beep.c...
compiling utils.c...
compiling smg.c...
compiling stm32f10x_it.c...
compiling usart.c...
compiling timer.c...
compiling skey.c...
compiling stm32f10x_gpio.c...
compiling stm32f10x_exti.c...
compiling heap_4.c...
compiling stm32f10x_rcc.c...
compiling croutine.c...
compiling port.c...
compiling list.c...
compiling event_groups.c...
compiling stm32f10x_usart.c...
compiling timers.c...
compiling queue.c...
compiling stream_buffer.c...
compiling stm32f10x_tim.c...
compiling tasks.c...
linking...
Program Size: Code=7184 RO-data=268 RW-data=164 ZI-data=12020  
FromELF: creating hex file...
".\Objects\temp_monitor_sys.axf" - 0 Error(s), 0 Warning(s).

<h2>Software Packages used:</h2>

Package Vendor: Keil
                https://www.keil.com/pack/Keil.STM32F1xx_DFP.2.4.1.pack
                Keil::STM32F1xx_DFP@2.4.1
                STMicroelectronics STM32F1 Series Device Support, Drivers and Examples

<h2>Collection of Component include folders:</h2>
  C:/Keil_v5/ARM/Packs/Keil/STM32F1xx_DFP/2.4.1/Device/Include

<h2>Collection of Component Files used:</h2>
Build Time Elapsed:  00:00:01
</pre>
</body>
</html>
