C51 COMPILER V9.60.7.0   SMG                                                               10/14/2024 11:15:03 PAGE 1   


C51 COMPILER V9.60.7.0, COMPILATION OF MODULE SMG
OBJECT MODULE PLACED IN .\Objects\smg.obj
COMPILER INVOKED BY: C:\Keil_v5\C51\BIN\C51.EXE Apps\smg.c OPTIMIZE(8,SPEED) BROWSE INCDIR(.\Utils;.\Apps) DEBUG OBJECTE
                    -XTEND PRINT(.\Listings\smg.lst) OBJECT(.\Objects\smg.obj)

line level    source

   1          #include "smg.h"
   2          #include "reg52.h"
   3          
   4          // 3->8译码器的三个引脚
   5          // 板子上 右边数码管的是较小值
   6          sbit SMG_22 = P2 ^ 2;
   7          sbit SMG_23 = P2 ^ 3;
   8          sbit SMG_24 = P2 ^ 4;
   9          
  10          // 8个 1位数码管选择函数
  11          void SMG1() {
  12   1          SMG_24 = 1;
  13   1          SMG_23 = 1;
  14   1          SMG_22 = 1;
  15   1      }
  16          void SMG2() {
  17   1          SMG_24 = 1;
  18   1          SMG_23 = 1;
  19   1          SMG_22 = 0;
  20   1      }
  21          void SMG3() {
  22   1          SMG_24 = 1;
  23   1          SMG_23 = 0;
  24   1          SMG_22 = 1;
  25   1      }
  26          void SMG4() {
  27   1          SMG_24 = 1;
  28   1          SMG_23 = 0;
  29   1          SMG_22 = 0;
  30   1      }
  31          void SMG5() {
  32   1          SMG_24 = 0;
  33   1          SMG_23 = 1;
  34   1          SMG_22 = 1;
  35   1      }
  36          void SMG6() {
  37   1          SMG_24 = 0;
  38   1          SMG_23 = 1;
  39   1          SMG_22 = 0;
  40   1      }
  41          void SMG7() {
  42   1          SMG_24 = 0;
  43   1          SMG_23 = 0;
  44   1          SMG_22 = 1;
  45   1      }
  46          void SMG8() {
  47   1          SMG_24 = 0;
  48   1          SMG_23 = 0;
  49   1          SMG_22 = 0;
  50   1      }
  51          
  52          // 数码管选择函数 数组
  53          smgSelFunc smgFuncs[] = {SMG1, SMG2, SMG3, SMG4, SMG5, SMG6, SMG7, SMG8};
  54          
C51 COMPILER V9.60.7.0   SMG                                                               10/14/2024 11:15:03 PAGE 2   

  55          // 板子使用 共阴数码管, 各引脚给高电平点亮边
  56          // a b c d e f g dp  低->高
  57          // dp g f e d c b a
  58          // 0 1 2 3 4 5 6 7 8 9 A B C D E F . 空
  59          unsigned char smgNum[] = {0x3F, 0x06, 0x5B, 0x4F, 0x66, 0x6D, 0x7D, 0x07, 0x7F, 0x6F, 0x77, 0x7C, 0x39, 0x
             -5E, 0x79, 0x71, 0x80, 0x00};
  60          
  61          void SMG_Init() {}
  62          
  63          void SMG_Display(const u8* smgCode) {
  64   1          u8 i = 0;
  65   1          u8* cur = smgCode;
  66   1      
  67   1          while (*cur != '\0') {
  68   2              smgFuncs[i++]();
  69   2              SMG = *cur;
  70   2              delayMs();
  71   2              SMG = 0x00;
  72   2              cur++;
  73   2          }
  74   1      }


MODULE INFORMATION:   STATIC OVERLAYABLE
   CODE SIZE        =    128    ----
   CONSTANT SIZE    =   ----    ----
   XDATA SIZE       =   ----    ----
   PDATA SIZE       =   ----    ----
   DATA SIZE        =     42       4
   IDATA SIZE       =   ----    ----
   BIT SIZE         =   ----    ----
END OF MODULE INFORMATION.


C51 COMPILATION COMPLETE.  0 WARNING(S),  0 ERROR(S)
